Archive member included to satisfy reference by file (symbol)

d:/stm32cubeide_1.10.1/stm32cubeide/plugins/com.st.stm32cube.ide.mcu.externaltools.gnu-tools-for-stm32.10.3-2021.10.win32_1.0.0.202111181127/tools/bin/../lib/gcc/arm-none-eabi/10.3.1/../../../../arm-none-eabi/lib/thumb/v7-m/nofp\libc_nano.a(lib_a-errno.o)
                              ./Core/Src/syscalls.o (__errno)
d:/stm32cubeide_1.10.1/stm32cubeide/plugins/com.st.stm32cube.ide.mcu.externaltools.gnu-tools-for-stm32.10.3-2021.10.win32_1.0.0.202111181127/tools/bin/../lib/gcc/arm-none-eabi/10.3.1/../../../../arm-none-eabi/lib/thumb/v7-m/nofp\libc_nano.a(lib_a-exit.o)
                              d:/stm32cubeide_1.10.1/stm32cubeide/plugins/com.st.stm32cube.ide.mcu.externaltools.gnu-tools-for-stm32.10.3-2021.10.win32_1.0.0.202111181127/tools/bin/../lib/gcc/arm-none-eabi/10.3.1/../../../../arm-none-eabi/lib/thumb/v7-m/nofp/crt0.o (exit)
d:/stm32cubeide_1.10.1/stm32cubeide/plugins/com.st.stm32cube.ide.mcu.externaltools.gnu-tools-for-stm32.10.3-2021.10.win32_1.0.0.202111181127/tools/bin/../lib/gcc/arm-none-eabi/10.3.1/../../../../arm-none-eabi/lib/thumb/v7-m/nofp\libc_nano.a(lib_a-impure.o)
                              d:/stm32cubeide_1.10.1/stm32cubeide/plugins/com.st.stm32cube.ide.mcu.externaltools.gnu-tools-for-stm32.10.3-2021.10.win32_1.0.0.202111181127/tools/bin/../lib/gcc/arm-none-eabi/10.3.1/../../../../arm-none-eabi/lib/thumb/v7-m/nofp\libc_nano.a(lib_a-exit.o) (_global_impure_ptr)
d:/stm32cubeide_1.10.1/stm32cubeide/plugins/com.st.stm32cube.ide.mcu.externaltools.gnu-tools-for-stm32.10.3-2021.10.win32_1.0.0.202111181127/tools/bin/../lib/gcc/arm-none-eabi/10.3.1/../../../../arm-none-eabi/lib/thumb/v7-m/nofp\libc_nano.a(lib_a-init.o)
                              d:/stm32cubeide_1.10.1/stm32cubeide/plugins/com.st.stm32cube.ide.mcu.externaltools.gnu-tools-for-stm32.10.3-2021.10.win32_1.0.0.202111181127/tools/bin/../lib/gcc/arm-none-eabi/10.3.1/../../../../arm-none-eabi/lib/thumb/v7-m/nofp/crt0.o (__libc_init_array)
d:/stm32cubeide_1.10.1/stm32cubeide/plugins/com.st.stm32cube.ide.mcu.externaltools.gnu-tools-for-stm32.10.3-2021.10.win32_1.0.0.202111181127/tools/bin/../lib/gcc/arm-none-eabi/10.3.1/../../../../arm-none-eabi/lib/thumb/v7-m/nofp\libc_nano.a(lib_a-memset.o)
                              d:/stm32cubeide_1.10.1/stm32cubeide/plugins/com.st.stm32cube.ide.mcu.externaltools.gnu-tools-for-stm32.10.3-2021.10.win32_1.0.0.202111181127/tools/bin/../lib/gcc/arm-none-eabi/10.3.1/../../../../arm-none-eabi/lib/thumb/v7-m/nofp/crt0.o (memset)

Discarded input sections

 .text          0x0000000000000000        0x0 d:/stm32cubeide_1.10.1/stm32cubeide/plugins/com.st.stm32cube.ide.mcu.externaltools.gnu-tools-for-stm32.10.3-2021.10.win32_1.0.0.202111181127/tools/bin/../lib/gcc/arm-none-eabi/10.3.1/thumb/v7-m/nofp/crti.o
 .data          0x0000000000000000        0x0 d:/stm32cubeide_1.10.1/stm32cubeide/plugins/com.st.stm32cube.ide.mcu.externaltools.gnu-tools-for-stm32.10.3-2021.10.win32_1.0.0.202111181127/tools/bin/../lib/gcc/arm-none-eabi/10.3.1/thumb/v7-m/nofp/crti.o
 .bss           0x0000000000000000        0x0 d:/stm32cubeide_1.10.1/stm32cubeide/plugins/com.st.stm32cube.ide.mcu.externaltools.gnu-tools-for-stm32.10.3-2021.10.win32_1.0.0.202111181127/tools/bin/../lib/gcc/arm-none-eabi/10.3.1/thumb/v7-m/nofp/crti.o
 .data          0x0000000000000000        0x4 d:/stm32cubeide_1.10.1/stm32cubeide/plugins/com.st.stm32cube.ide.mcu.externaltools.gnu-tools-for-stm32.10.3-2021.10.win32_1.0.0.202111181127/tools/bin/../lib/gcc/arm-none-eabi/10.3.1/thumb/v7-m/nofp/crtbegin.o
 .rodata        0x0000000000000000       0x24 d:/stm32cubeide_1.10.1/stm32cubeide/plugins/com.st.stm32cube.ide.mcu.externaltools.gnu-tools-for-stm32.10.3-2021.10.win32_1.0.0.202111181127/tools/bin/../lib/gcc/arm-none-eabi/10.3.1/thumb/v7-m/nofp/crtbegin.o
 .text          0x0000000000000000       0x7c d:/stm32cubeide_1.10.1/stm32cubeide/plugins/com.st.stm32cube.ide.mcu.externaltools.gnu-tools-for-stm32.10.3-2021.10.win32_1.0.0.202111181127/tools/bin/../lib/gcc/arm-none-eabi/10.3.1/../../../../arm-none-eabi/lib/thumb/v7-m/nofp/crt0.o
 .data          0x0000000000000000        0x0 d:/stm32cubeide_1.10.1/stm32cubeide/plugins/com.st.stm32cube.ide.mcu.externaltools.gnu-tools-for-stm32.10.3-2021.10.win32_1.0.0.202111181127/tools/bin/../lib/gcc/arm-none-eabi/10.3.1/../../../../arm-none-eabi/lib/thumb/v7-m/nofp/crt0.o
 .bss           0x0000000000000000        0x0 d:/stm32cubeide_1.10.1/stm32cubeide/plugins/com.st.stm32cube.ide.mcu.externaltools.gnu-tools-for-stm32.10.3-2021.10.win32_1.0.0.202111181127/tools/bin/../lib/gcc/arm-none-eabi/10.3.1/../../../../arm-none-eabi/lib/thumb/v7-m/nofp/crt0.o
 .ARM.extab     0x0000000000000000        0x0 d:/stm32cubeide_1.10.1/stm32cubeide/plugins/com.st.stm32cube.ide.mcu.externaltools.gnu-tools-for-stm32.10.3-2021.10.win32_1.0.0.202111181127/tools/bin/../lib/gcc/arm-none-eabi/10.3.1/../../../../arm-none-eabi/lib/thumb/v7-m/nofp/crt0.o
[...]
Memory Configuration

Name             Origin             Length             Attributes
RAM              0x0000000020000000 0x0000000000005000 xrw
FLASH            0x0000000008000000 0x0000000000020000 xr
*default*        0x0000000000000000 0xffffffffffffffff

Linker script and memory map

LOAD d:/stm32cubeide_1.10.1/stm32cubeide/plugins/com.st.stm32cube.ide.mcu.externaltools.gnu-tools-for-stm32.10.3-2021.10.win32_1.0.0.202111181127/tools/bin/../lib/gcc/arm-none-eabi/10.3.1/thumb/v7-m/nofp/crti.o
LOAD d:/stm32cubeide_1.10.1/stm32cubeide/plugins/com.st.stm32cube.ide.mcu.externaltools.gnu-tools-for-stm32.10.3-2021.10.win32_1.0.0.202111181127/tools/bin/../lib/gcc/arm-none-eabi/10.3.1/thumb/v7-m/nofp/crtbegin.o
LOAD d:/stm32cubeide_1.10.1/stm32cubeide/plugins/com.st.stm32cube.ide.mcu.externaltools.gnu-tools-for-stm32.10.3-2021.10.win32_1.0.0.202111181127/tools/bin/../lib/gcc/arm-none-eabi/10.3.1/../../../../arm-none-eabi/lib/thumb/v7-m/nofp/crt0.o
LOAD ./Core/Src/custom_key.o
LOAD ./Core/Src/main.o
LOAD ./Core/Src/stm32f1xx_hal_msp.o
LOAD ./Core/Src/stm32f1xx_it.o
LOAD ./Core/Src/syscalls.o
LOAD ./Core/Src/sysmem.o
LOAD ./Core/Src/system_stm32f1xx.o
LOAD ./Core/Startup/startup_stm32f103cbtx.o
LOAD ./Drivers/STM32F1xx_HAL_Driver/Src/stm32f1xx_hal.o
LOAD ./Drivers/STM32F1xx_HAL_Driver/Src/stm32f1xx_hal_cortex.o
LOAD ./Drivers/STM32F1xx_HAL_Driver/Src/stm32f1xx_hal_dma.o
LOAD ./Drivers/STM32F1xx_HAL_Driver/Src/stm32f1xx_hal_exti.o
LOAD ./Drivers/STM32F1xx_HAL_Driver/Src/stm32f1xx_hal_flash.o
LOAD ./Drivers/STM32F1xx_HAL_Driver/Src/stm32f1xx_hal_flash_ex.o
LOAD ./Drivers/STM32F1xx_HAL_Driver/Src/stm32f1xx_hal_gpio.o
LOAD ./Drivers/STM32F1xx_HAL_Driver/Src/stm32f1xx_hal_gpio_ex.o
LOAD ./Drivers/STM32F1xx_HAL_Driver/Src/stm32f1xx_hal_pcd.o
LOAD ./Drivers/STM32F1xx_HAL_Driver/Src/stm32f1xx_hal_pcd_ex.o
LOAD ./Drivers/STM32F1xx_HAL_Driver/Src/stm32f1xx_hal_pwr.o
LOAD ./Drivers/STM32F1xx_HAL_Driver/Src/stm32f1xx_hal_rcc.o
LOAD ./Drivers/STM32F1xx_HAL_Driver/Src/stm32f1xx_hal_rcc_ex.o
LOAD ./Drivers/STM32F1xx_HAL_Driver/Src/stm32f1xx_hal_tim.o
LOAD ./Drivers/STM32F1xx_HAL_Driver/Src/stm32f1xx_hal_tim_ex.o
LOAD ./Drivers/STM32F1xx_HAL_Driver/Src/stm32f1xx_ll_usb.o
LOAD ./Middlewares/ST/STM32_USB_Device_Library/Class/HID/Src/usbd_hid.o
LOAD ./Middlewares/ST/STM32_USB_Device_Library/Core/Src/usbd_core.o
LOAD ./Middlewares/ST/STM32_USB_Device_Library/Core/Src/usbd_ctlreq.o
LOAD ./Middlewares/ST/STM32_USB_Device_Library/Core/Src/usbd_ioreq.o
LOAD ./USB_DEVICE/App/usb_device.o
LOAD ./USB_DEVICE/App/usbd_desc.o
LOAD ./USB_DEVICE/Target/usbd_conf.o
START GROUP
LOAD d:/stm32cubeide_1.10.1/stm32cubeide/plugins/com.st.stm32cube.ide.mcu.externaltools.gnu-tools-for-stm32.10.3-2021.10.win32_1.0.0.202111181127/tools/bin/../lib/gcc/arm-none-eabi/10.3.1/../../../../arm-none-eabi/lib/thumb/v7-m/nofp\libc_nano.a
LOAD d:/stm32cubeide_1.10.1/stm32cubeide/plugins/com.st.stm32cube.ide.mcu.externaltools.gnu-tools-for-stm32.10.3-2021.10.win32_1.0.0.202111181127/tools/bin/../lib/gcc/arm-none-eabi/10.3.1/../../../../arm-none-eabi/lib/thumb/v7-m/nofp\libm.a
END GROUP
START GROUP
LOAD d:/stm32cubeide_1.10.1/stm32cubeide/plugins/com.st.stm32cube.ide.mcu.externaltools.gnu-tools-for-stm32.10.3-2021.10.win32_1.0.0.202111181127/tools/bin/../lib/gcc/arm-none-eabi/10.3.1/thumb/v7-m/nofp\libgcc.a
LOAD d:/stm32cubeide_1.10.1/stm32cubeide/plugins/com.st.stm32cube.ide.mcu.externaltools.gnu-tools-for-stm32.10.3-2021.10.win32_1.0.0.202111181127/tools/bin/../lib/gcc/arm-none-eabi/10.3.1/../../../../arm-none-eabi/lib/thumb/v7-m/nofp\libc_nano.a
END GROUP
START GROUP
LOAD d:/stm32cubeide_1.10.1/stm32cubeide/plugins/com.st.stm32cube.ide.mcu.externaltools.gnu-tools-for-stm32.10.3-2021.10.win32_1.0.0.202111181127/tools/bin/../lib/gcc/arm-none-eabi/10.3.1/thumb/v7-m/nofp\libgcc.a
LOAD d:/stm32cubeide_1.10.1/stm32cubeide/plugins/com.st.stm32cube.ide.mcu.externaltools.gnu-tools-for-stm32.10.3-2021.10.win32_1.0.0.202111181127/tools/bin/../lib/gcc/arm-none-eabi/10.3.1/../../../../arm-none-eabi/lib/thumb/v7-m/nofp\libc_nano.a
LOAD d:/stm32cubeide_1.10.1/stm32cubeide/plugins/com.st.stm32cube.ide.mcu.externaltools.gnu-tools-for-stm32.10.3-2021.10.win32_1.0.0.202111181127/tools/bin/../lib/gcc/arm-none-eabi/10.3.1/../../../../arm-none-eabi/lib/thumb/v7-m/nofp\libnosys.a
END GROUP
START GROUP
LOAD d:/stm32cubeide_1.10.1/stm32cubeide/plugins/com.st.stm32cube.ide.mcu.externaltools.gnu-tools-for-stm32.10.3-2021.10.win32_1.0.0.202111181127/tools/bin/../lib/gcc/arm-none-eabi/10.3.1/thumb/v7-m/nofp\libgcc.a
LOAD d:/stm32cubeide_1.10.1/stm32cubeide/plugins/com.st.stm32cube.ide.mcu.externaltools.gnu-tools-for-stm32.10.3-2021.10.win32_1.0.0.202111181127/tools/bin/../lib/gcc/arm-none-eabi/10.3.1/../../../../arm-none-eabi/lib/thumb/v7-m/nofp\libc_nano.a
LOAD d:/stm32cubeide_1.10.1/stm32cubeide/plugins/com.st.stm32cube.ide.mcu.externaltools.gnu-tools-for-stm32.10.3-2021.10.win32_1.0.0.202111181127/tools/bin/../lib/gcc/arm-none-eabi/10.3.1/../../../../arm-none-eabi/lib/thumb/v7-m/nofp\libnosys.a
END GROUP
LOAD d:/stm32cubeide_1.10.1/stm32cubeide/plugins/com.st.stm32cube.ide.mcu.externaltools.gnu-tools-for-stm32.10.3-2021.10.win32_1.0.0.202111181127/tools/bin/../lib/gcc/arm-none-eabi/10.3.1/thumb/v7-m/nofp/crtend.o
LOAD d:/stm32cubeide_1.10.1/stm32cubeide/plugins/com.st.stm32cube.ide.mcu.externaltools.gnu-tools-for-stm32.10.3-2021.10.win32_1.0.0.202111181127/tools/bin/../lib/gcc/arm-none-eabi/10.3.1/thumb/v7-m/nofp/crtn.o
                0x0000000020005000                _estack = (ORIGIN (RAM) + LENGTH (RAM))
                0x0000000000000200                _Min_Heap_Size = 0x200
                0x0000000000000400                _Min_Stack_Size = 0x400

.isr_vector     0x0000000008000000      0x10c
                0x0000000008000000                . = ALIGN (0x4)
 *(.isr_vector)
 .isr_vector    0x0000000008000000      0x10c ./Core/Startup/startup_stm32f103cbtx.o
                0x0000000008000000                g_pfnVectors
                0x000000000800010c                . = ALIGN (0x4)

.text           0x000000000800010c     0x748c
                0x000000000800010c                . = ALIGN (0x4)
 *(.text)
 .text          0x000000000800010c       0x40 d:/stm32cubeide_1.10.1/stm32cubeide/plugins/com.st.stm32cube.ide.mcu.externaltools.gnu-tools-for-stm32.10.3-2021.10.win32_1.0.0.202111181127/tools/bin/../lib/gcc/arm-none-eabi/10.3.1/thumb/v7-m/nofp/crtbegin.o
 *(.text*)
 .text.get_key_report_val
                0x000000000800014c       0x68 ./Core/Src/main.o
                0x000000000800014c                get_key_report_val
 .text.main     0x00000000080001b4       0x68 ./Core/Src/main.o
                0x00000000080001b4                main
 .text.SystemClock_Config
                0x000000000800021c       0xb4 ./Core/Src/main.o
                0x000000000800021c                SystemClock_Config
 .text.MX_GPIO_Init
                0x00000000080002d0       0xd8 ./Core/Src/main.o
 .text.Error_Handler
                0x00000000080003a8        0xa ./Core/Src/main.o
                0x00000000080003a8                Error_Handler
 *fill*         0x00000000080003b2        0x2 
 .text.HAL_MspInit
                0x00000000080003b4       0x64 ./Core/Src/stm32f1xx_hal_msp.o
                0x00000000080003b4                HAL_MspInit
 .text.NMI_Handler
                0x0000000008000418        0x6 ./Core/Src/stm32f1xx_it.o
                0x0000000008000418                NMI_Handler
 .text.HardFault_Handler
                0x000000000800041e        0x6 ./Core/Src/stm32f1xx_it.o
                0x000000000800041e                HardFault_Handler
 .text.MemManage_Handler
                0x0000000008000424        0x6 ./Core/Src/stm32f1xx_it.o
                0x0000000008000424                MemManage_Handler
 .text.BusFault_Handler
                0x000000000800042a        0x6 ./Core/Src/stm32f1xx_it.o
                0x000000000800042a                BusFault_Handler
 .text.UsageFault_Handler
                0x0000000008000430        0x6 ./Core/Src/stm32f1xx_it.o
                0x0000000008000430                UsageFault_Handler
 .text.SVC_Handler
                0x0000000008000436        0xc ./Core/Src/stm32f1xx_it.o
                0x0000000008000436                SVC_Handler
 .text.DebugMon_Handler
                0x0000000008000442        0xc ./Core/Src/stm32f1xx_it.o
                0x0000000008000442                DebugMon_Handler
 .text.PendSV_Handler
                0x000000000800044e        0xc ./Core/Src/stm32f1xx_it.o
                0x000000000800044e                PendSV_Handler
 .text.SysTick_Handler
                0x000000000800045a        0xc ./Core/Src/stm32f1xx_it.o
                0x000000000800045a                SysTick_Handler
 *fill*         0x0000000008000466        0x2 
 .text.USB_LP_CAN1_RX0_IRQHandler
                0x0000000008000468       0x14 ./Core/Src/stm32f1xx_it.o
                0x0000000008000468                USB_LP_CAN1_RX0_IRQHandler
 .text.SystemInit
                0x000000000800047c        0xc ./Core/Src/system_stm32f1xx.o
                0x000000000800047c                SystemInit
 .text.Reset_Handler
                0x0000000008000488       0x48 ./Core/Startup/startup_stm32f103cbtx.o
                0x0000000008000488                Reset_Handler
 .text.Default_Handler
                0x00000000080004d0        0x2 ./Core/Startup/startup_stm32f103cbtx.o
                0x00000000080004d0                RTC_Alarm_IRQHandler
                0x00000000080004d0                EXTI2_IRQHandler
                0x00000000080004d0                TIM1_CC_IRQHandler
                0x00000000080004d0                PVD_IRQHandler
                0x00000000080004d0                EXTI3_IRQHandler
                0x00000000080004d0                EXTI0_IRQHandler
                0x00000000080004d0                I2C2_EV_IRQHandler
                0x00000000080004d0                ADC1_2_IRQHandler
                0x00000000080004d0                SPI1_IRQHandler
                0x00000000080004d0                TAMPER_IRQHandler
                0x00000000080004d0                DMA1_Channel4_IRQHandler
                0x00000000080004d0                USART3_IRQHandler
                0x00000000080004d0                RTC_IRQHandler
                0x00000000080004d0                DMA1_Channel7_IRQHandler
                0x00000000080004d0                CAN1_RX1_IRQHandler
                0x00000000080004d0                TIM4_IRQHandler
                0x00000000080004d0                I2C1_EV_IRQHandler
                0x00000000080004d0                DMA1_Channel6_IRQHandler
                0x00000000080004d0                TIM3_IRQHandler
                0x00000000080004d0                RCC_IRQHandler
                0x00000000080004d0                TIM1_TRG_COM_IRQHandler
                0x00000000080004d0                DMA1_Channel1_IRQHandler
                0x00000000080004d0                Default_Handler
                0x00000000080004d0                EXTI15_10_IRQHandler
                0x00000000080004d0                EXTI9_5_IRQHandler
                0x00000000080004d0                SPI2_IRQHandler
                0x00000000080004d0                DMA1_Channel5_IRQHandler
                0x00000000080004d0                EXTI4_IRQHandler
                0x00000000080004d0                USB_HP_CAN1_TX_IRQHandler
                0x00000000080004d0                DMA1_Channel3_IRQHandler
                0x00000000080004d0                TIM1_UP_IRQHandler
                0x00000000080004d0                WWDG_IRQHandler
                0x00000000080004d0                TIM2_IRQHandler
                0x00000000080004d0                TIM1_BRK_IRQHandler
                0x00000000080004d0                EXTI1_IRQHandler
                0x00000000080004d0                USART2_IRQHandler
                0x00000000080004d0                I2C2_ER_IRQHandler
                0x00000000080004d0                DMA1_Channel2_IRQHandler
                0x00000000080004d0                CAN1_SCE_IRQHandler
                0x00000000080004d0                FLASH_IRQHandler
                0x00000000080004d0                USART1_IRQHandler
                0x00000000080004d0                I2C1_ER_IRQHandler
                0x00000000080004d0                USBWakeUp_IRQHandler
 *fill*         0x00000000080004d2        0x2 
 .text.HAL_Init
                0x00000000080004d4       0x2c ./Drivers/STM32F1xx_HAL_Driver/Src/stm32f1xx_hal.o
                0x00000000080004d4                HAL_Init
 .text.HAL_InitTick
                0x0000000008000500       0x60 ./Drivers/STM32F1xx_HAL_Driver/Src/stm32f1xx_hal.o
                0x0000000008000500                HAL_InitTick
 .text.HAL_IncTick
                0x0000000008000560       0x24 ./Drivers/STM32F1xx_HAL_Driver/Src/stm32f1xx_hal.o
                0x0000000008000560                HAL_IncTick
 .text.HAL_GetTick
                0x0000000008000584       0x14 ./Drivers/STM32F1xx_HAL_Driver/Src/stm32f1xx_hal.o
                0x0000000008000584                HAL_GetTick
 .text.__NVIC_SetPriorityGrouping
                0x0000000008000598       0x48 ./Drivers/STM32F1xx_HAL_Driver/Src/stm32f1xx_hal_cortex.o
 .text.__NVIC_GetPriorityGrouping
                0x00000000080005e0       0x1c ./Drivers/STM32F1xx_HAL_Driver/Src/stm32f1xx_hal_cortex.o
 .text.__NVIC_EnableIRQ
                0x00000000080005fc       0x38 ./Drivers/STM32F1xx_HAL_Driver/Src/stm32f1xx_hal_cortex.o
 .text.__NVIC_SetPriority
                0x0000000008000634       0x54 ./Drivers/STM32F1xx_HAL_Driver/Src/stm32f1xx_hal_cortex.o
 .text.NVIC_EncodePriority
                0x0000000008000688       0x64 ./Drivers/STM32F1xx_HAL_Driver/Src/stm32f1xx_hal_cortex.o
 .text.SysTick_Config
                0x00000000080006ec       0x44 ./Drivers/STM32F1xx_HAL_Driver/Src/stm32f1xx_hal_cortex.o
 .text.HAL_NVIC_SetPriorityGrouping
                0x0000000008000730       0x16 ./Drivers/STM32F1xx_HAL_Driver/Src/stm32f1xx_hal_cortex.o
                0x0000000008000730                HAL_NVIC_SetPriorityGrouping
 .text.HAL_NVIC_SetPriority
                0x0000000008000746       0x38 ./Drivers/STM32F1xx_HAL_Driver/Src/stm32f1xx_hal_cortex.o
                0x0000000008000746                HAL_NVIC_SetPriority
 .text.HAL_NVIC_EnableIRQ
                0x000000000800077e       0x1c ./Drivers/STM32F1xx_HAL_Driver/Src/stm32f1xx_hal_cortex.o
                0x000000000800077e                HAL_NVIC_EnableIRQ
 .text.HAL_SYSTICK_Config
                0x000000000800079a       0x18 ./Drivers/STM32F1xx_HAL_Driver/Src/stm32f1xx_hal_cortex.o
                0x000000000800079a                HAL_SYSTICK_Config
 *fill*         0x00000000080007b2        0x2 
 .text.HAL_GPIO_Init
                0x00000000080007b4      0x308 ./Drivers/STM32F1xx_HAL_Driver/Src/stm32f1xx_hal_gpio.o
                0x00000000080007b4                HAL_GPIO_Init
 .text.HAL_GPIO_ReadPin
                0x0000000008000abc       0x2e ./Drivers/STM32F1xx_HAL_Driver/Src/stm32f1xx_hal_gpio.o
                0x0000000008000abc                HAL_GPIO_ReadPin
 .text.HAL_GPIO_WritePin
                0x0000000008000aea       0x30 ./Drivers/STM32F1xx_HAL_Driver/Src/stm32f1xx_hal_gpio.o
                0x0000000008000aea                HAL_GPIO_WritePin
 .text.HAL_PCD_Init
                0x0000000008000b1a      0x216 ./Drivers/STM32F1xx_HAL_Driver/Src/stm32f1xx_hal_pcd.o
                0x0000000008000b1a                HAL_PCD_Init
 .text.HAL_PCD_Start
                0x0000000008000d30       0x4c ./Drivers/STM32F1xx_HAL_Driver/Src/stm32f1xx_hal_pcd.o
                0x0000000008000d30                HAL_PCD_Start
 .text.HAL_PCD_IRQHandler
                0x0000000008000d7c      0x2a6 ./Drivers/STM32F1xx_HAL_Driver/Src/stm32f1xx_hal_pcd.o
                0x0000000008000d7c                HAL_PCD_IRQHandler
 .text.HAL_PCD_SetAddress
                0x0000000008001022       0x4a ./Drivers/STM32F1xx_HAL_Driver/Src/stm32f1xx_hal_pcd.o
                0x0000000008001022                HAL_PCD_SetAddress
 .text.HAL_PCD_EP_Open
                0x000000000800106c       0xcc ./Drivers/STM32F1xx_HAL_Driver/Src/stm32f1xx_hal_pcd.o
                0x000000000800106c                HAL_PCD_EP_Open
 .text.HAL_PCD_EP_Close
                0x0000000008001138       0x90 ./Drivers/STM32F1xx_HAL_Driver/Src/stm32f1xx_hal_pcd.o
                0x0000000008001138                HAL_PCD_EP_Close
 .text.HAL_PCD_EP_Receive
                0x00000000080011c8       0x7a ./Drivers/STM32F1xx_HAL_Driver/Src/stm32f1xx_hal_pcd.o
                0x00000000080011c8                HAL_PCD_EP_Receive
 .text.HAL_PCD_EP_Transmit
                0x0000000008001242       0x86 ./Drivers/STM32F1xx_HAL_Driver/Src/stm32f1xx_hal_pcd.o
                0x0000000008001242                HAL_PCD_EP_Transmit
 .text.HAL_PCD_EP_SetStall
                0x00000000080012c8       0xc0 ./Drivers/STM32F1xx_HAL_Driver/Src/stm32f1xx_hal_pcd.o
                0x00000000080012c8                HAL_PCD_EP_SetStall
 .text.HAL_PCD_EP_ClrStall
                0x0000000008001388       0xa8 ./Drivers/STM32F1xx_HAL_Driver/Src/stm32f1xx_hal_pcd.o
                0x0000000008001388                HAL_PCD_EP_ClrStall
 .text.PCD_EP_ISR_Handler
                0x0000000008001430      0x600 ./Drivers/STM32F1xx_HAL_Driver/Src/stm32f1xx_hal_pcd.o
 .text.HAL_PCD_EP_DB_Receive
                0x0000000008001a30      0x21a ./Drivers/STM32F1xx_HAL_Driver/Src/stm32f1xx_hal_pcd.o
 .text.HAL_PCD_EP_DB_Transmit
                0x0000000008001c4a      0x7a4 ./Drivers/STM32F1xx_HAL_Driver/Src/stm32f1xx_hal_pcd.o
 .text.HAL_PCDEx_PMAConfig
                0x00000000080023ee       0x84 ./Drivers/STM32F1xx_HAL_Driver/Src/stm32f1xx_hal_pcd_ex.o
                0x00000000080023ee                HAL_PCDEx_PMAConfig
 *fill*         0x0000000008002472        0x2 
 .text.HAL_RCC_OscConfig
                0x0000000008002474      0x504 ./Drivers/STM32F1xx_HAL_Driver/Src/stm32f1xx_hal_rcc.o
                0x0000000008002474                HAL_RCC_OscConfig
 .text.HAL_RCC_ClockConfig
                0x0000000008002978      0x1d4 ./Drivers/STM32F1xx_HAL_Driver/Src/stm32f1xx_hal_rcc.o
                0x0000000008002978                HAL_RCC_ClockConfig
 .text.HAL_RCC_GetSysClockFreq
                0x0000000008002b4c       0xbc ./Drivers/STM32F1xx_HAL_Driver/Src/stm32f1xx_hal_rcc.o
                0x0000000008002b4c                HAL_RCC_GetSysClockFreq
 .text.RCC_Delay
                0x0000000008002c08       0x3c ./Drivers/STM32F1xx_HAL_Driver/Src/stm32f1xx_hal_rcc.o
 .text.HAL_RCCEx_PeriphCLKConfig
                0x0000000008002c44      0x16c ./Drivers/STM32F1xx_HAL_Driver/Src/stm32f1xx_hal_rcc_ex.o
                0x0000000008002c44                HAL_RCCEx_PeriphCLKConfig
 .text.USB_CoreInit
                0x0000000008002db0       0x20 ./Drivers/STM32F1xx_HAL_Driver/Src/stm32f1xx_ll_usb.o
                0x0000000008002db0                USB_CoreInit
 .text.USB_EnableGlobalInt
                0x0000000008002dd0       0x2c ./Drivers/STM32F1xx_HAL_Driver/Src/stm32f1xx_ll_usb.o
                0x0000000008002dd0                USB_EnableGlobalInt
 .text.USB_DisableGlobalInt
                0x0000000008002dfc       0x34 ./Drivers/STM32F1xx_HAL_Driver/Src/stm32f1xx_ll_usb.o
                0x0000000008002dfc                USB_DisableGlobalInt
 .text.USB_SetCurrentMode
                0x0000000008002e30       0x18 ./Drivers/STM32F1xx_HAL_Driver/Src/stm32f1xx_ll_usb.o
                0x0000000008002e30                USB_SetCurrentMode
 .text.USB_DevInit
                0x0000000008002e48       0x40 ./Drivers/STM32F1xx_HAL_Driver/Src/stm32f1xx_ll_usb.o
                0x0000000008002e48                USB_DevInit
 .text.USB_ActivateEndpoint
                0x0000000008002e88      0x6d4 ./Drivers/STM32F1xx_HAL_Driver/Src/stm32f1xx_ll_usb.o
                0x0000000008002e88                USB_ActivateEndpoint
 .text.USB_DeactivateEndpoint
                0x000000000800355c      0x3d8 ./Drivers/STM32F1xx_HAL_Driver/Src/stm32f1xx_ll_usb.o
                0x000000000800355c                USB_DeactivateEndpoint
 .text.USB_EPStartXfer
                0x0000000008003934     0x1c70 ./Drivers/STM32F1xx_HAL_Driver/Src/stm32f1xx_ll_usb.o
                0x0000000008003934                USB_EPStartXfer
 .text.USB_EPSetStall
                0x00000000080055a4       0xa0 ./Drivers/STM32F1xx_HAL_Driver/Src/stm32f1xx_ll_usb.o
                0x00000000080055a4                USB_EPSetStall
 .text.USB_EPClearStall
                0x0000000008005644      0x15a ./Drivers/STM32F1xx_HAL_Driver/Src/stm32f1xx_ll_usb.o
                0x0000000008005644                USB_EPClearStall
 .text.USB_SetDevAddress
                0x000000000800579e       0x26 ./Drivers/STM32F1xx_HAL_Driver/Src/stm32f1xx_ll_usb.o
                0x000000000800579e                USB_SetDevAddress
 .text.USB_DevConnect
                0x00000000080057c4       0x14 ./Drivers/STM32F1xx_HAL_Driver/Src/stm32f1xx_ll_usb.o
                0x00000000080057c4                USB_DevConnect
 .text.USB_DevDisconnect
                0x00000000080057d8       0x14 ./Drivers/STM32F1xx_HAL_Driver/Src/stm32f1xx_ll_usb.o
                0x00000000080057d8                USB_DevDisconnect
 .text.USB_ReadInterrupts
                0x00000000080057ec       0x1e ./Drivers/STM32F1xx_HAL_Driver/Src/stm32f1xx_ll_usb.o
                0x00000000080057ec                USB_ReadInterrupts
 .text.USB_EP0_OutStart
                0x000000000800580a       0x16 ./Drivers/STM32F1xx_HAL_Driver/Src/stm32f1xx_ll_usb.o
                0x000000000800580a                USB_EP0_OutStart
 .text.USB_WritePMA
                0x0000000008005820       0x8a ./Drivers/STM32F1xx_HAL_Driver/Src/stm32f1xx_ll_usb.o
                0x0000000008005820                USB_WritePMA
 .text.USB_ReadPMA
                0x00000000080058aa       0x9e ./Drivers/STM32F1xx_HAL_Driver/Src/stm32f1xx_ll_usb.o
                0x00000000080058aa                USB_ReadPMA
 .text.USBD_HID_Init
                0x0000000008005948       0x4e ./Middlewares/ST/STM32_USB_Device_Library/Class/HID/Src/usbd_hid.o
 .text.USBD_HID_DeInit
                0x0000000008005996       0x42 ./Middlewares/ST/STM32_USB_Device_Library/Class/HID/Src/usbd_hid.o
 .text.USBD_HID_Setup
                0x00000000080059d8      0x1fc ./Middlewares/ST/STM32_USB_Device_Library/Class/HID/Src/usbd_hid.o
 .text.USBD_HID_SendReport
                0x0000000008005bd4       0x44 ./Middlewares/ST/STM32_USB_Device_Library/Class/HID/Src/usbd_hid.o
                0x0000000008005bd4                USBD_HID_SendReport
 .text.USBD_HID_GetFSCfgDesc
                0x0000000008005c18       0x20 ./Middlewares/ST/STM32_USB_Device_Library/Class/HID/Src/usbd_hid.o
 .text.USBD_HID_GetHSCfgDesc
                0x0000000008005c38       0x20 ./Middlewares/ST/STM32_USB_Device_Library/Class/HID/Src/usbd_hid.o
 .text.USBD_HID_GetOtherSpeedCfgDesc
                0x0000000008005c58       0x20 ./Middlewares/ST/STM32_USB_Device_Library/Class/HID/Src/usbd_hid.o
 .text.USBD_HID_DataIn
                0x0000000008005c78       0x22 ./Middlewares/ST/STM32_USB_Device_Library/Class/HID/Src/usbd_hid.o
 *fill*         0x0000000008005c9a        0x2 
 .text.USBD_HID_GetDeviceQualifierDesc
                0x0000000008005c9c       0x20 ./Middlewares/ST/STM32_USB_Device_Library/Class/HID/Src/usbd_hid.o
 .text.USBD_Init
                0x0000000008005cbc       0x56 ./Middlewares/ST/STM32_USB_Device_Library/Core/Src/usbd_core.o
                0x0000000008005cbc                USBD_Init
 .text.USBD_RegisterClass
                0x0000000008005d12       0x32 ./Middlewares/ST/STM32_USB_Device_Library/Core/Src/usbd_core.o
                0x0000000008005d12                USBD_RegisterClass
 .text.USBD_Start
                0x0000000008005d44       0x18 ./Middlewares/ST/STM32_USB_Device_Library/Core/Src/usbd_core.o
                0x0000000008005d44                USBD_Start
 .text.USBD_RunTestMode
                0x0000000008005d5c       0x14 ./Middlewares/ST/STM32_USB_Device_Library/Core/Src/usbd_core.o
                0x0000000008005d5c                USBD_RunTestMode
 .text.USBD_SetClassConfig
                0x0000000008005d70       0x3e ./Middlewares/ST/STM32_USB_Device_Library/Core/Src/usbd_core.o
                0x0000000008005d70                USBD_SetClassConfig
 .text.USBD_ClrClassConfig
                0x0000000008005dae       0x26 ./Middlewares/ST/STM32_USB_Device_Library/Core/Src/usbd_core.o
                0x0000000008005dae                USBD_ClrClassConfig
 .text.USBD_LL_SetupStage
                0x0000000008005dd4       0x9a ./Middlewares/ST/STM32_USB_Device_Library/Core/Src/usbd_core.o
                0x0000000008005dd4                USBD_LL_SetupStage
 .text.USBD_LL_DataOutStage
                0x0000000008005e6e       0xe2 ./Middlewares/ST/STM32_USB_Device_Library/Core/Src/usbd_core.o
                0x0000000008005e6e                USBD_LL_DataOutStage
 .text.USBD_LL_DataInStage
                0x0000000008005f50      0x14a ./Middlewares/ST/STM32_USB_Device_Library/Core/Src/usbd_core.o
                0x0000000008005f50                USBD_LL_DataInStage
 .text.USBD_LL_Reset
                0x000000000800609a       0x82 ./Middlewares/ST/STM32_USB_Device_Library/Core/Src/usbd_core.o
                0x000000000800609a                USBD_LL_Reset
 .text.USBD_LL_SetSpeed
                0x000000000800611c       0x1e ./Middlewares/ST/STM32_USB_Device_Library/Core/Src/usbd_core.o
                0x000000000800611c                USBD_LL_SetSpeed
 .text.USBD_LL_Suspend
                0x000000000800613a       0x28 ./Middlewares/ST/STM32_USB_Device_Library/Core/Src/usbd_core.o
                0x000000000800613a                USBD_LL_Suspend
 .text.USBD_LL_Resume
                0x0000000008006162       0x2a ./Middlewares/ST/STM32_USB_Device_Library/Core/Src/usbd_core.o
                0x0000000008006162                USBD_LL_Resume
 .text.USBD_LL_SOF
                0x000000000800618c       0x34 ./Middlewares/ST/STM32_USB_Device_Library/Core/Src/usbd_core.o
                0x000000000800618c                USBD_LL_SOF
 .text.USBD_StdDevReq
                0x00000000080061c0       0xd4 ./Middlewares/ST/STM32_USB_Device_Library/Core/Src/usbd_ctlreq.o
                0x00000000080061c0                USBD_StdDevReq
 .text.USBD_StdItfReq
                0x0000000008006294       0x90 ./Middlewares/ST/STM32_USB_Device_Library/Core/Src/usbd_ctlreq.o
                0x0000000008006294                USBD_StdItfReq
 .text.USBD_StdEPReq
                0x0000000008006324      0x2c6 ./Middlewares/ST/STM32_USB_Device_Library/Core/Src/usbd_ctlreq.o
                0x0000000008006324                USBD_StdEPReq
 *fill*         0x00000000080065ea        0x2 
 .text.USBD_GetDescriptor
                0x00000000080065ec      0x2d0 ./Middlewares/ST/STM32_USB_Device_Library/Core/Src/usbd_ctlreq.o
 .text.USBD_SetAddress
                0x00000000080068bc       0x86 ./Middlewares/ST/STM32_USB_Device_Library/Core/Src/usbd_ctlreq.o
 *fill*         0x0000000008006942        0x2 
 .text.USBD_SetConfig
                0x0000000008006944      0x11c ./Middlewares/ST/STM32_USB_Device_Library/Core/Src/usbd_ctlreq.o
 .text.USBD_GetConfig
                0x0000000008006a60       0x6a ./Middlewares/ST/STM32_USB_Device_Library/Core/Src/usbd_ctlreq.o
 .text.USBD_GetStatus
                0x0000000008006aca       0x66 ./Middlewares/ST/STM32_USB_Device_Library/Core/Src/usbd_ctlreq.o
 .text.USBD_SetFeature
                0x0000000008006b30       0x28 ./Middlewares/ST/STM32_USB_Device_Library/Core/Src/usbd_ctlreq.o
 .text.USBD_ClrFeature
                0x0000000008006b58       0x42 ./Middlewares/ST/STM32_USB_Device_Library/Core/Src/usbd_ctlreq.o
 .text.USBD_ParseSetupRequest
                0x0000000008006b9a       0x78 ./Middlewares/ST/STM32_USB_Device_Library/Core/Src/usbd_ctlreq.o
                0x0000000008006b9a                USBD_ParseSetupRequest
 .text.USBD_CtlError
                0x0000000008006c12       0x22 ./Middlewares/ST/STM32_USB_Device_Library/Core/Src/usbd_ctlreq.o
                0x0000000008006c12                USBD_CtlError
 .text.USBD_GetString
                0x0000000008006c34       0x84 ./Middlewares/ST/STM32_USB_Device_Library/Core/Src/usbd_ctlreq.o
                0x0000000008006c34                USBD_GetString
 .text.USBD_GetLen
                0x0000000008006cb8       0x2e ./Middlewares/ST/STM32_USB_Device_Library/Core/Src/usbd_ctlreq.o
 .text.USBD_CtlSendData
                0x0000000008006ce6       0x38 ./Middlewares/ST/STM32_USB_Device_Library/Core/Src/usbd_ioreq.o
                0x0000000008006ce6                USBD_CtlSendData
 .text.USBD_CtlContinueSendData
                0x0000000008006d1e       0x24 ./Middlewares/ST/STM32_USB_Device_Library/Core/Src/usbd_ioreq.o
                0x0000000008006d1e                USBD_CtlContinueSendData
 .text.USBD_CtlContinueRx
                0x0000000008006d42       0x24 ./Middlewares/ST/STM32_USB_Device_Library/Core/Src/usbd_ioreq.o
                0x0000000008006d42                USBD_CtlContinueRx
 .text.USBD_CtlSendStatus
                0x0000000008006d66       0x26 ./Middlewares/ST/STM32_USB_Device_Library/Core/Src/usbd_ioreq.o
                0x0000000008006d66                USBD_CtlSendStatus
 .text.USBD_CtlReceiveStatus
                0x0000000008006d8c       0x26 ./Middlewares/ST/STM32_USB_Device_Library/Core/Src/usbd_ioreq.o
                0x0000000008006d8c                USBD_CtlReceiveStatus
 *fill*         0x0000000008006db2        0x2 
 .text.MX_USB_DEVICE_Init
                0x0000000008006db4       0x4c ./USB_DEVICE/App/usb_device.o
                0x0000000008006db4                MX_USB_DEVICE_Init
 .text.USBD_FS_DeviceDescriptor
                0x0000000008006e00       0x24 ./USB_DEVICE/App/usbd_desc.o
                0x0000000008006e00                USBD_FS_DeviceDescriptor
 .text.USBD_FS_LangIDStrDescriptor
                0x0000000008006e24       0x24 ./USB_DEVICE/App/usbd_desc.o
                0x0000000008006e24                USBD_FS_LangIDStrDescriptor
 .text.USBD_FS_ProductStrDescriptor
                0x0000000008006e48       0x3c ./USB_DEVICE/App/usbd_desc.o
                0x0000000008006e48                USBD_FS_ProductStrDescriptor
 .text.USBD_FS_ManufacturerStrDescriptor
                0x0000000008006e84       0x28 ./USB_DEVICE/App/usbd_desc.o
                0x0000000008006e84                USBD_FS_ManufacturerStrDescriptor
 .text.USBD_FS_SerialStrDescriptor
                0x0000000008006eac       0x24 ./USB_DEVICE/App/usbd_desc.o
                0x0000000008006eac                USBD_FS_SerialStrDescriptor
 .text.USBD_FS_ConfigStrDescriptor
                0x0000000008006ed0       0x3c ./USB_DEVICE/App/usbd_desc.o
                0x0000000008006ed0                USBD_FS_ConfigStrDescriptor
 .text.USBD_FS_InterfaceStrDescriptor
                0x0000000008006f0c       0x3c ./USB_DEVICE/App/usbd_desc.o
                0x0000000008006f0c                USBD_FS_InterfaceStrDescriptor
 .text.Get_SerialNum
                0x0000000008006f48       0x58 ./USB_DEVICE/App/usbd_desc.o
 .text.IntToUnicode
                0x0000000008006fa0       0x7c ./USB_DEVICE/App/usbd_desc.o
 .text.HAL_PCD_MspInit
                0x000000000800701c       0x4c ./USB_DEVICE/Target/usbd_conf.o
                0x000000000800701c                HAL_PCD_MspInit
 .text.HAL_PCD_SetupStageCallback
                0x0000000008007068       0x24 ./USB_DEVICE/Target/usbd_conf.o
                0x0000000008007068                HAL_PCD_SetupStageCallback
 .text.HAL_PCD_DataOutStageCallback
                0x000000000800708c       0x36 ./USB_DEVICE/Target/usbd_conf.o
                0x000000000800708c                HAL_PCD_DataOutStageCallback
 .text.HAL_PCD_DataInStageCallback
                0x00000000080070c2       0x34 ./USB_DEVICE/Target/usbd_conf.o
                0x00000000080070c2                HAL_PCD_DataInStageCallback
 .text.HAL_PCD_SOFCallback
                0x00000000080070f6       0x1c ./USB_DEVICE/Target/usbd_conf.o
                0x00000000080070f6                HAL_PCD_SOFCallback
 .text.HAL_PCD_ResetCallback
                0x0000000008007112       0x3c ./USB_DEVICE/Target/usbd_conf.o
                0x0000000008007112                HAL_PCD_ResetCallback
 *fill*         0x000000000800714e        0x2 
 .text.HAL_PCD_SuspendCallback
                0x0000000008007150       0x34 ./USB_DEVICE/Target/usbd_conf.o
                0x0000000008007150                HAL_PCD_SuspendCallback
 .text.HAL_PCD_ResumeCallback
                0x0000000008007184       0x1c ./USB_DEVICE/Target/usbd_conf.o
                0x0000000008007184                HAL_PCD_ResumeCallback
 .text.USBD_LL_Init
                0x00000000080071a0       0x90 ./USB_DEVICE/Target/usbd_conf.o
                0x00000000080071a0                USBD_LL_Init
 .text.USBD_LL_Start
                0x0000000008007230       0x36 ./USB_DEVICE/Target/usbd_conf.o
                0x0000000008007230                USBD_LL_Start
 .text.USBD_LL_OpenEP
                0x0000000008007266       0x4c ./USB_DEVICE/Target/usbd_conf.o
                0x0000000008007266                USBD_LL_OpenEP
 .text.USBD_LL_CloseEP
                0x00000000080072b2       0x3e ./USB_DEVICE/Target/usbd_conf.o
                0x00000000080072b2                USBD_LL_CloseEP
 .text.USBD_LL_StallEP
                0x00000000080072f0       0x3e ./USB_DEVICE/Target/usbd_conf.o
                0x00000000080072f0                USBD_LL_StallEP
 .text.USBD_LL_ClearStallEP
                0x000000000800732e       0x3e ./USB_DEVICE/Target/usbd_conf.o
                0x000000000800732e                USBD_LL_ClearStallEP
 .text.USBD_LL_IsStallEP
                0x000000000800736c       0x58 ./USB_DEVICE/Target/usbd_conf.o
                0x000000000800736c                USBD_LL_IsStallEP
 .text.USBD_LL_SetUSBAddress
                0x00000000080073c4       0x3e ./USB_DEVICE/Target/usbd_conf.o
                0x00000000080073c4                USBD_LL_SetUSBAddress
 .text.USBD_LL_Transmit
                0x0000000008007402       0x46 ./USB_DEVICE/Target/usbd_conf.o
                0x0000000008007402                USBD_LL_Transmit
 .text.USBD_LL_PrepareReceive
                0x0000000008007448       0x46 ./USB_DEVICE/Target/usbd_conf.o
                0x0000000008007448                USBD_LL_PrepareReceive
 *fill*         0x000000000800748e        0x2 
 .text.USBD_static_malloc
                0x0000000008007490       0x18 ./USB_DEVICE/Target/usbd_conf.o
                0x0000000008007490                USBD_static_malloc
 .text.USBD_static_free
                0x00000000080074a8       0x12 ./USB_DEVICE/Target/usbd_conf.o
                0x00000000080074a8                USBD_static_free
 .text.HAL_PCDEx_SetConnectionState
                0x00000000080074ba       0x16 ./USB_DEVICE/Target/usbd_conf.o
                0x00000000080074ba                HAL_PCDEx_SetConnectionState
 .text.USBD_Get_USB_Status
                0x00000000080074d0       0x58 ./USB_DEVICE/Target/usbd_conf.o
 .text.__libc_init_array
                0x0000000008007528       0x48 d:/stm32cubeide_1.10.1/stm32cubeide/plugins/com.st.stm32cube.ide.mcu.externaltools.gnu-tools-for-stm32.10.3-2021.10.win32_1.0.0.202111181127/tools/bin/../lib/gcc/arm-none-eabi/10.3.1/../../../../arm-none-eabi/lib/thumb/v7-m/nofp\libc_nano.a(lib_a-init.o)
                0x0000000008007528                __libc_init_array
 .text.memset   0x0000000008007570       0x10 d:/stm32cubeide_1.10.1/stm32cubeide/plugins/com.st.stm32cube.ide.mcu.externaltools.gnu-tools-for-stm32.10.3-2021.10.win32_1.0.0.202111181127/tools/bin/../lib/gcc/arm-none-eabi/10.3.1/../../../../arm-none-eabi/lib/thumb/v7-m/nofp\libc_nano.a(lib_a-memset.o)
                0x0000000008007570                memset
 *(.glue_7)
 .glue_7        0x0000000008007580        0x0 linker stubs
 *(.glue_7t)
 .glue_7t       0x0000000008007580        0x0 linker stubs
 *(.eh_frame)
 .eh_frame      0x0000000008007580        0x0 d:/stm32cubeide_1.10.1/stm32cubeide/plugins/com.st.stm32cube.ide.mcu.externaltools.gnu-tools-for-stm32.10.3-2021.10.win32_1.0.0.202111181127/tools/bin/../lib/gcc/arm-none-eabi/10.3.1/thumb/v7-m/nofp/crtbegin.o
 *(.init)
 .init          0x0000000008007580        0x4 d:/stm32cubeide_1.10.1/stm32cubeide/plugins/com.st.stm32cube.ide.mcu.externaltools.gnu-tools-for-stm32.10.3-2021.10.win32_1.0.0.202111181127/tools/bin/../lib/gcc/arm-none-eabi/10.3.1/thumb/v7-m/nofp/crti.o
                0x0000000008007580                _init
 .init          0x0000000008007584        0x8 d:/stm32cubeide_1.10.1/stm32cubeide/plugins/com.st.stm32cube.ide.mcu.externaltools.gnu-tools-for-stm32.10.3-2021.10.win32_1.0.0.202111181127/tools/bin/../lib/gcc/arm-none-eabi/10.3.1/thumb/v7-m/nofp/crtn.o
 *(.fini)
 .fini          0x000000000800758c        0x4 d:/stm32cubeide_1.10.1/stm32cubeide/plugins/com.st.stm32cube.ide.mcu.externaltools.gnu-tools-for-stm32.10.3-2021.10.win32_1.0.0.202111181127/tools/bin/../lib/gcc/arm-none-eabi/10.3.1/thumb/v7-m/nofp/crti.o
                0x000000000800758c                _fini
 .fini          0x0000000008007590        0x8 d:/stm32cubeide_1.10.1/stm32cubeide/plugins/com.st.stm32cube.ide.mcu.externaltools.gnu-tools-for-stm32.10.3-2021.10.win32_1.0.0.202111181127/tools/bin/../lib/gcc/arm-none-eabi/10.3.1/thumb/v7-m/nofp/crtn.o
                0x0000000008007598                . = ALIGN (0x4)
                0x0000000008007598                _etext = .

.vfp11_veneer   0x0000000008007598        0x0
 .vfp11_veneer  0x0000000008007598        0x0 linker stubs

.v4_bx          0x0000000008007598        0x0
 .v4_bx         0x0000000008007598        0x0 linker stubs

.iplt           0x0000000008007598        0x0
 .iplt          0x0000000008007598        0x0 d:/stm32cubeide_1.10.1/stm32cubeide/plugins/com.st.stm32cube.ide.mcu.externaltools.gnu-tools-for-stm32.10.3-2021.10.win32_1.0.0.202111181127/tools/bin/../lib/gcc/arm-none-eabi/10.3.1/thumb/v7-m/nofp/crtbegin.o

.rodata         0x0000000008007598       0x60
                0x0000000008007598                . = ALIGN (0x4)
 *(.rodata)
 .rodata        0x0000000008007598       0x10 ./Drivers/STM32F1xx_HAL_Driver/Src/stm32f1xx_hal_rcc.o
 .rodata        0x00000000080075a8       0x3e ./USB_DEVICE/App/usbd_desc.o
 *(.rodata*)
 *fill*         0x00000000080075e6        0x2 
 .rodata.AHBPrescTable
                0x00000000080075e8       0x10 ./Core/Src/system_stm32f1xx.o
                0x00000000080075e8                AHBPrescTable
                0x00000000080075f8                . = ALIGN (0x4)

.rel.dyn        0x00000000080075f8        0x0
 .rel.iplt      0x00000000080075f8        0x0 d:/stm32cubeide_1.10.1/stm32cubeide/plugins/com.st.stm32cube.ide.mcu.externaltools.gnu-tools-for-stm32.10.3-2021.10.win32_1.0.0.202111181127/tools/bin/../lib/gcc/arm-none-eabi/10.3.1/thumb/v7-m/nofp/crtbegin.o

.ARM.extab      0x00000000080075f8        0x0
                0x00000000080075f8                . = ALIGN (0x4)
 *(.ARM.extab* .gnu.linkonce.armextab.*)
                0x00000000080075f8                . = ALIGN (0x4)

.ARM            0x00000000080075f8        0x0
                0x00000000080075f8                . = ALIGN (0x4)
                0x00000000080075f8                __exidx_start = .
 *(.ARM.exidx*)
                0x00000000080075f8                __exidx_end = .
                0x00000000080075f8                . = ALIGN (0x4)

.preinit_array  0x00000000080075f8        0x0
                0x00000000080075f8                . = ALIGN (0x4)
                0x00000000080075f8                PROVIDE (__preinit_array_start = .)
 *(.preinit_array*)
                0x00000000080075f8                PROVIDE (__preinit_array_end = .)
                0x00000000080075f8                . = ALIGN (0x4)

.init_array     0x00000000080075f8        0x4
                0x00000000080075f8                . = ALIGN (0x4)
                0x00000000080075f8                PROVIDE (__init_array_start = .)
 *(SORT_BY_NAME(.init_array.*))
 *(.init_array*)
 .init_array    0x00000000080075f8        0x4 d:/stm32cubeide_1.10.1/stm32cubeide/plugins/com.st.stm32cube.ide.mcu.externaltools.gnu-tools-for-stm32.10.3-2021.10.win32_1.0.0.202111181127/tools/bin/../lib/gcc/arm-none-eabi/10.3.1/thumb/v7-m/nofp/crtbegin.o
                0x00000000080075fc                PROVIDE (__init_array_end = .)
                0x00000000080075fc                . = ALIGN (0x4)

.fini_array     0x00000000080075fc        0x4
                0x00000000080075fc                . = ALIGN (0x4)
                [!provide]                        PROVIDE (__fini_array_start = .)
 *(SORT_BY_NAME(.fini_array.*))
 *(.fini_array*)
 .fini_array    0x00000000080075fc        0x4 d:/stm32cubeide_1.10.1/stm32cubeide/plugins/com.st.stm32cube.ide.mcu.externaltools.gnu-tools-for-stm32.10.3-2021.10.win32_1.0.0.202111181127/tools/bin/../lib/gcc/arm-none-eabi/10.3.1/thumb/v7-m/nofp/crtbegin.o
                [!provide]                        PROVIDE (__fini_array_end = .)
                0x0000000008007600                . = ALIGN (0x4)
                0x0000000008007600                _sidata = LOADADDR (.data)

.data           0x0000000020000000      0x140 load address 0x0000000008007600
                0x0000000020000000                . = ALIGN (0x4)
                0x0000000020000000                _sdata = .
 *(.data)
 *(.data*)
 .data.SystemCoreClock
                0x0000000020000000        0x4 ./Core/Src/system_stm32f1xx.o
                0x0000000020000000                SystemCoreClock
 .data.uwTickPrio
                0x0000000020000004        0x4 ./Drivers/STM32F1xx_HAL_Driver/Src/stm32f1xx_hal.o
                0x0000000020000004                uwTickPrio
 .data.uwTickFreq
                0x0000000020000008        0x1 ./Drivers/STM32F1xx_HAL_Driver/Src/stm32f1xx_hal.o
                0x0000000020000008                uwTickFreq
 *fill*         0x0000000020000009        0x3 
 .data.USBD_HID
                0x000000002000000c       0x38 ./Middlewares/ST/STM32_USB_Device_Library/Class/HID/Src/usbd_hid.o
                0x000000002000000c                USBD_HID
 .data.USBD_HID_CfgFSDesc
                0x0000000020000044       0x22 ./Middlewares/ST/STM32_USB_Device_Library/Class/HID/Src/usbd_hid.o
 *fill*         0x0000000020000066        0x2 
 .data.USBD_HID_CfgHSDesc
                0x0000000020000068       0x22 ./Middlewares/ST/STM32_USB_Device_Library/Class/HID/Src/usbd_hid.o
 *fill*         0x000000002000008a        0x2 
 .data.USBD_HID_OtherSpeedCfgDesc
                0x000000002000008c       0x22 ./Middlewares/ST/STM32_USB_Device_Library/Class/HID/Src/usbd_hid.o
 *fill*         0x00000000200000ae        0x2 
 .data.USBD_HID_Desc
                0x00000000200000b0        0x9 ./Middlewares/ST/STM32_USB_Device_Library/Class/HID/Src/usbd_hid.o
 *fill*         0x00000000200000b9        0x3 
 .data.USBD_HID_DeviceQualifierDesc
                0x00000000200000bc        0xa ./Middlewares/ST/STM32_USB_Device_Library/Class/HID/Src/usbd_hid.o
 *fill*         0x00000000200000c6        0x2 
 .data.HID_MOUSE_ReportDesc
                0x00000000200000c8       0x27 ./Middlewares/ST/STM32_USB_Device_Library/Class/HID/Src/usbd_hid.o
 *fill*         0x00000000200000ef        0x1 
 .data.FS_Desc  0x00000000200000f0       0x1c ./USB_DEVICE/App/usbd_desc.o
                0x00000000200000f0                FS_Desc
 .data.USBD_FS_DeviceDesc
                0x000000002000010c       0x12 ./USB_DEVICE/App/usbd_desc.o
                0x000000002000010c                USBD_FS_DeviceDesc
 *fill*         0x000000002000011e        0x2 
 .data.USBD_LangIDDesc
                0x0000000020000120        0x4 ./USB_DEVICE/App/usbd_desc.o
                0x0000000020000120                USBD_LangIDDesc
 .data.USBD_StringSerial
                0x0000000020000124       0x1a ./USB_DEVICE/App/usbd_desc.o
                0x0000000020000124                USBD_StringSerial
 *(.RamFunc)
 *(.RamFunc*)
                0x0000000020000140                . = ALIGN (0x4)
 *fill*         0x000000002000013e        0x2 
                0x0000000020000140                _edata = .

.igot.plt       0x0000000020000140        0x0 load address 0x0000000008007740
 .igot.plt      0x0000000020000140        0x0 d:/stm32cubeide_1.10.1/stm32cubeide/plugins/com.st.stm32cube.ide.mcu.externaltools.gnu-tools-for-stm32.10.3-2021.10.win32_1.0.0.202111181127/tools/bin/../lib/gcc/arm-none-eabi/10.3.1/thumb/v7-m/nofp/crtbegin.o
                0x0000000020000140                . = ALIGN (0x4)

.bss            0x0000000020000140      0x7f8 load address 0x0000000008007740
                0x0000000020000140                _sbss = .
                0x0000000020000140                __bss_start__ = _sbss
 *(.bss)
 .bss           0x0000000020000140       0x1c d:/stm32cubeide_1.10.1/stm32cubeide/plugins/com.st.stm32cube.ide.mcu.externaltools.gnu-tools-for-stm32.10.3-2021.10.win32_1.0.0.202111181127/tools/bin/../lib/gcc/arm-none-eabi/10.3.1/thumb/v7-m/nofp/crtbegin.o
 *(.bss*)
 .bss.buff      0x000000002000015c       0x10 ./Core/Src/main.o
                0x000000002000015c                buff
 .bss.uwTick    0x000000002000016c        0x4 ./Drivers/STM32F1xx_HAL_Driver/Src/stm32f1xx_hal.o
                0x000000002000016c                uwTick
 .bss.cfgidx.0  0x0000000020000170        0x1 ./Middlewares/ST/STM32_USB_Device_Library/Core/Src/usbd_ctlreq.o
 *fill*         0x0000000020000171        0x3 
 .bss.hUsbDeviceFS
                0x0000000020000174      0x2c4 ./USB_DEVICE/App/usb_device.o
                0x0000000020000174                hUsbDeviceFS
 .bss.USBD_StrDesc
                0x0000000020000438      0x200 ./USB_DEVICE/App/usbd_desc.o
                0x0000000020000438                USBD_StrDesc
 .bss.hpcd_USB_FS
                0x0000000020000638      0x2ec ./USB_DEVICE/Target/usbd_conf.o
                0x0000000020000638                hpcd_USB_FS
 .bss.mem.0     0x0000000020000924       0x14 ./USB_DEVICE/Target/usbd_conf.o
 *(COMMON)
                0x0000000020000938                . = ALIGN (0x4)
                0x0000000020000938                _ebss = .
                0x0000000020000938                __bss_end__ = _ebss

._user_heap_stack
                0x0000000020000938      0x600 load address 0x0000000008007740
                0x0000000020000938                . = ALIGN (0x8)
                [!provide]                        PROVIDE (end = .)
                0x0000000020000938                PROVIDE (_end = .)
                0x0000000020000b38                . = (. + _Min_Heap_Size)
 *fill*         0x0000000020000938      0x200 
                0x0000000020000f38                . = (. + _Min_Stack_Size)
 *fill*         0x0000000020000b38      0x400 
                0x0000000020000f38                . = ALIGN (0x8)

/DISCARD/
 libc.a(*)
 libm.a(*)
 libgcc.a(*)

.ARM.attributes
                0x0000000000000000       0x29
 *(.ARM.attributes)
 .ARM.attributes
                0x0000000000000000       0x1d d:/stm32cubeide_1.10.1/stm32cubeide/plugins/com.st.stm32cube.ide.mcu.externaltools.gnu-tools-for-stm32.10.3-2021.10.win32_1.0.0.202111181127/tools/bin/../lib/gcc/arm-none-eabi/10.3.1/thumb/v7-m/nofp/crti.o
 .ARM.attributes
                0x000000000000001d       0x2d d:/stm32cubeide_1.10.1/stm32cubeide/plugins/com.st.stm32cube.ide.mcu.externaltools.gnu-tools-for-stm32.10.3-2021.10.win32_1.0.0.202111181127/tools/bin/../lib/gcc/arm-none-eabi/10.3.1/thumb/v7-m/nofp/crtbegin.o
 .ARM.attributes
                0x000000000000004a       0x2d ./Core/Src/main.o
 .ARM.attributes
                0x0000000000000077       0x2d ./Core/Src/stm32f1xx_hal_msp.o
 .ARM.attributes
                0x00000000000000a4       0x2d ./Core/Src/stm32f1xx_it.o
 .ARM.attributes
                0x00000000000000d1       0x2d ./Core/Src/system_stm32f1xx.o
 .ARM.attributes
                0x00000000000000fe       0x21 ./Core/Startup/startup_stm32f103cbtx.o
 .ARM.attributes
                0x000000000000011f       0x2d ./Drivers/STM32F1xx_HAL_Driver/Src/stm32f1xx_hal.o
 .ARM.attributes
                0x000000000000014c       0x2d ./Drivers/STM32F1xx_HAL_Driver/Src/stm32f1xx_hal_cortex.o
 .ARM.attributes
                0x0000000000000179       0x2d ./Drivers/STM32F1xx_HAL_Driver/Src/stm32f1xx_hal_gpio.o
 .ARM.attributes
                0x00000000000001a6       0x2d ./Drivers/STM32F1xx_HAL_Driver/Src/stm32f1xx_hal_pcd.o
 .ARM.attributes
                0x00000000000001d3       0x2d ./Drivers/STM32F1xx_HAL_Driver/Src/stm32f1xx_hal_pcd_ex.o
 .ARM.attributes
                0x0000000000000200       0x2d ./Drivers/STM32F1xx_HAL_Driver/Src/stm32f1xx_hal_rcc.o
 .ARM.attributes
                0x000000000000022d       0x2d ./Drivers/STM32F1xx_HAL_Driver/Src/stm32f1xx_hal_rcc_ex.o
 .ARM.attributes
                0x000000000000025a       0x2d ./Drivers/STM32F1xx_HAL_Driver/Src/stm32f1xx_ll_usb.o
 .ARM.attributes
                0x0000000000000287       0x2d ./Middlewares/ST/STM32_USB_Device_Library/Class/HID/Src/usbd_hid.o
 .ARM.attributes
                0x00000000000002b4       0x2d ./Middlewares/ST/STM32_USB_Device_Library/Core/Src/usbd_core.o
 .ARM.attributes
                0x00000000000002e1       0x2d ./Middlewares/ST/STM32_USB_Device_Library/Core/Src/usbd_ctlreq.o
 .ARM.attributes
                0x000000000000030e       0x2d ./Middlewares/ST/STM32_USB_Device_Library/Core/Src/usbd_ioreq.o
 .ARM.attributes
                0x000000000000033b       0x2d ./USB_DEVICE/App/usb_device.o
 .ARM.attributes
                0x0000000000000368       0x2d ./USB_DEVICE/App/usbd_desc.o
 .ARM.attributes
                0x0000000000000395       0x2d ./USB_DEVICE/Target/usbd_conf.o
 .ARM.attributes
                0x00000000000003c2       0x2d d:/stm32cubeide_1.10.1/stm32cubeide/plugins/com.st.stm32cube.ide.mcu.externaltools.gnu-tools-for-stm32.10.3-2021.10.win32_1.0.0.202111181127/tools/bin/../lib/gcc/arm-none-eabi/10.3.1/../../../../arm-none-eabi/lib/thumb/v7-m/nofp\libc_nano.a(lib_a-init.o)
 .ARM.attributes
                0x00000000000003ef       0x2d d:/stm32cubeide_1.10.1/stm32cubeide/plugins/com.st.stm32cube.ide.mcu.externaltools.gnu-tools-for-stm32.10.3-2021.10.win32_1.0.0.202111181127/tools/bin/../lib/gcc/arm-none-eabi/10.3.1/../../../../arm-none-eabi/lib/thumb/v7-m/nofp\libc_nano.a(lib_a-memset.o)
 .ARM.attributes
                0x000000000000041c       0x1d d:/stm32cubeide_1.10.1/stm32cubeide/plugins/com.st.stm32cube.ide.mcu.externaltools.gnu-tools-for-stm32.10.3-2021.10.win32_1.0.0.202111181127/tools/bin/../lib/gcc/arm-none-eabi/10.3.1/thumb/v7-m/nofp/crtn.o
OUTPUT(test.elf elf32-littlearm)
LOAD linker stubs
LOAD d:/stm32cubeide_1.10.1/stm32cubeide/plugins/com.st.stm32cube.ide.mcu.externaltools.gnu-tools-for-stm32.10.3-2021.10.win32_1.0.0.202111181127/tools/bin/../lib/gcc/arm-none-eabi/10.3.1/../../../../arm-none-eabi/lib/thumb/v7-m/nofp\libc.a
LOAD d:/stm32cubeide_1.10.1/stm32cubeide/plugins/com.st.stm32cube.ide.mcu.externaltools.gnu-tools-for-stm32.10.3-2021.10.win32_1.0.0.202111181127/tools/bin/../lib/gcc/arm-none-eabi/10.3.1/../../../../arm-none-eabi/lib/thumb/v7-m/nofp\libm.a
LOAD d:/stm32cubeide_1.10.1/stm32cubeide/plugins/com.st.stm32cube.ide.mcu.externaltools.gnu-tools-for-stm32.10.3-2021.10.win32_1.0.0.202111181127/tools/bin/../lib/gcc/arm-none-eabi/10.3.1/thumb/v7-m/nofp\libgcc.a

.debug_info     0x0000000000000000     0xbcb7
 .debug_info    0x0000000000000000      0xdb7 ./Core/Src/main.o
 .debug_info    0x0000000000000db7      0x210 ./Core/Src/stm32f1xx_hal_msp.o
 .debug_info    0x0000000000000fc7      0x661 ./Core/Src/stm32f1xx_it.o
 .debug_info    0x0000000000001628      0x23d ./Core/Src/system_stm32f1xx.o
 .debug_info    0x0000000000001865       0x22 ./Core/Startup/startup_stm32f103cbtx.o
 .debug_info    0x0000000000001887      0x734 ./Drivers/STM32F1xx_HAL_Driver/Src/stm32f1xx_hal.o
 .debug_info    0x0000000000001fbb      0xb20 ./Drivers/STM32F1xx_HAL_Driver/Src/stm32f1xx_hal_cortex.o
 .debug_info    0x0000000000002adb      0x615 ./Drivers/STM32F1xx_HAL_Driver/Src/stm32f1xx_hal_gpio.o
 .debug_info    0x00000000000030f0     0x16ab ./Drivers/STM32F1xx_HAL_Driver/Src/stm32f1xx_hal_pcd.o
 .debug_info    0x000000000000479b      0x728 ./Drivers/STM32F1xx_HAL_Driver/Src/stm32f1xx_hal_pcd_ex.o
 .debug_info    0x0000000000004ec3      0x860 ./Drivers/STM32F1xx_HAL_Driver/Src/stm32f1xx_hal_rcc.o
 .debug_info    0x0000000000005723      0x3e0 ./Drivers/STM32F1xx_HAL_Driver/Src/stm32f1xx_hal_rcc_ex.o
 .debug_info    0x0000000000005b03     0x190d ./Drivers/STM32F1xx_HAL_Driver/Src/stm32f1xx_ll_usb.o
 .debug_info    0x0000000000007410      0x995 ./Middlewares/ST/STM32_USB_Device_Library/Class/HID/Src/usbd_hid.o
 .debug_info    0x0000000000007da5      0xb02 ./Middlewares/ST/STM32_USB_Device_Library/Core/Src/usbd_core.o
 .debug_info    0x00000000000088a7      0x9b6 ./Middlewares/ST/STM32_USB_Device_Library/Core/Src/usbd_ctlreq.o
 .debug_info    0x000000000000925d      0x715 ./Middlewares/ST/STM32_USB_Device_Library/Core/Src/usbd_ioreq.o
 .debug_info    0x0000000000009972      0x59c ./USB_DEVICE/App/usb_device.o
 .debug_info    0x0000000000009f0e      0x484 ./USB_DEVICE/App/usbd_desc.o
 .debug_info    0x000000000000a392     0x1925 ./USB_DEVICE/Target/usbd_conf.o

.debug_abbrev   0x0000000000000000     0x2683
 .debug_abbrev  0x0000000000000000      0x327 ./Core/Src/main.o
 .debug_abbrev  0x0000000000000327       0xd4 ./Core/Src/stm32f1xx_hal_msp.o
 .debug_abbrev  0x00000000000003fb      0x188 ./Core/Src/stm32f1xx_it.o
 .debug_abbrev  0x0000000000000583      0x13b ./Core/Src/system_stm32f1xx.o
 .debug_abbrev  0x00000000000006be       0x12 ./Core/Startup/startup_stm32f103cbtx.o
 .debug_abbrev  0x00000000000006d0      0x1fb ./Drivers/STM32F1xx_HAL_Driver/Src/stm32f1xx_hal.o
 .debug_abbrev  0x00000000000008cb      0x2ed ./Drivers/STM32F1xx_HAL_Driver/Src/stm32f1xx_hal_cortex.o
 .debug_abbrev  0x0000000000000bb8      0x1bb ./Drivers/STM32F1xx_HAL_Driver/Src/stm32f1xx_hal_gpio.o
 .debug_abbrev  0x0000000000000d73      0x2b9 ./Drivers/STM32F1xx_HAL_Driver/Src/stm32f1xx_hal_pcd.o
 .debug_abbrev  0x000000000000102c      0x17f ./Drivers/STM32F1xx_HAL_Driver/Src/stm32f1xx_hal_pcd_ex.o
 .debug_abbrev  0x00000000000011ab      0x2a8 ./Drivers/STM32F1xx_HAL_Driver/Src/stm32f1xx_hal_rcc.o
 .debug_abbrev  0x0000000000001453      0x182 ./Drivers/STM32F1xx_HAL_Driver/Src/stm32f1xx_hal_rcc_ex.o
 .debug_abbrev  0x00000000000015d5      0x1cd ./Drivers/STM32F1xx_HAL_Driver/Src/stm32f1xx_ll_usb.o
 .debug_abbrev  0x00000000000017a2      0x258 ./Middlewares/ST/STM32_USB_Device_Library/Class/HID/Src/usbd_hid.o
 .debug_abbrev  0x00000000000019fa      0x236 ./Middlewares/ST/STM32_USB_Device_Library/Core/Src/usbd_core.o
 .debug_abbrev  0x0000000000001c30      0x257 ./Middlewares/ST/STM32_USB_Device_Library/Core/Src/usbd_ctlreq.o
 .debug_abbrev  0x0000000000001e87      0x183 ./Middlewares/ST/STM32_USB_Device_Library/Core/Src/usbd_ioreq.o
 .debug_abbrev  0x000000000000200a      0x17a ./USB_DEVICE/App/usb_device.o
 .debug_abbrev  0x0000000000002184      0x1fa ./USB_DEVICE/App/usbd_desc.o
 .debug_abbrev  0x000000000000237e      0x305 ./USB_DEVICE/Target/usbd_conf.o

.debug_aranges  0x0000000000000000      0xa00
 .debug_aranges
                0x0000000000000000       0x40 ./Core/Src/main.o
 .debug_aranges
                0x0000000000000040       0x20 ./Core/Src/stm32f1xx_hal_msp.o
 .debug_aranges
                0x0000000000000060       0x68 ./Core/Src/stm32f1xx_it.o
 .debug_aranges
                0x00000000000000c8       0x28 ./Core/Src/system_stm32f1xx.o
 .debug_aranges
                0x00000000000000f0       0x28 ./Core/Startup/startup_stm32f103cbtx.o
 .debug_aranges
                0x0000000000000118       0xe0 ./Drivers/STM32F1xx_HAL_Driver/Src/stm32f1xx_hal.o
 .debug_aranges
                0x00000000000001f8      0x100 ./Drivers/STM32F1xx_HAL_Driver/Src/stm32f1xx_hal_cortex.o
 .debug_aranges
                0x00000000000002f8       0x58 ./Drivers/STM32F1xx_HAL_Driver/Src/stm32f1xx_hal_gpio.o
 .debug_aranges
                0x0000000000000350      0x138 ./Drivers/STM32F1xx_HAL_Driver/Src/stm32f1xx_hal_pcd.o
 .debug_aranges
                0x0000000000000488       0x38 ./Drivers/STM32F1xx_HAL_Driver/Src/stm32f1xx_hal_pcd_ex.o
 .debug_aranges
                0x00000000000004c0       0x90 ./Drivers/STM32F1xx_HAL_Driver/Src/stm32f1xx_hal_rcc.o
 .debug_aranges
                0x0000000000000550       0x30 ./Drivers/STM32F1xx_HAL_Driver/Src/stm32f1xx_hal_rcc_ex.o
 .debug_aranges
                0x0000000000000580       0xf0 ./Drivers/STM32F1xx_HAL_Driver/Src/stm32f1xx_ll_usb.o
 .debug_aranges
                0x0000000000000670       0x68 ./Middlewares/ST/STM32_USB_Device_Library/Class/HID/Src/usbd_hid.o
 .debug_aranges
                0x00000000000006d8       0xb8 ./Middlewares/ST/STM32_USB_Device_Library/Core/Src/usbd_core.o
 .debug_aranges
                0x0000000000000790       0x88 ./Middlewares/ST/STM32_USB_Device_Library/Core/Src/usbd_ctlreq.o
 .debug_aranges
                0x0000000000000818       0x50 ./Middlewares/ST/STM32_USB_Device_Library/Core/Src/usbd_ioreq.o
 .debug_aranges
                0x0000000000000868       0x20 ./USB_DEVICE/App/usb_device.o
 .debug_aranges
                0x0000000000000888       0x60 ./USB_DEVICE/App/usbd_desc.o
 .debug_aranges
                0x00000000000008e8      0x118 ./USB_DEVICE/Target/usbd_conf.o

.debug_ranges   0x0000000000000000      0x8c8
 .debug_ranges  0x0000000000000000       0x30 ./Core/Src/main.o
 .debug_ranges  0x0000000000000030       0x10 ./Core/Src/stm32f1xx_hal_msp.o
 .debug_ranges  0x0000000000000040       0x58 ./Core/Src/stm32f1xx_it.o
 .debug_ranges  0x0000000000000098       0x18 ./Core/Src/system_stm32f1xx.o
 .debug_ranges  0x00000000000000b0       0x20 ./Core/Startup/startup_stm32f103cbtx.o
 .debug_ranges  0x00000000000000d0       0xd0 ./Drivers/STM32F1xx_HAL_Driver/Src/stm32f1xx_hal.o
 .debug_ranges  0x00000000000001a0       0xf0 ./Drivers/STM32F1xx_HAL_Driver/Src/stm32f1xx_hal_cortex.o
 .debug_ranges  0x0000000000000290       0x48 ./Drivers/STM32F1xx_HAL_Driver/Src/stm32f1xx_hal_gpio.o
 .debug_ranges  0x00000000000002d8      0x128 ./Drivers/STM32F1xx_HAL_Driver/Src/stm32f1xx_hal_pcd.o
 .debug_ranges  0x0000000000000400       0x28 ./Drivers/STM32F1xx_HAL_Driver/Src/stm32f1xx_hal_pcd_ex.o
 .debug_ranges  0x0000000000000428       0x80 ./Drivers/STM32F1xx_HAL_Driver/Src/stm32f1xx_hal_rcc.o
 .debug_ranges  0x00000000000004a8       0x20 ./Drivers/STM32F1xx_HAL_Driver/Src/stm32f1xx_hal_rcc_ex.o
 .debug_ranges  0x00000000000004c8       0xe0 ./Drivers/STM32F1xx_HAL_Driver/Src/stm32f1xx_ll_usb.o
 .debug_ranges  0x00000000000005a8       0x58 ./Middlewares/ST/STM32_USB_Device_Library/Class/HID/Src/usbd_hid.o
 .debug_ranges  0x0000000000000600       0xa8 ./Middlewares/ST/STM32_USB_Device_Library/Core/Src/usbd_core.o
 .debug_ranges  0x00000000000006a8       0x78 ./Middlewares/ST/STM32_USB_Device_Library/Core/Src/usbd_ctlreq.o
 .debug_ranges  0x0000000000000720       0x40 ./Middlewares/ST/STM32_USB_Device_Library/Core/Src/usbd_ioreq.o
 .debug_ranges  0x0000000000000760       0x10 ./USB_DEVICE/App/usb_device.o
 .debug_ranges  0x0000000000000770       0x50 ./USB_DEVICE/App/usbd_desc.o
 .debug_ranges  0x00000000000007c0      0x108 ./USB_DEVICE/Target/usbd_conf.o

.debug_macro    0x0000000000000000    0x18700
 .debug_macro   0x0000000000000000      0x3a6 ./Core/Src/main.o
 .debug_macro   0x00000000000003a6      0x215 ./Core/Src/main.o
 .debug_macro   0x00000000000005bb       0x2e ./Core/Src/main.o
 .debug_macro   0x00000000000005e9       0x22 ./Core/Src/main.o
 .debug_macro   0x000000000000060b       0x22 ./Core/Src/main.o
 .debug_macro   0x000000000000062d       0x8e ./Core/Src/main.o
 .debug_macro   0x00000000000006bb       0x51 ./Core/Src/main.o
 .debug_macro   0x000000000000070c      0x103 ./Core/Src/main.o
 .debug_macro   0x000000000000080f       0x6a ./Core/Src/main.o
 .debug_macro   0x0000000000000879      0x1df ./Core/Src/main.o
 .debug_macro   0x0000000000000a58       0x1c ./Core/Src/main.o
 .debug_macro   0x0000000000000a74       0x22 ./Core/Src/main.o
 .debug_macro   0x0000000000000a96       0xbd ./Core/Src/main.o
 .debug_macro   0x0000000000000b53      0xd23 ./Core/Src/main.o
 .debug_macro   0x0000000000001876     0xe09e ./Core/Src/main.o
 .debug_macro   0x000000000000f914       0x6d ./Core/Src/main.o
 .debug_macro   0x000000000000f981     0x3468 ./Core/Src/main.o
 .debug_macro   0x0000000000012de9      0x174 ./Core/Src/main.o
 .debug_macro   0x0000000000012f5d       0x5c ./Core/Src/main.o
 .debug_macro   0x0000000000012fb9      0x5be ./Core/Src/main.o
 .debug_macro   0x0000000000013577      0x289 ./Core/Src/main.o
 .debug_macro   0x0000000000013800      0x1cb ./Core/Src/main.o
 .debug_macro   0x00000000000139cb      0x114 ./Core/Src/main.o
 .debug_macro   0x0000000000013adf      0x1b2 ./Core/Src/main.o
 .debug_macro   0x0000000000013c91       0x27 ./Core/Src/main.o
 .debug_macro   0x0000000000013cb8      0x136 ./Core/Src/main.o
 .debug_macro   0x0000000000013dee      0x1bc ./Core/Src/main.o
 .debug_macro   0x0000000000013faa       0x34 ./Core/Src/main.o
 .debug_macro   0x0000000000013fde       0x3c ./Core/Src/main.o
 .debug_macro   0x000000000001401a       0x57 ./Core/Src/main.o
 .debug_macro   0x0000000000014071       0x88 ./Core/Src/main.o
 .debug_macro   0x00000000000140f9      0x241 ./Core/Src/main.o
 .debug_macro   0x000000000001433a      0x141 ./Core/Src/main.o
 .debug_macro   0x000000000001447b       0x65 ./Core/Src/main.o
 .debug_macro   0x00000000000144e0      0x249 ./Core/Src/main.o
 .debug_macro   0x0000000000014729       0x83 ./Core/Src/main.o
 .debug_macro   0x00000000000147ac       0x52 ./Core/Src/main.o
 .debug_macro   0x00000000000147fe       0x18 ./Core/Src/main.o
 .debug_macro   0x0000000000014816       0x3c ./Core/Src/main.o
 .debug_macro   0x0000000000014852       0x34 ./Core/Src/main.o
 .debug_macro   0x0000000000014886       0x16 ./Core/Src/main.o
 .debug_macro   0x000000000001489c       0x35 ./Core/Src/main.o
 .debug_macro   0x00000000000148d1      0x341 ./Core/Src/main.o
 .debug_macro   0x0000000000014c12       0x10 ./Core/Src/main.o
 .debug_macro   0x0000000000014c22       0x16 ./Core/Src/main.o
 .debug_macro   0x0000000000014c38       0x43 ./Core/Src/main.o
 .debug_macro   0x0000000000014c7b       0x34 ./Core/Src/main.o
 .debug_macro   0x0000000000014caf       0x10 ./Core/Src/main.o
 .debug_macro   0x0000000000014cbf       0x58 ./Core/Src/main.o
 .debug_macro   0x0000000000014d17       0x71 ./Core/Src/main.o
 .debug_macro   0x0000000000014d88       0x1c ./Core/Src/main.o
 .debug_macro   0x0000000000014da4      0x12a ./Core/Src/main.o
 .debug_macro   0x0000000000014ece       0x10 ./Core/Src/main.o
 .debug_macro   0x0000000000014ede       0x1c ./Core/Src/main.o
 .debug_macro   0x0000000000014efa       0x52 ./Core/Src/main.o
 .debug_macro   0x0000000000014f4c       0x22 ./Core/Src/main.o
 .debug_macro   0x0000000000014f6e       0x10 ./Core/Src/main.o
 .debug_macro   0x0000000000014f7e       0x52 ./Core/Src/main.o
 .debug_macro   0x0000000000014fd0       0xd5 ./Core/Src/main.o
 .debug_macro   0x00000000000150a5       0x1c ./Core/Src/main.o
 .debug_macro   0x00000000000150c1       0x3d ./Core/Src/main.o
 .debug_macro   0x00000000000150fe       0x16 ./Core/Src/main.o
 .debug_macro   0x0000000000015114      0x145 ./Core/Src/main.o
 .debug_macro   0x0000000000015259       0x16 ./Core/Src/main.o
 .debug_macro   0x000000000001526f       0x16 ./Core/Src/main.o
 .debug_macro   0x0000000000015285       0x29 ./Core/Src/main.o
 .debug_macro   0x00000000000152ae       0x16 ./Core/Src/main.o
 .debug_macro   0x00000000000152c4       0x20 ./Core/Src/main.o
 .debug_macro   0x00000000000152e4       0x5f ./Core/Src/main.o
 .debug_macro   0x0000000000015343      0x1c8 ./Core/Src/main.o
 .debug_macro   0x000000000001550b       0x16 ./Core/Src/main.o
 .debug_macro   0x0000000000015521      0x1b2 ./Core/Src/stm32f1xx_hal_msp.o
 .debug_macro   0x00000000000156d3      0x1bc ./Core/Src/stm32f1xx_it.o
 .debug_macro   0x000000000001588f      0x1a8 ./Core/Src/system_stm32f1xx.o
 .debug_macro   0x0000000000015a37      0x1cc ./Drivers/STM32F1xx_HAL_Driver/Src/stm32f1xx_hal.o
 .debug_macro   0x0000000000015c03      0x1a8 ./Drivers/STM32F1xx_HAL_Driver/Src/stm32f1xx_hal_cortex.o
 .debug_macro   0x0000000000015dab      0x213 ./Drivers/STM32F1xx_HAL_Driver/Src/stm32f1xx_hal_gpio.o
 .debug_macro   0x0000000000015fbe      0x1b4 ./Drivers/STM32F1xx_HAL_Driver/Src/stm32f1xx_hal_pcd.o
 .debug_macro   0x0000000000016172      0x1a8 ./Drivers/STM32F1xx_HAL_Driver/Src/stm32f1xx_hal_pcd_ex.o
 .debug_macro   0x000000000001631a      0x1ba ./Drivers/STM32F1xx_HAL_Driver/Src/stm32f1xx_hal_rcc.o
 .debug_macro   0x00000000000164d4      0x1a8 ./Drivers/STM32F1xx_HAL_Driver/Src/stm32f1xx_hal_rcc_ex.o
 .debug_macro   0x000000000001667c      0x1a8 ./Drivers/STM32F1xx_HAL_Driver/Src/stm32f1xx_ll_usb.o
 .debug_macro   0x0000000000016824      0x3c8 ./Middlewares/ST/STM32_USB_Device_Library/Class/HID/Src/usbd_hid.o
 .debug_macro   0x0000000000016bec       0x97 ./Middlewares/ST/STM32_USB_Device_Library/Class/HID/Src/usbd_hid.o
 .debug_macro   0x0000000000016c83       0xfd ./Middlewares/ST/STM32_USB_Device_Library/Class/HID/Src/usbd_hid.o
 .debug_macro   0x0000000000016d80       0x56 ./Middlewares/ST/STM32_USB_Device_Library/Class/HID/Src/usbd_hid.o
 .debug_macro   0x0000000000016dd6       0x5e ./Middlewares/ST/STM32_USB_Device_Library/Class/HID/Src/usbd_hid.o
 .debug_macro   0x0000000000016e34      0x3af ./Middlewares/ST/STM32_USB_Device_Library/Core/Src/usbd_core.o
 .debug_macro   0x00000000000171e3      0x1ce ./Middlewares/ST/STM32_USB_Device_Library/Core/Src/usbd_core.o
 .debug_macro   0x00000000000173b1      0x3b9 ./Middlewares/ST/STM32_USB_Device_Library/Core/Src/usbd_ctlreq.o
 .debug_macro   0x000000000001776a      0x3b5 ./Middlewares/ST/STM32_USB_Device_Library/Core/Src/usbd_ioreq.o
 .debug_macro   0x0000000000017b1f      0x3e5 ./USB_DEVICE/App/usb_device.o
 .debug_macro   0x0000000000017f04       0x22 ./USB_DEVICE/App/usb_device.o
 .debug_macro   0x0000000000017f26      0x3ec ./USB_DEVICE/App/usbd_desc.o
 .debug_macro   0x0000000000018312       0x1c ./USB_DEVICE/App/usbd_desc.o
 .debug_macro   0x000000000001832e      0x3d2 ./USB_DEVICE/Target/usbd_conf.o

.debug_line     0x0000000000000000     0xd0e2
 .debug_line    0x0000000000000000      0xa30 ./Core/Src/main.o
 .debug_line    0x0000000000000a30      0x664 ./Core/Src/stm32f1xx_hal_msp.o
 .debug_line    0x0000000000001094      0x73e ./Core/Src/stm32f1xx_it.o
 .debug_line    0x00000000000017d2      0x6e2 ./Core/Src/system_stm32f1xx.o
 .debug_line    0x0000000000001eb4       0x87 ./Core/Startup/startup_stm32f103cbtx.o
 .debug_line    0x0000000000001f3b      0x90f ./Drivers/STM32F1xx_HAL_Driver/Src/stm32f1xx_hal.o
 .debug_line    0x000000000000284a      0xaf7 ./Drivers/STM32F1xx_HAL_Driver/Src/stm32f1xx_hal_cortex.o
 .debug_line    0x0000000000003341      0x9a6 ./Drivers/STM32F1xx_HAL_Driver/Src/stm32f1xx_hal_gpio.o
 .debug_line    0x0000000000003ce7     0x12fd ./Drivers/STM32F1xx_HAL_Driver/Src/stm32f1xx_hal_pcd.o
 .debug_line    0x0000000000004fe4      0x6dd ./Drivers/STM32F1xx_HAL_Driver/Src/stm32f1xx_hal_pcd_ex.o
 .debug_line    0x00000000000056c1      0xd1d ./Drivers/STM32F1xx_HAL_Driver/Src/stm32f1xx_hal_rcc.o
 .debug_line    0x00000000000063de      0x85b ./Drivers/STM32F1xx_HAL_Driver/Src/stm32f1xx_hal_rcc_ex.o
 .debug_line    0x0000000000006c39     0x1042 ./Drivers/STM32F1xx_HAL_Driver/Src/stm32f1xx_ll_usb.o
 .debug_line    0x0000000000007c7b      0xba4 ./Middlewares/ST/STM32_USB_Device_Library/Class/HID/Src/usbd_hid.o
 .debug_line    0x000000000000881f      0xd6b ./Middlewares/ST/STM32_USB_Device_Library/Core/Src/usbd_core.o
 .debug_line    0x000000000000958a      0xf8d ./Middlewares/ST/STM32_USB_Device_Library/Core/Src/usbd_ctlreq.o
 .debug_line    0x000000000000a517      0xa01 ./Middlewares/ST/STM32_USB_Device_Library/Core/Src/usbd_ioreq.o
 .debug_line    0x000000000000af18      0x9a6 ./USB_DEVICE/App/usb_device.o
 .debug_line    0x000000000000b8be      0xa8a ./USB_DEVICE/App/usbd_desc.o
 .debug_line    0x000000000000c348      0xd9a ./USB_DEVICE/Target/usbd_conf.o

.debug_str      0x0000000000000000    0x84859
 .debug_str     0x0000000000000000    0x82119 ./Core/Src/main.o
                                      0x82593 (size before relaxing)
 .debug_str     0x0000000000082119       0x5a ./Core/Src/stm32f1xx_hal_msp.o
                                      0x7d390 (size before relaxing)
 .debug_str     0x0000000000082173      0x3f8 ./Core/Src/stm32f1xx_it.o
                                      0x7d764 (size before relaxing)
 .debug_str     0x000000000008256b       0x7e ./Core/Src/system_stm32f1xx.o
                                      0x7d3bb (size before relaxing)
 .debug_str     0x00000000000825e9       0x36 ./Core/Startup/startup_stm32f103cbtx.o
                                         0x5b (size before relaxing)
 .debug_str     0x000000000008261f      0x602 ./Drivers/STM32F1xx_HAL_Driver/Src/stm32f1xx_hal.o
                                      0x7daee (size before relaxing)
 .debug_str     0x0000000000082c21      0x293 ./Drivers/STM32F1xx_HAL_Driver/Src/stm32f1xx_hal_cortex.o
                                      0x7da3a (size before relaxing)
 .debug_str     0x0000000000082eb4      0x2e5 ./Drivers/STM32F1xx_HAL_Driver/Src/stm32f1xx_hal_gpio.o
                                      0x7d741 (size before relaxing)
 .debug_str     0x0000000000083199      0x573 ./Drivers/STM32F1xx_HAL_Driver/Src/stm32f1xx_hal_pcd.o
                                      0x7dc93 (size before relaxing)
 .debug_str     0x000000000008370c      0x170 ./Drivers/STM32F1xx_HAL_Driver/Src/stm32f1xx_hal_pcd_ex.o
                                      0x7d82f (size before relaxing)
 .debug_str     0x000000000008387c      0x229 ./Drivers/STM32F1xx_HAL_Driver/Src/stm32f1xx_hal_rcc.o
                                      0x7d7ea (size before relaxing)
 .debug_str     0x0000000000083aa5       0x9f ./Drivers/STM32F1xx_HAL_Driver/Src/stm32f1xx_hal_rcc_ex.o
                                      0x7d53a (size before relaxing)
 .debug_str     0x0000000000083b44      0x129 ./Drivers/STM32F1xx_HAL_Driver/Src/stm32f1xx_ll_usb.o
                                      0x7d862 (size before relaxing)
 .debug_str     0x0000000000083c6d      0x457 ./Middlewares/ST/STM32_USB_Device_Library/Class/HID/Src/usbd_hid.o
                                      0x82372 (size before relaxing)
 .debug_str     0x00000000000840c4      0x298 ./Middlewares/ST/STM32_USB_Device_Library/Core/Src/usbd_core.o
                                      0x8220d (size before relaxing)
 .debug_str     0x000000000008435c      0x11b ./Middlewares/ST/STM32_USB_Device_Library/Core/Src/usbd_ctlreq.o
                                      0x82127 (size before relaxing)
 .debug_str     0x0000000000084477       0x79 ./Middlewares/ST/STM32_USB_Device_Library/Core/Src/usbd_ioreq.o
                                      0x82054 (size before relaxing)
 .debug_str     0x00000000000844f0       0xa2 ./USB_DEVICE/App/usb_device.o
                                      0x821c9 (size before relaxing)
 .debug_str     0x0000000000084592      0x24f ./USB_DEVICE/App/usbd_desc.o
                                      0x81f87 (size before relaxing)
 .debug_str     0x00000000000847e1       0x78 ./USB_DEVICE/Target/usbd_conf.o
                                      0x82cfc (size before relaxing)

.comment        0x0000000000000000       0x50
 .comment       0x0000000000000000       0x50 ./Core/Src/main.o
                                         0x51 (size before relaxing)
 .comment       0x0000000000000050       0x51 ./Core/Src/stm32f1xx_hal_msp.o
 .comment       0x0000000000000050       0x51 ./Core/Src/stm32f1xx_it.o
 .comment       0x0000000000000050       0x51 ./Core/Src/system_stm32f1xx.o
 .comment       0x0000000000000050       0x51 ./Drivers/STM32F1xx_HAL_Driver/Src/stm32f1xx_hal.o
 .comment       0x0000000000000050       0x51 ./Drivers/STM32F1xx_HAL_Driver/Src/stm32f1xx_hal_cortex.o
 .comment       0x0000000000000050       0x51 ./Drivers/STM32F1xx_HAL_Driver/Src/stm32f1xx_hal_gpio.o
 .comment       0x0000000000000050       0x51 ./Drivers/STM32F1xx_HAL_Driver/Src/stm32f1xx_hal_pcd.o
 .comment       0x0000000000000050       0x51 ./Drivers/STM32F1xx_HAL_Driver/Src/stm32f1xx_hal_pcd_ex.o
 .comment       0x0000000000000050       0x51 ./Drivers/STM32F1xx_HAL_Driver/Src/stm32f1xx_hal_rcc.o
 .comment       0x0000000000000050       0x51 ./Drivers/STM32F1xx_HAL_Driver/Src/stm32f1xx_hal_rcc_ex.o
 .comment       0x0000000000000050       0x51 ./Drivers/STM32F1xx_HAL_Driver/Src/stm32f1xx_ll_usb.o
 .comment       0x0000000000000050       0x51 ./Middlewares/ST/STM32_USB_Device_Library/Class/HID/Src/usbd_hid.o
 .comment       0x0000000000000050       0x51 ./Middlewares/ST/STM32_USB_Device_Library/Core/Src/usbd_core.o
 .comment       0x0000000000000050       0x51 ./Middlewares/ST/STM32_USB_Device_Library/Core/Src/usbd_ctlreq.o
 .comment       0x0000000000000050       0x51 ./Middlewares/ST/STM32_USB_Device_Library/Core/Src/usbd_ioreq.o
 .comment       0x0000000000000050       0x51 ./USB_DEVICE/App/usb_device.o
 .comment       0x0000000000000050       0x51 ./USB_DEVICE/App/usbd_desc.o
 .comment       0x0000000000000050       0x51 ./USB_DEVICE/Target/usbd_conf.o

.debug_frame    0x0000000000000000     0x2658
 .debug_frame   0x0000000000000000       0xb8 ./Core/Src/main.o
 .debug_frame   0x00000000000000b8       0x38 ./Core/Src/stm32f1xx_hal_msp.o
 .debug_frame   0x00000000000000f0      0x120 ./Core/Src/stm32f1xx_it.o
 .debug_frame   0x0000000000000210       0x58 ./Core/Src/system_stm32f1xx.o
 .debug_frame   0x0000000000000268      0x334 ./Drivers/STM32F1xx_HAL_Driver/Src/stm32f1xx_hal.o
 .debug_frame   0x000000000000059c      0x428 ./Drivers/STM32F1xx_HAL_Driver/Src/stm32f1xx_hal_cortex.o
 .debug_frame   0x00000000000009c4      0x14c ./Drivers/STM32F1xx_HAL_Driver/Src/stm32f1xx_hal_gpio.o
 .debug_frame   0x0000000000000b10      0x578 ./Drivers/STM32F1xx_HAL_Driver/Src/stm32f1xx_hal_pcd.o
 .debug_frame   0x0000000000001088       0xb0 ./Drivers/STM32F1xx_HAL_Driver/Src/stm32f1xx_hal_pcd_ex.o
 .debug_frame   0x0000000000001138      0x21c ./Drivers/STM32F1xx_HAL_Driver/Src/stm32f1xx_hal_rcc.o
 .debug_frame   0x0000000000001354       0x84 ./Drivers/STM32F1xx_HAL_Driver/Src/stm32f1xx_hal_rcc_ex.o
 .debug_frame   0x00000000000013d8      0x450 ./Drivers/STM32F1xx_HAL_Driver/Src/stm32f1xx_ll_usb.o
 .debug_frame   0x0000000000001828      0x190 ./Middlewares/ST/STM32_USB_Device_Library/Class/HID/Src/usbd_hid.o
 .debug_frame   0x00000000000019b8      0x300 ./Middlewares/ST/STM32_USB_Device_Library/Core/Src/usbd_core.o
 .debug_frame   0x0000000000001cb8      0x218 ./Middlewares/ST/STM32_USB_Device_Library/Core/Src/usbd_ctlreq.o
 .debug_frame   0x0000000000001ed0      0x10c ./Middlewares/ST/STM32_USB_Device_Library/Core/Src/usbd_ioreq.o
 .debug_frame   0x0000000000001fdc       0x2c ./USB_DEVICE/App/usb_device.o
 .debug_frame   0x0000000000002008      0x160 ./USB_DEVICE/App/usbd_desc.o
 .debug_frame   0x0000000000002168      0x4a4 ./USB_DEVICE/Target/usbd_conf.o
 .debug_frame   0x000000000000260c       0x2c d:/stm32cubeide_1.10.1/stm32cubeide/plugins/com.st.stm32cube.ide.mcu.externaltools.gnu-tools-for-stm32.10.3-2021.10.win32_1.0.0.202111181127/tools/bin/../lib/gcc/arm-none-eabi/10.3.1/../../../../arm-none-eabi/lib/thumb/v7-m/nofp\libc_nano.a(lib_a-init.o)
 .debug_frame   0x0000000000002638       0x20 d:/stm32cubeide_1.10.1/stm32cubeide/plugins/com.st.stm32cube.ide.mcu.externaltools.gnu-tools-for-stm32.10.3-2021.10.win32_1.0.0.202111181127/tools/bin/../lib/gcc/arm-none-eabi/10.3.1/../../../../arm-none-eabi/lib/thumb/v7-m/nofp\libc_nano.a(lib_a-memset.o)
