Archive member included to satisfy reference by file (symbol)

d:/stm32cubeide_1.10.1/stm32cubeide/plugins/com.st.stm32cube.ide.mcu.externaltools.gnu-tools-for-stm32.10.3-2021.10.win32_1.0.0.202111181127/tools/bin/../lib/gcc/arm-none-eabi/10.3.1/../../../../arm-none-eabi/lib/thumb/v7-m/nofp\libc_nano.a(lib_a-errno.o)
                              ./Core/Src/syscalls.o (__errno)
d:/stm32cubeide_1.10.1/stm32cubeide/plugins/com.st.stm32cube.ide.mcu.externaltools.gnu-tools-for-stm32.10.3-2021.10.win32_1.0.0.202111181127/tools/bin/../lib/gcc/arm-none-eabi/10.3.1/../../../../arm-none-eabi/lib/thumb/v7-m/nofp\libc_nano.a(lib_a-exit.o)
                              d:/stm32cubeide_1.10.1/stm32cubeide/plugins/com.st.stm32cube.ide.mcu.externaltools.gnu-tools-for-stm32.10.3-2021.10.win32_1.0.0.202111181127/tools/bin/../lib/gcc/arm-none-eabi/10.3.1/../../../../arm-none-eabi/lib/thumb/v7-m/nofp/crt0.o (exit)
d:/stm32cubeide_1.10.1/stm32cubeide/plugins/com.st.stm32cube.ide.mcu.externaltools.gnu-tools-for-stm32.10.3-2021.10.win32_1.0.0.202111181127/tools/bin/../lib/gcc/arm-none-eabi/10.3.1/../../../../arm-none-eabi/lib/thumb/v7-m/nofp\libc_nano.a(lib_a-impure.o)
                              d:/stm32cubeide_1.10.1/stm32cubeide/plugins/com.st.stm32cube.ide.mcu.externaltools.gnu-tools-for-stm32.10.3-2021.10.win32_1.0.0.202111181127/tools/bin/../lib/gcc/arm-none-eabi/10.3.1/../../../../arm-none-eabi/lib/thumb/v7-m/nofp\libc_nano.a(lib_a-exit.o) (_global_impure_ptr)
d:/stm32cubeide_1.10.1/stm32cubeide/plugins/com.st.stm32cube.ide.mcu.externaltools.gnu-tools-for-stm32.10.3-2021.10.win32_1.0.0.202111181127/tools/bin/../lib/gcc/arm-none-eabi/10.3.1/../../../../arm-none-eabi/lib/thumb/v7-m/nofp\libc_nano.a(lib_a-init.o)
                              d:/stm32cubeide_1.10.1/stm32cubeide/plugins/com.st.stm32cube.ide.mcu.externaltools.gnu-tools-for-stm32.10.3-2021.10.win32_1.0.0.202111181127/tools/bin/../lib/gcc/arm-none-eabi/10.3.1/../../../../arm-none-eabi/lib/thumb/v7-m/nofp/crt0.o (__libc_init_array)
d:/stm32cubeide_1.10.1/stm32cubeide/plugins/com.st.stm32cube.ide.mcu.externaltools.gnu-tools-for-stm32.10.3-2021.10.win32_1.0.0.202111181127/tools/bin/../lib/gcc/arm-none-eabi/10.3.1/../../../../arm-none-eabi/lib/thumb/v7-m/nofp\libc_nano.a(lib_a-memcpy-stub.o)
                              ./Core/Src/main.o (memcpy)
d:/stm32cubeide_1.10.1/stm32cubeide/plugins/com.st.stm32cube.ide.mcu.externaltools.gnu-tools-for-stm32.10.3-2021.10.win32_1.0.0.202111181127/tools/bin/../lib/gcc/arm-none-eabi/10.3.1/../../../../arm-none-eabi/lib/thumb/v7-m/nofp\libc_nano.a(lib_a-memset.o)
                              d:/stm32cubeide_1.10.1/stm32cubeide/plugins/com.st.stm32cube.ide.mcu.externaltools.gnu-tools-for-stm32.10.3-2021.10.win32_1.0.0.202111181127/tools/bin/../lib/gcc/arm-none-eabi/10.3.1/../../../../arm-none-eabi/lib/thumb/v7-m/nofp/crt0.o (memset)

Discarded input sections

 .text          0x0000000000000000        0x0 d:/stm32cubeide_1.10.1/stm32cubeide/plugins/com.st.stm32cube.ide.mcu.externaltools.gnu-tools-for-stm32.10.3-2021.10.win32_1.0.0.202111181127/tools/bin/../lib/gcc/arm-none-eabi/10.3.1/thumb/v7-m/nofp/crti.o
 .data          0x0000000000000000        0x0 d:/stm32cubeide_1.10.1/stm32cubeide/plugins/com.st.stm32cube.ide.mcu.externaltools.gnu-tools-for-stm32.10.3-2021.10.win32_1.0.0.202111181127/tools/bin/../lib/gcc/arm-none-eabi/10.3.1/thumb/v7-m/nofp/crti.o
 .bss           0x0000000000000000        0x0 d:/stm32cubeide_1.10.1/stm32cubeide/plugins/com.st.stm32cube.ide.mcu.externaltools.gnu-tools-for-stm32.10.3-2021.10.win32_1.0.0.202111181127/tools/bin/../lib/gcc/arm-none-eabi/10.3.1/thumb/v7-m/nofp/crti.o
 .data          0x0000000000000000        0x4 d:/stm32cubeide_1.10.1/stm32cubeide/plugins/com.st.stm32cube.ide.mcu.externaltools.gnu-tools-for-stm32.10.3-2021.10.win32_1.0.0.202111181127/tools/bin/../lib/gcc/arm-none-eabi/10.3.1/thumb/v7-m/nofp/crtbegin.o
 .rodata        0x0000000000000000       0x24 d:/stm32cubeide_1.10.1/stm32cubeide/plugins/com.st.stm32cube.ide.mcu.externaltools.gnu-tools-for-stm32.10.3-2021.10.win32_1.0.0.202111181127/tools/bin/../lib/gcc/arm-none-eabi/10.3.1/thumb/v7-m/nofp/crtbegin.o
 .text          0x0000000000000000       0x7c d:/stm32cubeide_1.10.1/stm32cubeide/plugins/com.st.stm32cube.ide.mcu.externaltools.gnu-tools-for-stm32.10.3-2021.10.win32_1.0.0.202111181127/tools/bin/../lib/gcc/arm-none-eabi/10.3.1/../../../../arm-none-eabi/lib/thumb/v7-m/nofp/crt0.o
 .data          0x0000000000000000        0x0 d:/stm32cubeide_1.10.1/stm32cubeide/plugins/com.st.stm32cube.ide.mcu.externaltools.gnu-tools-for-stm32.10.3-2021.10.win32_1.0.0.202111181127/tools/bin/../lib/gcc/arm-none-eabi/10.3.1/../../../../arm-none-eabi/lib/thumb/v7-m/nofp/crt0.o
[...]
Memory Configuration

Name             Origin             Length             Attributes
RAM              0x0000000020000000 0x0000000000002800 xrw
FLASH            0x0000000008000000 0x0000000000008000 xr
*default*        0x0000000000000000 0xffffffffffffffff

Linker script and memory map

LOAD d:/stm32cubeide_1.10.1/stm32cubeide/plugins/com.st.stm32cube.ide.mcu.externaltools.gnu-tools-for-stm32.10.3-2021.10.win32_1.0.0.202111181127/tools/bin/../lib/gcc/arm-none-eabi/10.3.1/thumb/v7-m/nofp/crti.o
LOAD d:/stm32cubeide_1.10.1/stm32cubeide/plugins/com.st.stm32cube.ide.mcu.externaltools.gnu-tools-for-stm32.10.3-2021.10.win32_1.0.0.202111181127/tools/bin/../lib/gcc/arm-none-eabi/10.3.1/thumb/v7-m/nofp/crtbegin.o
LOAD d:/stm32cubeide_1.10.1/stm32cubeide/plugins/com.st.stm32cube.ide.mcu.externaltools.gnu-tools-for-stm32.10.3-2021.10.win32_1.0.0.202111181127/tools/bin/../lib/gcc/arm-none-eabi/10.3.1/../../../../arm-none-eabi/lib/thumb/v7-m/nofp/crt0.o
LOAD ./Core/Src/main.o
LOAD ./Core/Src/stm32f1xx_hal_msp.o
LOAD ./Core/Src/stm32f1xx_it.o
LOAD ./Core/Src/syscalls.o
LOAD ./Core/Src/sysmem.o
LOAD ./Core/Src/system_stm32f1xx.o
LOAD ./Core/Startup/startup_stm32f103c6tx.o
LOAD ./Drivers/STM32F1xx_HAL_Driver/Src/stm32f1xx_hal.o
LOAD ./Drivers/STM32F1xx_HAL_Driver/Src/stm32f1xx_hal_cortex.o
LOAD ./Drivers/STM32F1xx_HAL_Driver/Src/stm32f1xx_hal_dma.o
LOAD ./Drivers/STM32F1xx_HAL_Driver/Src/stm32f1xx_hal_exti.o
LOAD ./Drivers/STM32F1xx_HAL_Driver/Src/stm32f1xx_hal_flash.o
LOAD ./Drivers/STM32F1xx_HAL_Driver/Src/stm32f1xx_hal_flash_ex.o
LOAD ./Drivers/STM32F1xx_HAL_Driver/Src/stm32f1xx_hal_gpio.o
LOAD ./Drivers/STM32F1xx_HAL_Driver/Src/stm32f1xx_hal_gpio_ex.o
LOAD ./Drivers/STM32F1xx_HAL_Driver/Src/stm32f1xx_hal_pcd.o
LOAD ./Drivers/STM32F1xx_HAL_Driver/Src/stm32f1xx_hal_pcd_ex.o
LOAD ./Drivers/STM32F1xx_HAL_Driver/Src/stm32f1xx_hal_pwr.o
LOAD ./Drivers/STM32F1xx_HAL_Driver/Src/stm32f1xx_hal_rcc.o
LOAD ./Drivers/STM32F1xx_HAL_Driver/Src/stm32f1xx_hal_rcc_ex.o
LOAD ./Drivers/STM32F1xx_HAL_Driver/Src/stm32f1xx_hal_spi.o
LOAD ./Drivers/STM32F1xx_HAL_Driver/Src/stm32f1xx_hal_tim.o
LOAD ./Drivers/STM32F1xx_HAL_Driver/Src/stm32f1xx_hal_tim_ex.o
LOAD ./Drivers/STM32F1xx_HAL_Driver/Src/stm32f1xx_ll_usb.o
LOAD ./Middlewares/ST/STM32_USB_Device_Library/Class/CustomHID/Src/usbd_customhid.o
LOAD ./Middlewares/ST/STM32_USB_Device_Library/Core/Src/usbd_core.o
LOAD ./Middlewares/ST/STM32_USB_Device_Library/Core/Src/usbd_ctlreq.o
LOAD ./Middlewares/ST/STM32_USB_Device_Library/Core/Src/usbd_ioreq.o
LOAD ./USB_DEVICE/App/usb_device.o
LOAD ./USB_DEVICE/App/usbd_custom_hid_if.o
LOAD ./USB_DEVICE/App/usbd_desc.o
LOAD ./USB_DEVICE/Target/usbd_conf.o
START GROUP
LOAD d:/stm32cubeide_1.10.1/stm32cubeide/plugins/com.st.stm32cube.ide.mcu.externaltools.gnu-tools-for-stm32.10.3-2021.10.win32_1.0.0.202111181127/tools/bin/../lib/gcc/arm-none-eabi/10.3.1/../../../../arm-none-eabi/lib/thumb/v7-m/nofp\libc_nano.a
LOAD d:/stm32cubeide_1.10.1/stm32cubeide/plugins/com.st.stm32cube.ide.mcu.externaltools.gnu-tools-for-stm32.10.3-2021.10.win32_1.0.0.202111181127/tools/bin/../lib/gcc/arm-none-eabi/10.3.1/../../../../arm-none-eabi/lib/thumb/v7-m/nofp\libm.a
END GROUP
START GROUP
LOAD d:/stm32cubeide_1.10.1/stm32cubeide/plugins/com.st.stm32cube.ide.mcu.externaltools.gnu-tools-for-stm32.10.3-2021.10.win32_1.0.0.202111181127/tools/bin/../lib/gcc/arm-none-eabi/10.3.1/thumb/v7-m/nofp\libgcc.a
LOAD d:/stm32cubeide_1.10.1/stm32cubeide/plugins/com.st.stm32cube.ide.mcu.externaltools.gnu-tools-for-stm32.10.3-2021.10.win32_1.0.0.202111181127/tools/bin/../lib/gcc/arm-none-eabi/10.3.1/../../../../arm-none-eabi/lib/thumb/v7-m/nofp\libc_nano.a
END GROUP
START GROUP
LOAD d:/stm32cubeide_1.10.1/stm32cubeide/plugins/com.st.stm32cube.ide.mcu.externaltools.gnu-tools-for-stm32.10.3-2021.10.win32_1.0.0.202111181127/tools/bin/../lib/gcc/arm-none-eabi/10.3.1/thumb/v7-m/nofp\libgcc.a
LOAD d:/stm32cubeide_1.10.1/stm32cubeide/plugins/com.st.stm32cube.ide.mcu.externaltools.gnu-tools-for-stm32.10.3-2021.10.win32_1.0.0.202111181127/tools/bin/../lib/gcc/arm-none-eabi/10.3.1/../../../../arm-none-eabi/lib/thumb/v7-m/nofp\libc_nano.a
LOAD d:/stm32cubeide_1.10.1/stm32cubeide/plugins/com.st.stm32cube.ide.mcu.externaltools.gnu-tools-for-stm32.10.3-2021.10.win32_1.0.0.202111181127/tools/bin/../lib/gcc/arm-none-eabi/10.3.1/../../../../arm-none-eabi/lib/thumb/v7-m/nofp\libnosys.a
END GROUP
START GROUP
LOAD d:/stm32cubeide_1.10.1/stm32cubeide/plugins/com.st.stm32cube.ide.mcu.externaltools.gnu-tools-for-stm32.10.3-2021.10.win32_1.0.0.202111181127/tools/bin/../lib/gcc/arm-none-eabi/10.3.1/thumb/v7-m/nofp\libgcc.a
LOAD d:/stm32cubeide_1.10.1/stm32cubeide/plugins/com.st.stm32cube.ide.mcu.externaltools.gnu-tools-for-stm32.10.3-2021.10.win32_1.0.0.202111181127/tools/bin/../lib/gcc/arm-none-eabi/10.3.1/../../../../arm-none-eabi/lib/thumb/v7-m/nofp\libc_nano.a
LOAD d:/stm32cubeide_1.10.1/stm32cubeide/plugins/com.st.stm32cube.ide.mcu.externaltools.gnu-tools-for-stm32.10.3-2021.10.win32_1.0.0.202111181127/tools/bin/../lib/gcc/arm-none-eabi/10.3.1/../../../../arm-none-eabi/lib/thumb/v7-m/nofp\libnosys.a
END GROUP
LOAD d:/stm32cubeide_1.10.1/stm32cubeide/plugins/com.st.stm32cube.ide.mcu.externaltools.gnu-tools-for-stm32.10.3-2021.10.win32_1.0.0.202111181127/tools/bin/../lib/gcc/arm-none-eabi/10.3.1/thumb/v7-m/nofp/crtend.o
LOAD d:/stm32cubeide_1.10.1/stm32cubeide/plugins/com.st.stm32cube.ide.mcu.externaltools.gnu-tools-for-stm32.10.3-2021.10.win32_1.0.0.202111181127/tools/bin/../lib/gcc/arm-none-eabi/10.3.1/thumb/v7-m/nofp/crtn.o
                0x0000000020002800                _estack = (ORIGIN (RAM) + LENGTH (RAM))
                0x0000000000000200                _Min_Heap_Size = 0x200
                0x0000000000000400                _Min_Stack_Size = 0x400

.isr_vector     0x0000000008000000      0x10c
                0x0000000008000000                . = ALIGN (0x4)
 *(.isr_vector)
 .isr_vector    0x0000000008000000      0x10c ./Core/Startup/startup_stm32f103c6tx.o
                0x0000000008000000                g_pfnVectors
                0x000000000800010c                . = ALIGN (0x4)

.text           0x000000000800010c     0x79e4
                0x000000000800010c                . = ALIGN (0x4)
 *(.text)
 .text          0x000000000800010c       0x40 d:/stm32cubeide_1.10.1/stm32cubeide/plugins/com.st.stm32cube.ide.mcu.externaltools.gnu-tools-for-stm32.10.3-2021.10.win32_1.0.0.202111181127/tools/bin/../lib/gcc/arm-none-eabi/10.3.1/thumb/v7-m/nofp/crtbegin.o
 *(.text*)
 .text.DelayUs  0x000000000800014c       0x3c ./Core/Src/main.o
                0x000000000800014c                DelayUs
 .text.main     0x0000000008000188       0x34 ./Core/Src/main.o
                0x0000000008000188                main
 .text.SystemClock_Config
                0x00000000080001bc       0xb6 ./Core/Src/main.o
                0x00000000080001bc                SystemClock_Config
 *fill*         0x0000000008000272        0x2 
 .text.MX_SPI1_Init
                0x0000000008000274       0x70 ./Core/Src/main.o
 .text.MX_GPIO_Init
                0x00000000080002e4       0x44 ./Core/Src/main.o
 .text.ScanKeyStates
                0x0000000008000328       0x9c ./Core/Src/main.o
                0x0000000008000328                ScanKeyStates
 .text.ApplyDebounceFilter
                0x00000000080003c4       0x6c ./Core/Src/main.o
                0x00000000080003c4                ApplyDebounceFilter
 .text.keymap_t_hbuf
                0x0000000008000430      0x1c0 ./Core/Src/main.o
                0x0000000008000430                keymap_t_hbuf
 .text.Error_Handler
                0x00000000080005f0        0xa ./Core/Src/main.o
                0x00000000080005f0                Error_Handler
 *fill*         0x00000000080005fa        0x2 
 .text.HAL_MspInit
                0x00000000080005fc       0x64 ./Core/Src/stm32f1xx_hal_msp.o
                0x00000000080005fc                HAL_MspInit
 .text.HAL_SPI_MspInit
                0x0000000008000660       0x94 ./Core/Src/stm32f1xx_hal_msp.o
                0x0000000008000660                HAL_SPI_MspInit
 .text.NMI_Handler
                0x00000000080006f4        0x6 ./Core/Src/stm32f1xx_it.o
                0x00000000080006f4                NMI_Handler
 .text.HardFault_Handler
                0x00000000080006fa        0x6 ./Core/Src/stm32f1xx_it.o
                0x00000000080006fa                HardFault_Handler
 .text.MemManage_Handler
                0x0000000008000700        0x6 ./Core/Src/stm32f1xx_it.o
                0x0000000008000700                MemManage_Handler
 .text.BusFault_Handler
                0x0000000008000706        0x6 ./Core/Src/stm32f1xx_it.o
                0x0000000008000706                BusFault_Handler
 .text.UsageFault_Handler
                0x000000000800070c        0x6 ./Core/Src/stm32f1xx_it.o
                0x000000000800070c                UsageFault_Handler
 .text.SVC_Handler
                0x0000000008000712        0xc ./Core/Src/stm32f1xx_it.o
                0x0000000008000712                SVC_Handler
 .text.DebugMon_Handler
                0x000000000800071e        0xc ./Core/Src/stm32f1xx_it.o
                0x000000000800071e                DebugMon_Handler
 .text.PendSV_Handler
                0x000000000800072a        0xc ./Core/Src/stm32f1xx_it.o
                0x000000000800072a                PendSV_Handler
 .text.SysTick_Handler
                0x0000000008000736        0xc ./Core/Src/stm32f1xx_it.o
                0x0000000008000736                SysTick_Handler
 *fill*         0x0000000008000742        0x2 
 .text.USB_LP_CAN1_RX0_IRQHandler
                0x0000000008000744       0x14 ./Core/Src/stm32f1xx_it.o
                0x0000000008000744                USB_LP_CAN1_RX0_IRQHandler
 .text.SystemInit
                0x0000000008000758        0xc ./Core/Src/system_stm32f1xx.o
                0x0000000008000758                SystemInit
 .text.Reset_Handler
                0x0000000008000764       0x48 ./Core/Startup/startup_stm32f103c6tx.o
                0x0000000008000764                Reset_Handler
 .text.Default_Handler
                0x00000000080007ac        0x2 ./Core/Startup/startup_stm32f103c6tx.o
                0x00000000080007ac                RTC_Alarm_IRQHandler
                0x00000000080007ac                EXTI2_IRQHandler
                0x00000000080007ac                TIM1_CC_IRQHandler
                0x00000000080007ac                PVD_IRQHandler
                0x00000000080007ac                EXTI3_IRQHandler
                0x00000000080007ac                EXTI0_IRQHandler
                0x00000000080007ac                ADC1_2_IRQHandler
                0x00000000080007ac                SPI1_IRQHandler
                0x00000000080007ac                TAMPER_IRQHandler
                0x00000000080007ac                DMA1_Channel4_IRQHandler
                0x00000000080007ac                RTC_IRQHandler
                0x00000000080007ac                DMA1_Channel7_IRQHandler
                0x00000000080007ac                CAN1_RX1_IRQHandler
                0x00000000080007ac                I2C1_EV_IRQHandler
                0x00000000080007ac                DMA1_Channel6_IRQHandler
                0x00000000080007ac                TIM3_IRQHandler
                0x00000000080007ac                RCC_IRQHandler
                0x00000000080007ac                TIM1_TRG_COM_IRQHandler
                0x00000000080007ac                DMA1_Channel1_IRQHandler
                0x00000000080007ac                Default_Handler
                0x00000000080007ac                EXTI15_10_IRQHandler
                0x00000000080007ac                EXTI9_5_IRQHandler
                0x00000000080007ac                DMA1_Channel5_IRQHandler
                0x00000000080007ac                EXTI4_IRQHandler
                0x00000000080007ac                USB_HP_CAN1_TX_IRQHandler
                0x00000000080007ac                DMA1_Channel3_IRQHandler
                0x00000000080007ac                TIM1_UP_IRQHandler
                0x00000000080007ac                WWDG_IRQHandler
                0x00000000080007ac                TIM2_IRQHandler
                0x00000000080007ac                TIM1_BRK_IRQHandler
                0x00000000080007ac                EXTI1_IRQHandler
                0x00000000080007ac                USART2_IRQHandler
                0x00000000080007ac                DMA1_Channel2_IRQHandler
                0x00000000080007ac                CAN1_SCE_IRQHandler
                0x00000000080007ac                FLASH_IRQHandler
                0x00000000080007ac                USART1_IRQHandler
                0x00000000080007ac                I2C1_ER_IRQHandler
                0x00000000080007ac                USBWakeUp_IRQHandler
 *fill*         0x00000000080007ae        0x2 
 .text.HAL_Init
                0x00000000080007b0       0x2c ./Drivers/STM32F1xx_HAL_Driver/Src/stm32f1xx_hal.o
                0x00000000080007b0                HAL_Init
 .text.HAL_InitTick
                0x00000000080007dc       0x60 ./Drivers/STM32F1xx_HAL_Driver/Src/stm32f1xx_hal.o
                0x00000000080007dc                HAL_InitTick
 .text.HAL_IncTick
                0x000000000800083c       0x24 ./Drivers/STM32F1xx_HAL_Driver/Src/stm32f1xx_hal.o
                0x000000000800083c                HAL_IncTick
 .text.HAL_GetTick
                0x0000000008000860       0x14 ./Drivers/STM32F1xx_HAL_Driver/Src/stm32f1xx_hal.o
                0x0000000008000860                HAL_GetTick
 .text.__NVIC_SetPriorityGrouping
                0x0000000008000874       0x48 ./Drivers/STM32F1xx_HAL_Driver/Src/stm32f1xx_hal_cortex.o
 .text.__NVIC_GetPriorityGrouping
                0x00000000080008bc       0x1c ./Drivers/STM32F1xx_HAL_Driver/Src/stm32f1xx_hal_cortex.o
 .text.__NVIC_EnableIRQ
                0x00000000080008d8       0x38 ./Drivers/STM32F1xx_HAL_Driver/Src/stm32f1xx_hal_cortex.o
 .text.__NVIC_SetPriority
                0x0000000008000910       0x54 ./Drivers/STM32F1xx_HAL_Driver/Src/stm32f1xx_hal_cortex.o
 .text.NVIC_EncodePriority
                0x0000000008000964       0x64 ./Drivers/STM32F1xx_HAL_Driver/Src/stm32f1xx_hal_cortex.o
 .text.SysTick_Config
                0x00000000080009c8       0x44 ./Drivers/STM32F1xx_HAL_Driver/Src/stm32f1xx_hal_cortex.o
 .text.HAL_NVIC_SetPriorityGrouping
                0x0000000008000a0c       0x16 ./Drivers/STM32F1xx_HAL_Driver/Src/stm32f1xx_hal_cortex.o
                0x0000000008000a0c                HAL_NVIC_SetPriorityGrouping
 .text.HAL_NVIC_SetPriority
                0x0000000008000a22       0x38 ./Drivers/STM32F1xx_HAL_Driver/Src/stm32f1xx_hal_cortex.o
                0x0000000008000a22                HAL_NVIC_SetPriority
 .text.HAL_NVIC_EnableIRQ
                0x0000000008000a5a       0x1c ./Drivers/STM32F1xx_HAL_Driver/Src/stm32f1xx_hal_cortex.o
                0x0000000008000a5a                HAL_NVIC_EnableIRQ
 .text.HAL_SYSTICK_Config
                0x0000000008000a76       0x18 ./Drivers/STM32F1xx_HAL_Driver/Src/stm32f1xx_hal_cortex.o
                0x0000000008000a76                HAL_SYSTICK_Config
 *fill*         0x0000000008000a8e        0x2 
 .text.HAL_GPIO_Init
                0x0000000008000a90      0x2f8 ./Drivers/STM32F1xx_HAL_Driver/Src/stm32f1xx_hal_gpio.o
                0x0000000008000a90                HAL_GPIO_Init
 .text.HAL_PCD_Init
                0x0000000008000d88      0x216 ./Drivers/STM32F1xx_HAL_Driver/Src/stm32f1xx_hal_pcd.o
                0x0000000008000d88                HAL_PCD_Init
 .text.HAL_PCD_Start
                0x0000000008000f9e       0x4c ./Drivers/STM32F1xx_HAL_Driver/Src/stm32f1xx_hal_pcd.o
                0x0000000008000f9e                HAL_PCD_Start
 .text.HAL_PCD_IRQHandler
                0x0000000008000fea      0x2a6 ./Drivers/STM32F1xx_HAL_Driver/Src/stm32f1xx_hal_pcd.o
                0x0000000008000fea                HAL_PCD_IRQHandler
 .text.HAL_PCD_SetAddress
                0x0000000008001290       0x4a ./Drivers/STM32F1xx_HAL_Driver/Src/stm32f1xx_hal_pcd.o
                0x0000000008001290                HAL_PCD_SetAddress
 .text.HAL_PCD_EP_Open
                0x00000000080012da       0xcc ./Drivers/STM32F1xx_HAL_Driver/Src/stm32f1xx_hal_pcd.o
                0x00000000080012da                HAL_PCD_EP_Open
 .text.HAL_PCD_EP_Close
                0x00000000080013a6       0x90 ./Drivers/STM32F1xx_HAL_Driver/Src/stm32f1xx_hal_pcd.o
                0x00000000080013a6                HAL_PCD_EP_Close
 .text.HAL_PCD_EP_Receive
                0x0000000008001436       0x7a ./Drivers/STM32F1xx_HAL_Driver/Src/stm32f1xx_hal_pcd.o
                0x0000000008001436                HAL_PCD_EP_Receive
 .text.HAL_PCD_EP_Transmit
                0x00000000080014b0       0x86 ./Drivers/STM32F1xx_HAL_Driver/Src/stm32f1xx_hal_pcd.o
                0x00000000080014b0                HAL_PCD_EP_Transmit
 .text.HAL_PCD_EP_SetStall
                0x0000000008001536       0xc0 ./Drivers/STM32F1xx_HAL_Driver/Src/stm32f1xx_hal_pcd.o
                0x0000000008001536                HAL_PCD_EP_SetStall
 .text.HAL_PCD_EP_ClrStall
                0x00000000080015f6       0xa8 ./Drivers/STM32F1xx_HAL_Driver/Src/stm32f1xx_hal_pcd.o
                0x00000000080015f6                HAL_PCD_EP_ClrStall
 .text.PCD_EP_ISR_Handler
                0x000000000800169e      0x600 ./Drivers/STM32F1xx_HAL_Driver/Src/stm32f1xx_hal_pcd.o
 .text.HAL_PCD_EP_DB_Receive
                0x0000000008001c9e      0x21a ./Drivers/STM32F1xx_HAL_Driver/Src/stm32f1xx_hal_pcd.o
 .text.HAL_PCD_EP_DB_Transmit
                0x0000000008001eb8      0x7a4 ./Drivers/STM32F1xx_HAL_Driver/Src/stm32f1xx_hal_pcd.o
 .text.HAL_PCDEx_PMAConfig
                0x000000000800265c       0x84 ./Drivers/STM32F1xx_HAL_Driver/Src/stm32f1xx_hal_pcd_ex.o
                0x000000000800265c                HAL_PCDEx_PMAConfig
 .text.HAL_RCC_OscConfig
                0x00000000080026e0      0x504 ./Drivers/STM32F1xx_HAL_Driver/Src/stm32f1xx_hal_rcc.o
                0x00000000080026e0                HAL_RCC_OscConfig
 .text.HAL_RCC_ClockConfig
                0x0000000008002be4      0x1d4 ./Drivers/STM32F1xx_HAL_Driver/Src/stm32f1xx_hal_rcc.o
                0x0000000008002be4                HAL_RCC_ClockConfig
 .text.HAL_RCC_GetSysClockFreq
                0x0000000008002db8       0xbc ./Drivers/STM32F1xx_HAL_Driver/Src/stm32f1xx_hal_rcc.o
                0x0000000008002db8                HAL_RCC_GetSysClockFreq
 .text.RCC_Delay
                0x0000000008002e74       0x3c ./Drivers/STM32F1xx_HAL_Driver/Src/stm32f1xx_hal_rcc.o
 .text.HAL_RCCEx_PeriphCLKConfig
                0x0000000008002eb0      0x16c ./Drivers/STM32F1xx_HAL_Driver/Src/stm32f1xx_hal_rcc_ex.o
                0x0000000008002eb0                HAL_RCCEx_PeriphCLKConfig
 .text.HAL_SPI_Init
                0x000000000800301c      0x108 ./Drivers/STM32F1xx_HAL_Driver/Src/stm32f1xx_hal_spi.o
                0x000000000800301c                HAL_SPI_Init
 .text.USB_CoreInit
                0x0000000008003124       0x20 ./Drivers/STM32F1xx_HAL_Driver/Src/stm32f1xx_ll_usb.o
                0x0000000008003124                USB_CoreInit
 .text.USB_EnableGlobalInt
                0x0000000008003144       0x2c ./Drivers/STM32F1xx_HAL_Driver/Src/stm32f1xx_ll_usb.o
                0x0000000008003144                USB_EnableGlobalInt
 .text.USB_DisableGlobalInt
                0x0000000008003170       0x34 ./Drivers/STM32F1xx_HAL_Driver/Src/stm32f1xx_ll_usb.o
                0x0000000008003170                USB_DisableGlobalInt
 .text.USB_SetCurrentMode
                0x00000000080031a4       0x18 ./Drivers/STM32F1xx_HAL_Driver/Src/stm32f1xx_ll_usb.o
                0x00000000080031a4                USB_SetCurrentMode
 .text.USB_DevInit
                0x00000000080031bc       0x40 ./Drivers/STM32F1xx_HAL_Driver/Src/stm32f1xx_ll_usb.o
                0x00000000080031bc                USB_DevInit
 .text.USB_ActivateEndpoint
                0x00000000080031fc      0x6d4 ./Drivers/STM32F1xx_HAL_Driver/Src/stm32f1xx_ll_usb.o
                0x00000000080031fc                USB_ActivateEndpoint
 .text.USB_DeactivateEndpoint
                0x00000000080038d0      0x3d8 ./Drivers/STM32F1xx_HAL_Driver/Src/stm32f1xx_ll_usb.o
                0x00000000080038d0                USB_DeactivateEndpoint
 .text.USB_EPStartXfer
                0x0000000008003ca8     0x1c70 ./Drivers/STM32F1xx_HAL_Driver/Src/stm32f1xx_ll_usb.o
                0x0000000008003ca8                USB_EPStartXfer
 .text.USB_EPSetStall
                0x0000000008005918       0xa0 ./Drivers/STM32F1xx_HAL_Driver/Src/stm32f1xx_ll_usb.o
                0x0000000008005918                USB_EPSetStall
 .text.USB_EPClearStall
                0x00000000080059b8      0x15a ./Drivers/STM32F1xx_HAL_Driver/Src/stm32f1xx_ll_usb.o
                0x00000000080059b8                USB_EPClearStall
 .text.USB_SetDevAddress
                0x0000000008005b12       0x26 ./Drivers/STM32F1xx_HAL_Driver/Src/stm32f1xx_ll_usb.o
                0x0000000008005b12                USB_SetDevAddress
 .text.USB_DevConnect
                0x0000000008005b38       0x14 ./Drivers/STM32F1xx_HAL_Driver/Src/stm32f1xx_ll_usb.o
                0x0000000008005b38                USB_DevConnect
 .text.USB_DevDisconnect
                0x0000000008005b4c       0x14 ./Drivers/STM32F1xx_HAL_Driver/Src/stm32f1xx_ll_usb.o
                0x0000000008005b4c                USB_DevDisconnect
 .text.USB_ReadInterrupts
                0x0000000008005b60       0x1e ./Drivers/STM32F1xx_HAL_Driver/Src/stm32f1xx_ll_usb.o
                0x0000000008005b60                USB_ReadInterrupts
 .text.USB_EP0_OutStart
                0x0000000008005b7e       0x16 ./Drivers/STM32F1xx_HAL_Driver/Src/stm32f1xx_ll_usb.o
                0x0000000008005b7e                USB_EP0_OutStart
 .text.USB_WritePMA
                0x0000000008005b94       0x8a ./Drivers/STM32F1xx_HAL_Driver/Src/stm32f1xx_ll_usb.o
                0x0000000008005b94                USB_WritePMA
 .text.USB_ReadPMA
                0x0000000008005c1e       0x9e ./Drivers/STM32F1xx_HAL_Driver/Src/stm32f1xx_ll_usb.o
                0x0000000008005c1e                USB_ReadPMA
 .text.USBD_CUSTOM_HID_Init
                0x0000000008005cbc       0x84 ./Middlewares/ST/STM32_USB_Device_Library/Class/CustomHID/Src/usbd_customhid.o
 .text.USBD_CUSTOM_HID_DeInit
                0x0000000008005d40       0x5c ./Middlewares/ST/STM32_USB_Device_Library/Class/CustomHID/Src/usbd_customhid.o
 .text.USBD_CUSTOM_HID_Setup
                0x0000000008005d9c      0x200 ./Middlewares/ST/STM32_USB_Device_Library/Class/CustomHID/Src/usbd_customhid.o
 .text.USBD_CUSTOM_HID_SendReport
                0x0000000008005f9c       0x4e ./Middlewares/ST/STM32_USB_Device_Library/Class/CustomHID/Src/usbd_customhid.o
                0x0000000008005f9c                USBD_CUSTOM_HID_SendReport
 *fill*         0x0000000008005fea        0x2 
 .text.USBD_CUSTOM_HID_GetFSCfgDesc
                0x0000000008005fec       0x20 ./Middlewares/ST/STM32_USB_Device_Library/Class/CustomHID/Src/usbd_customhid.o
 .text.USBD_CUSTOM_HID_GetHSCfgDesc
                0x000000000800600c       0x20 ./Middlewares/ST/STM32_USB_Device_Library/Class/CustomHID/Src/usbd_customhid.o
 .text.USBD_CUSTOM_HID_GetOtherSpeedCfgDesc
                0x000000000800602c       0x20 ./Middlewares/ST/STM32_USB_Device_Library/Class/CustomHID/Src/usbd_customhid.o
 .text.USBD_CUSTOM_HID_DataIn
                0x000000000800604c       0x24 ./Middlewares/ST/STM32_USB_Device_Library/Class/CustomHID/Src/usbd_customhid.o
 .text.USBD_CUSTOM_HID_DataOut
                0x0000000008006070       0x3e ./Middlewares/ST/STM32_USB_Device_Library/Class/CustomHID/Src/usbd_customhid.o
 .text.USBD_CUSTOM_HID_EP0_RxReady
                0x00000000080060ae       0x3c ./Middlewares/ST/STM32_USB_Device_Library/Class/CustomHID/Src/usbd_customhid.o
 *fill*         0x00000000080060ea        0x2 
 .text.USBD_CUSTOM_HID_GetDeviceQualifierDesc
                0x00000000080060ec       0x20 ./Middlewares/ST/STM32_USB_Device_Library/Class/CustomHID/Src/usbd_customhid.o
 .text.USBD_CUSTOM_HID_RegisterInterface
                0x000000000800610c       0x2c ./Middlewares/ST/STM32_USB_Device_Library/Class/CustomHID/Src/usbd_customhid.o
                0x000000000800610c                USBD_CUSTOM_HID_RegisterInterface
 .text.USBD_Init
                0x0000000008006138       0x56 ./Middlewares/ST/STM32_USB_Device_Library/Core/Src/usbd_core.o
                0x0000000008006138                USBD_Init
 .text.USBD_RegisterClass
                0x000000000800618e       0x32 ./Middlewares/ST/STM32_USB_Device_Library/Core/Src/usbd_core.o
                0x000000000800618e                USBD_RegisterClass
 .text.USBD_Start
                0x00000000080061c0       0x18 ./Middlewares/ST/STM32_USB_Device_Library/Core/Src/usbd_core.o
                0x00000000080061c0                USBD_Start
 .text.USBD_RunTestMode
                0x00000000080061d8       0x14 ./Middlewares/ST/STM32_USB_Device_Library/Core/Src/usbd_core.o
                0x00000000080061d8                USBD_RunTestMode
 .text.USBD_SetClassConfig
                0x00000000080061ec       0x3e ./Middlewares/ST/STM32_USB_Device_Library/Core/Src/usbd_core.o
                0x00000000080061ec                USBD_SetClassConfig
 .text.USBD_ClrClassConfig
                0x000000000800622a       0x26 ./Middlewares/ST/STM32_USB_Device_Library/Core/Src/usbd_core.o
                0x000000000800622a                USBD_ClrClassConfig
 .text.USBD_LL_SetupStage
                0x0000000008006250       0x9a ./Middlewares/ST/STM32_USB_Device_Library/Core/Src/usbd_core.o
                0x0000000008006250                USBD_LL_SetupStage
 .text.USBD_LL_DataOutStage
                0x00000000080062ea       0xe2 ./Middlewares/ST/STM32_USB_Device_Library/Core/Src/usbd_core.o
                0x00000000080062ea                USBD_LL_DataOutStage
 .text.USBD_LL_DataInStage
                0x00000000080063cc      0x14a ./Middlewares/ST/STM32_USB_Device_Library/Core/Src/usbd_core.o
                0x00000000080063cc                USBD_LL_DataInStage
 .text.USBD_LL_Reset
                0x0000000008006516       0x82 ./Middlewares/ST/STM32_USB_Device_Library/Core/Src/usbd_core.o
                0x0000000008006516                USBD_LL_Reset
 .text.USBD_LL_SetSpeed
                0x0000000008006598       0x1e ./Middlewares/ST/STM32_USB_Device_Library/Core/Src/usbd_core.o
                0x0000000008006598                USBD_LL_SetSpeed
 .text.USBD_LL_Suspend
                0x00000000080065b6       0x28 ./Middlewares/ST/STM32_USB_Device_Library/Core/Src/usbd_core.o
                0x00000000080065b6                USBD_LL_Suspend
 .text.USBD_LL_Resume
                0x00000000080065de       0x2a ./Middlewares/ST/STM32_USB_Device_Library/Core/Src/usbd_core.o
                0x00000000080065de                USBD_LL_Resume
 .text.USBD_LL_SOF
                0x0000000008006608       0x34 ./Middlewares/ST/STM32_USB_Device_Library/Core/Src/usbd_core.o
                0x0000000008006608                USBD_LL_SOF
 .text.USBD_StdDevReq
                0x000000000800663c       0xd4 ./Middlewares/ST/STM32_USB_Device_Library/Core/Src/usbd_ctlreq.o
                0x000000000800663c                USBD_StdDevReq
 .text.USBD_StdItfReq
                0x0000000008006710       0x90 ./Middlewares/ST/STM32_USB_Device_Library/Core/Src/usbd_ctlreq.o
                0x0000000008006710                USBD_StdItfReq
 .text.USBD_StdEPReq
                0x00000000080067a0      0x2c6 ./Middlewares/ST/STM32_USB_Device_Library/Core/Src/usbd_ctlreq.o
                0x00000000080067a0                USBD_StdEPReq
 *fill*         0x0000000008006a66        0x2 
 .text.USBD_GetDescriptor
                0x0000000008006a68      0x2d0 ./Middlewares/ST/STM32_USB_Device_Library/Core/Src/usbd_ctlreq.o
 .text.USBD_SetAddress
                0x0000000008006d38       0x86 ./Middlewares/ST/STM32_USB_Device_Library/Core/Src/usbd_ctlreq.o
 *fill*         0x0000000008006dbe        0x2 
 .text.USBD_SetConfig
                0x0000000008006dc0      0x11c ./Middlewares/ST/STM32_USB_Device_Library/Core/Src/usbd_ctlreq.o
 .text.USBD_GetConfig
                0x0000000008006edc       0x6a ./Middlewares/ST/STM32_USB_Device_Library/Core/Src/usbd_ctlreq.o
 .text.USBD_GetStatus
                0x0000000008006f46       0x66 ./Middlewares/ST/STM32_USB_Device_Library/Core/Src/usbd_ctlreq.o
 .text.USBD_SetFeature
                0x0000000008006fac       0x28 ./Middlewares/ST/STM32_USB_Device_Library/Core/Src/usbd_ctlreq.o
 .text.USBD_ClrFeature
                0x0000000008006fd4       0x42 ./Middlewares/ST/STM32_USB_Device_Library/Core/Src/usbd_ctlreq.o
 .text.USBD_ParseSetupRequest
                0x0000000008007016       0x78 ./Middlewares/ST/STM32_USB_Device_Library/Core/Src/usbd_ctlreq.o
                0x0000000008007016                USBD_ParseSetupRequest
 .text.USBD_CtlError
                0x000000000800708e       0x22 ./Middlewares/ST/STM32_USB_Device_Library/Core/Src/usbd_ctlreq.o
                0x000000000800708e                USBD_CtlError
 .text.USBD_GetString
                0x00000000080070b0       0x84 ./Middlewares/ST/STM32_USB_Device_Library/Core/Src/usbd_ctlreq.o
                0x00000000080070b0                USBD_GetString
 .text.USBD_GetLen
                0x0000000008007134       0x2e ./Middlewares/ST/STM32_USB_Device_Library/Core/Src/usbd_ctlreq.o
 .text.USBD_CtlSendData
                0x0000000008007162       0x38 ./Middlewares/ST/STM32_USB_Device_Library/Core/Src/usbd_ioreq.o
                0x0000000008007162                USBD_CtlSendData
 .text.USBD_CtlContinueSendData
                0x000000000800719a       0x24 ./Middlewares/ST/STM32_USB_Device_Library/Core/Src/usbd_ioreq.o
                0x000000000800719a                USBD_CtlContinueSendData
 .text.USBD_CtlPrepareRx
                0x00000000080071be       0x3c ./Middlewares/ST/STM32_USB_Device_Library/Core/Src/usbd_ioreq.o
                0x00000000080071be                USBD_CtlPrepareRx
 .text.USBD_CtlContinueRx
                0x00000000080071fa       0x24 ./Middlewares/ST/STM32_USB_Device_Library/Core/Src/usbd_ioreq.o
                0x00000000080071fa                USBD_CtlContinueRx
 .text.USBD_CtlSendStatus
                0x000000000800721e       0x26 ./Middlewares/ST/STM32_USB_Device_Library/Core/Src/usbd_ioreq.o
                0x000000000800721e                USBD_CtlSendStatus
 .text.USBD_CtlReceiveStatus
                0x0000000008007244       0x26 ./Middlewares/ST/STM32_USB_Device_Library/Core/Src/usbd_ioreq.o
                0x0000000008007244                USBD_CtlReceiveStatus
 *fill*         0x000000000800726a        0x2 
 .text.MX_USB_DEVICE_Init
                0x000000000800726c       0x60 ./USB_DEVICE/App/usb_device.o
                0x000000000800726c                MX_USB_DEVICE_Init
 .text.CUSTOM_HID_Init_FS
                0x00000000080072cc        0xe ./USB_DEVICE/App/usbd_custom_hid_if.o
 .text.CUSTOM_HID_DeInit_FS
                0x00000000080072da        0xe ./USB_DEVICE/App/usbd_custom_hid_if.o
 .text.CUSTOM_HID_OutEvent_FS
                0x00000000080072e8       0x1c ./USB_DEVICE/App/usbd_custom_hid_if.o
 .text.USBD_CUSTOM_HID_SendReport_FS
                0x0000000008007304       0x28 ./USB_DEVICE/App/usbd_custom_hid_if.o
                0x0000000008007304                USBD_CUSTOM_HID_SendReport_FS
 .text.USBD_FS_DeviceDescriptor
                0x000000000800732c       0x24 ./USB_DEVICE/App/usbd_desc.o
                0x000000000800732c                USBD_FS_DeviceDescriptor
 .text.USBD_FS_LangIDStrDescriptor
                0x0000000008007350       0x24 ./USB_DEVICE/App/usbd_desc.o
                0x0000000008007350                USBD_FS_LangIDStrDescriptor
 .text.USBD_FS_ProductStrDescriptor
                0x0000000008007374       0x3c ./USB_DEVICE/App/usbd_desc.o
                0x0000000008007374                USBD_FS_ProductStrDescriptor
 .text.USBD_FS_ManufacturerStrDescriptor
                0x00000000080073b0       0x28 ./USB_DEVICE/App/usbd_desc.o
                0x00000000080073b0                USBD_FS_ManufacturerStrDescriptor
 .text.USBD_FS_SerialStrDescriptor
                0x00000000080073d8       0x24 ./USB_DEVICE/App/usbd_desc.o
                0x00000000080073d8                USBD_FS_SerialStrDescriptor
 .text.USBD_FS_ConfigStrDescriptor
                0x00000000080073fc       0x3c ./USB_DEVICE/App/usbd_desc.o
                0x00000000080073fc                USBD_FS_ConfigStrDescriptor
 .text.USBD_FS_InterfaceStrDescriptor
                0x0000000008007438       0x3c ./USB_DEVICE/App/usbd_desc.o
                0x0000000008007438                USBD_FS_InterfaceStrDescriptor
 .text.Get_SerialNum
                0x0000000008007474       0x58 ./USB_DEVICE/App/usbd_desc.o
 .text.IntToUnicode
                0x00000000080074cc       0x7c ./USB_DEVICE/App/usbd_desc.o
 .text.HAL_PCD_MspInit
                0x0000000008007548       0x4c ./USB_DEVICE/Target/usbd_conf.o
                0x0000000008007548                HAL_PCD_MspInit
 .text.HAL_PCD_SetupStageCallback
                0x0000000008007594       0x24 ./USB_DEVICE/Target/usbd_conf.o
                0x0000000008007594                HAL_PCD_SetupStageCallback
 .text.HAL_PCD_DataOutStageCallback
                0x00000000080075b8       0x36 ./USB_DEVICE/Target/usbd_conf.o
                0x00000000080075b8                HAL_PCD_DataOutStageCallback
 .text.HAL_PCD_DataInStageCallback
                0x00000000080075ee       0x34 ./USB_DEVICE/Target/usbd_conf.o
                0x00000000080075ee                HAL_PCD_DataInStageCallback
 .text.HAL_PCD_SOFCallback
                0x0000000008007622       0x1c ./USB_DEVICE/Target/usbd_conf.o
                0x0000000008007622                HAL_PCD_SOFCallback
 .text.HAL_PCD_ResetCallback
                0x000000000800763e       0x3c ./USB_DEVICE/Target/usbd_conf.o
                0x000000000800763e                HAL_PCD_ResetCallback
 *fill*         0x000000000800767a        0x2 
 .text.HAL_PCD_SuspendCallback
                0x000000000800767c       0x34 ./USB_DEVICE/Target/usbd_conf.o
                0x000000000800767c                HAL_PCD_SuspendCallback
 .text.HAL_PCD_ResumeCallback
                0x00000000080076b0       0x1c ./USB_DEVICE/Target/usbd_conf.o
                0x00000000080076b0                HAL_PCD_ResumeCallback
 .text.USBD_LL_Init
                0x00000000080076cc       0xa0 ./USB_DEVICE/Target/usbd_conf.o
                0x00000000080076cc                USBD_LL_Init
 .text.USBD_LL_Start
                0x000000000800776c       0x36 ./USB_DEVICE/Target/usbd_conf.o
                0x000000000800776c                USBD_LL_Start
 .text.USBD_LL_OpenEP
                0x00000000080077a2       0x4c ./USB_DEVICE/Target/usbd_conf.o
                0x00000000080077a2                USBD_LL_OpenEP
 .text.USBD_LL_CloseEP
                0x00000000080077ee       0x3e ./USB_DEVICE/Target/usbd_conf.o
                0x00000000080077ee                USBD_LL_CloseEP
 .text.USBD_LL_StallEP
                0x000000000800782c       0x3e ./USB_DEVICE/Target/usbd_conf.o
                0x000000000800782c                USBD_LL_StallEP
 .text.USBD_LL_ClearStallEP
                0x000000000800786a       0x3e ./USB_DEVICE/Target/usbd_conf.o
                0x000000000800786a                USBD_LL_ClearStallEP
 .text.USBD_LL_IsStallEP
                0x00000000080078a8       0x58 ./USB_DEVICE/Target/usbd_conf.o
                0x00000000080078a8                USBD_LL_IsStallEP
 .text.USBD_LL_SetUSBAddress
                0x0000000008007900       0x3e ./USB_DEVICE/Target/usbd_conf.o
                0x0000000008007900                USBD_LL_SetUSBAddress
 .text.USBD_LL_Transmit
                0x000000000800793e       0x46 ./USB_DEVICE/Target/usbd_conf.o
                0x000000000800793e                USBD_LL_Transmit
 .text.USBD_LL_PrepareReceive
                0x0000000008007984       0x46 ./USB_DEVICE/Target/usbd_conf.o
                0x0000000008007984                USBD_LL_PrepareReceive
 *fill*         0x00000000080079ca        0x2 
 .text.USBD_static_malloc
                0x00000000080079cc       0x18 ./USB_DEVICE/Target/usbd_conf.o
                0x00000000080079cc                USBD_static_malloc
 .text.USBD_static_free
                0x00000000080079e4       0x12 ./USB_DEVICE/Target/usbd_conf.o
                0x00000000080079e4                USBD_static_free
 .text.HAL_PCDEx_SetConnectionState
                0x00000000080079f6       0x16 ./USB_DEVICE/Target/usbd_conf.o
                0x00000000080079f6                HAL_PCDEx_SetConnectionState
 .text.USBD_Get_USB_Status
                0x0000000008007a0c       0x58 ./USB_DEVICE/Target/usbd_conf.o
 .text.__libc_init_array
                0x0000000008007a64       0x48 d:/stm32cubeide_1.10.1/stm32cubeide/plugins/com.st.stm32cube.ide.mcu.externaltools.gnu-tools-for-stm32.10.3-2021.10.win32_1.0.0.202111181127/tools/bin/../lib/gcc/arm-none-eabi/10.3.1/../../../../arm-none-eabi/lib/thumb/v7-m/nofp\libc_nano.a(lib_a-init.o)
                0x0000000008007a64                __libc_init_array
 .text.memcpy   0x0000000008007aac       0x1c d:/stm32cubeide_1.10.1/stm32cubeide/plugins/com.st.stm32cube.ide.mcu.externaltools.gnu-tools-for-stm32.10.3-2021.10.win32_1.0.0.202111181127/tools/bin/../lib/gcc/arm-none-eabi/10.3.1/../../../../arm-none-eabi/lib/thumb/v7-m/nofp\libc_nano.a(lib_a-memcpy-stub.o)
                0x0000000008007aac                memcpy
 .text.memset   0x0000000008007ac8       0x10 d:/stm32cubeide_1.10.1/stm32cubeide/plugins/com.st.stm32cube.ide.mcu.externaltools.gnu-tools-for-stm32.10.3-2021.10.win32_1.0.0.202111181127/tools/bin/../lib/gcc/arm-none-eabi/10.3.1/../../../../arm-none-eabi/lib/thumb/v7-m/nofp\libc_nano.a(lib_a-memset.o)
                0x0000000008007ac8                memset
 *(.glue_7)
 .glue_7        0x0000000008007ad8        0x0 linker stubs
 *(.glue_7t)
 .glue_7t       0x0000000008007ad8        0x0 linker stubs
 *(.eh_frame)
 .eh_frame      0x0000000008007ad8        0x0 d:/stm32cubeide_1.10.1/stm32cubeide/plugins/com.st.stm32cube.ide.mcu.externaltools.gnu-tools-for-stm32.10.3-2021.10.win32_1.0.0.202111181127/tools/bin/../lib/gcc/arm-none-eabi/10.3.1/thumb/v7-m/nofp/crtbegin.o
 *(.init)
 .init          0x0000000008007ad8        0x4 d:/stm32cubeide_1.10.1/stm32cubeide/plugins/com.st.stm32cube.ide.mcu.externaltools.gnu-tools-for-stm32.10.3-2021.10.win32_1.0.0.202111181127/tools/bin/../lib/gcc/arm-none-eabi/10.3.1/thumb/v7-m/nofp/crti.o
                0x0000000008007ad8                _init
 .init          0x0000000008007adc        0x8 d:/stm32cubeide_1.10.1/stm32cubeide/plugins/com.st.stm32cube.ide.mcu.externaltools.gnu-tools-for-stm32.10.3-2021.10.win32_1.0.0.202111181127/tools/bin/../lib/gcc/arm-none-eabi/10.3.1/thumb/v7-m/nofp/crtn.o
 *(.fini)
 .fini          0x0000000008007ae4        0x4 d:/stm32cubeide_1.10.1/stm32cubeide/plugins/com.st.stm32cube.ide.mcu.externaltools.gnu-tools-for-stm32.10.3-2021.10.win32_1.0.0.202111181127/tools/bin/../lib/gcc/arm-none-eabi/10.3.1/thumb/v7-m/nofp/crti.o
                0x0000000008007ae4                _fini
 .fini          0x0000000008007ae8        0x8 d:/stm32cubeide_1.10.1/stm32cubeide/plugins/com.st.stm32cube.ide.mcu.externaltools.gnu-tools-for-stm32.10.3-2021.10.win32_1.0.0.202111181127/tools/bin/../lib/gcc/arm-none-eabi/10.3.1/thumb/v7-m/nofp/crtn.o
                0x0000000008007af0                . = ALIGN (0x4)
                0x0000000008007af0                _etext = .

.vfp11_veneer   0x0000000008007af0        0x0
 .vfp11_veneer  0x0000000008007af0        0x0 linker stubs

.v4_bx          0x0000000008007af0        0x0
 .v4_bx         0x0000000008007af0        0x0 linker stubs

.iplt           0x0000000008007af0        0x0
 .iplt          0x0000000008007af0        0x0 d:/stm32cubeide_1.10.1/stm32cubeide/plugins/com.st.stm32cube.ide.mcu.externaltools.gnu-tools-for-stm32.10.3-2021.10.win32_1.0.0.202111181127/tools/bin/../lib/gcc/arm-none-eabi/10.3.1/thumb/v7-m/nofp/crtbegin.o

.rodata         0x0000000008007af0       0x6c
                0x0000000008007af0                . = ALIGN (0x4)
 *(.rodata)
 .rodata        0x0000000008007af0       0x10 ./Drivers/STM32F1xx_HAL_Driver/Src/stm32f1xx_hal_rcc.o
 .rodata        0x0000000008007b00       0x49 ./USB_DEVICE/App/usbd_desc.o
 *(.rodata*)
 *fill*         0x0000000008007b49        0x3 
 .rodata.AHBPrescTable
                0x0000000008007b4c       0x10 ./Core/Src/system_stm32f1xx.o
                0x0000000008007b4c                AHBPrescTable
                0x0000000008007b5c                . = ALIGN (0x4)

.rel.dyn        0x0000000008007b5c        0x0
 .rel.iplt      0x0000000008007b5c        0x0 d:/stm32cubeide_1.10.1/stm32cubeide/plugins/com.st.stm32cube.ide.mcu.externaltools.gnu-tools-for-stm32.10.3-2021.10.win32_1.0.0.202111181127/tools/bin/../lib/gcc/arm-none-eabi/10.3.1/thumb/v7-m/nofp/crtbegin.o

.ARM.extab      0x0000000008007b5c        0x0
                0x0000000008007b5c                . = ALIGN (0x4)
 *(.ARM.extab* .gnu.linkonce.armextab.*)
                0x0000000008007b5c                . = ALIGN (0x4)

.ARM            0x0000000008007b5c        0x0
                0x0000000008007b5c                . = ALIGN (0x4)
                0x0000000008007b5c                __exidx_start = .
 *(.ARM.exidx*)
                0x0000000008007b5c                __exidx_end = .
                0x0000000008007b5c                . = ALIGN (0x4)

.preinit_array  0x0000000008007b5c        0x0
                0x0000000008007b5c                . = ALIGN (0x4)
                0x0000000008007b5c                PROVIDE (__preinit_array_start = .)
 *(.preinit_array*)
                0x0000000008007b5c                PROVIDE (__preinit_array_end = .)
                0x0000000008007b5c                . = ALIGN (0x4)

.init_array     0x0000000008007b5c        0x4
                0x0000000008007b5c                . = ALIGN (0x4)
                0x0000000008007b5c                PROVIDE (__init_array_start = .)
 *(SORT_BY_NAME(.init_array.*))
 *(.init_array*)
 .init_array    0x0000000008007b5c        0x4 d:/stm32cubeide_1.10.1/stm32cubeide/plugins/com.st.stm32cube.ide.mcu.externaltools.gnu-tools-for-stm32.10.3-2021.10.win32_1.0.0.202111181127/tools/bin/../lib/gcc/arm-none-eabi/10.3.1/thumb/v7-m/nofp/crtbegin.o
                0x0000000008007b60                PROVIDE (__init_array_end = .)
                0x0000000008007b60                . = ALIGN (0x4)

.fini_array     0x0000000008007b60        0x4
                0x0000000008007b60                . = ALIGN (0x4)
                [!provide]                        PROVIDE (__fini_array_start = .)
 *(SORT_BY_NAME(.fini_array.*))
 *(.fini_array*)
 .fini_array    0x0000000008007b60        0x4 d:/stm32cubeide_1.10.1/stm32cubeide/plugins/com.st.stm32cube.ide.mcu.externaltools.gnu-tools-for-stm32.10.3-2021.10.win32_1.0.0.202111181127/tools/bin/../lib/gcc/arm-none-eabi/10.3.1/thumb/v7-m/nofp/crtbegin.o
                [!provide]                        PROVIDE (__fini_array_end = .)
                0x0000000008007b64                . = ALIGN (0x4)
                0x0000000008007b64                _sidata = LOADADDR (.data)

.data           0x0000000020000000      0x2c8 load address 0x0000000008007b64
                0x0000000020000000                . = ALIGN (0x4)
                0x0000000020000000                _sdata = .
 *(.data)
 *(.data*)
 .data.leapmotor_keymap
                0x0000000020000000      0x160 ./Core/Src/main.o
                0x0000000020000000                leapmotor_keymap
 .data.SystemCoreClock
                0x0000000020000160        0x4 ./Core/Src/system_stm32f1xx.o
                0x0000000020000160                SystemCoreClock
 .data.uwTickPrio
                0x0000000020000164        0x4 ./Drivers/STM32F1xx_HAL_Driver/Src/stm32f1xx_hal.o
                0x0000000020000164                uwTickPrio
 .data.uwTickFreq
                0x0000000020000168        0x1 ./Drivers/STM32F1xx_HAL_Driver/Src/stm32f1xx_hal.o
                0x0000000020000168                uwTickFreq
 *fill*         0x0000000020000169        0x3 
 .data.USBD_CUSTOM_HID
                0x000000002000016c       0x38 ./Middlewares/ST/STM32_USB_Device_Library/Class/CustomHID/Src/usbd_customhid.o
                0x000000002000016c                USBD_CUSTOM_HID
 .data.USBD_CUSTOM_HID_CfgFSDesc
                0x00000000200001a4       0x29 ./Middlewares/ST/STM32_USB_Device_Library/Class/CustomHID/Src/usbd_customhid.o
 *fill*         0x00000000200001cd        0x3 
 .data.USBD_CUSTOM_HID_CfgHSDesc
                0x00000000200001d0       0x29 ./Middlewares/ST/STM32_USB_Device_Library/Class/CustomHID/Src/usbd_customhid.o
 *fill*         0x00000000200001f9        0x3 
 .data.USBD_CUSTOM_HID_OtherSpeedCfgDesc
                0x00000000200001fc       0x29 ./Middlewares/ST/STM32_USB_Device_Library/Class/CustomHID/Src/usbd_customhid.o
 *fill*         0x0000000020000225        0x3 
 .data.USBD_CUSTOM_HID_Desc
                0x0000000020000228        0x9 ./Middlewares/ST/STM32_USB_Device_Library/Class/CustomHID/Src/usbd_customhid.o
 *fill*         0x0000000020000231        0x3 
 .data.USBD_CUSTOM_HID_DeviceQualifierDesc
                0x0000000020000234        0xa ./Middlewares/ST/STM32_USB_Device_Library/Class/CustomHID/Src/usbd_customhid.o
 *fill*         0x000000002000023e        0x2 
 .data.CUSTOM_HID_ReportDesc_FS
                0x0000000020000240       0x27 ./USB_DEVICE/App/usbd_custom_hid_if.o
 *fill*         0x0000000020000267        0x1 
 .data.USBD_CustomHID_fops_FS
                0x0000000020000268       0x10 ./USB_DEVICE/App/usbd_custom_hid_if.o
                0x0000000020000268                USBD_CustomHID_fops_FS
 .data.FS_Desc  0x0000000020000278       0x1c ./USB_DEVICE/App/usbd_desc.o
                0x0000000020000278                FS_Desc
 .data.USBD_FS_DeviceDesc
                0x0000000020000294       0x12 ./USB_DEVICE/App/usbd_desc.o
                0x0000000020000294                USBD_FS_DeviceDesc
 *fill*         0x00000000200002a6        0x2 
 .data.USBD_LangIDDesc
                0x00000000200002a8        0x4 ./USB_DEVICE/App/usbd_desc.o
                0x00000000200002a8                USBD_LangIDDesc
 .data.USBD_StringSerial
                0x00000000200002ac       0x1a ./USB_DEVICE/App/usbd_desc.o
                0x00000000200002ac                USBD_StringSerial
 *(.RamFunc)
 *(.RamFunc*)
                0x00000000200002c8                . = ALIGN (0x4)
 *fill*         0x00000000200002c6        0x2 
                0x00000000200002c8                _edata = .

.igot.plt       0x00000000200002c8        0x0 load address 0x0000000008007e2c
 .igot.plt      0x00000000200002c8        0x0 d:/stm32cubeide_1.10.1/stm32cubeide/plugins/com.st.stm32cube.ide.mcu.externaltools.gnu-tools-for-stm32.10.3-2021.10.win32_1.0.0.202111181127/tools/bin/../lib/gcc/arm-none-eabi/10.3.1/thumb/v7-m/nofp/crtbegin.o
                0x00000000200002c8                . = ALIGN (0x4)

.bss            0x00000000200002c8      0x87c load address 0x0000000008007e2c
                0x00000000200002c8                _sbss = .
                0x00000000200002c8                __bss_start__ = _sbss
 *(.bss)
 .bss           0x00000000200002c8       0x1c d:/stm32cubeide_1.10.1/stm32cubeide/plugins/com.st.stm32cube.ide.mcu.externaltools.gnu-tools-for-stm32.10.3-2021.10.win32_1.0.0.202111181127/tools/bin/../lib/gcc/arm-none-eabi/10.3.1/thumb/v7-m/nofp/crtbegin.o
 *(.bss*)
 .bss.hspi1     0x00000000200002e4       0x58 ./Core/Src/main.o
                0x00000000200002e4                hspi1
 .bss.spiBuffer
                0x000000002000033c        0xb ./Core/Src/main.o
                0x000000002000033c                spiBuffer
 *fill*         0x0000000020000347        0x1 
 .bss.debounceBuffer
                0x0000000020000348        0xb ./Core/Src/main.o
                0x0000000020000348                debounceBuffer
 *fill*         0x0000000020000353        0x1 
 .bss.hidBuffer
                0x0000000020000354       0x10 ./Core/Src/main.o
                0x0000000020000354                hidBuffer
 .bss.uwTick    0x0000000020000364        0x4 ./Drivers/STM32F1xx_HAL_Driver/Src/stm32f1xx_hal.o
                0x0000000020000364                uwTick
 .bss.cfgidx.0  0x0000000020000368        0x1 ./Middlewares/ST/STM32_USB_Device_Library/Core/Src/usbd_ctlreq.o
 *fill*         0x0000000020000369        0x3 
 .bss.hUsbDeviceFS
                0x000000002000036c      0x2c4 ./USB_DEVICE/App/usb_device.o
                0x000000002000036c                hUsbDeviceFS
 .bss.USBD_StrDesc
                0x0000000020000630      0x200 ./USB_DEVICE/App/usbd_desc.o
                0x0000000020000630                USBD_StrDesc
 .bss.hpcd_USB_FS
                0x0000000020000830      0x2ec ./USB_DEVICE/Target/usbd_conf.o
                0x0000000020000830                hpcd_USB_FS
 .bss.mem.0     0x0000000020000b1c       0x28 ./USB_DEVICE/Target/usbd_conf.o
 *(COMMON)
                0x0000000020000b44                . = ALIGN (0x4)
                0x0000000020000b44                _ebss = .
                0x0000000020000b44                __bss_end__ = _ebss

._user_heap_stack
                0x0000000020000b44      0x604 load address 0x0000000008007e2c
                0x0000000020000b48                . = ALIGN (0x8)
 *fill*         0x0000000020000b44        0x4 
                [!provide]                        PROVIDE (end = .)
                0x0000000020000b48                PROVIDE (_end = .)
                0x0000000020000d48                . = (. + _Min_Heap_Size)
 *fill*         0x0000000020000b48      0x200 
                0x0000000020001148                . = (. + _Min_Stack_Size)
 *fill*         0x0000000020000d48      0x400 
                0x0000000020001148                . = ALIGN (0x8)

/DISCARD/
 libc.a(*)
 libm.a(*)
 libgcc.a(*)

.ARM.attributes
                0x0000000000000000       0x29
 *(.ARM.attributes)
 .ARM.attributes
                0x0000000000000000       0x1d d:/stm32cubeide_1.10.1/stm32cubeide/plugins/com.st.stm32cube.ide.mcu.externaltools.gnu-tools-for-stm32.10.3-2021.10.win32_1.0.0.202111181127/tools/bin/../lib/gcc/arm-none-eabi/10.3.1/thumb/v7-m/nofp/crti.o
 .ARM.attributes
                0x000000000000001d       0x2d d:/stm32cubeide_1.10.1/stm32cubeide/plugins/com.st.stm32cube.ide.mcu.externaltools.gnu-tools-for-stm32.10.3-2021.10.win32_1.0.0.202111181127/tools/bin/../lib/gcc/arm-none-eabi/10.3.1/thumb/v7-m/nofp/crtbegin.o
 .ARM.attributes
                0x000000000000004a       0x2d ./Core/Src/main.o
 .ARM.attributes
                0x0000000000000077       0x2d ./Core/Src/stm32f1xx_hal_msp.o
 .ARM.attributes
                0x00000000000000a4       0x2d ./Core/Src/stm32f1xx_it.o
 .ARM.attributes
                0x00000000000000d1       0x2d ./Core/Src/system_stm32f1xx.o
 .ARM.attributes
                0x00000000000000fe       0x21 ./Core/Startup/startup_stm32f103c6tx.o
 .ARM.attributes
                0x000000000000011f       0x2d ./Drivers/STM32F1xx_HAL_Driver/Src/stm32f1xx_hal.o
 .ARM.attributes
                0x000000000000014c       0x2d ./Drivers/STM32F1xx_HAL_Driver/Src/stm32f1xx_hal_cortex.o
 .ARM.attributes
                0x0000000000000179       0x2d ./Drivers/STM32F1xx_HAL_Driver/Src/stm32f1xx_hal_gpio.o
 .ARM.attributes
                0x00000000000001a6       0x2d ./Drivers/STM32F1xx_HAL_Driver/Src/stm32f1xx_hal_pcd.o
 .ARM.attributes
                0x00000000000001d3       0x2d ./Drivers/STM32F1xx_HAL_Driver/Src/stm32f1xx_hal_pcd_ex.o
 .ARM.attributes
                0x0000000000000200       0x2d ./Drivers/STM32F1xx_HAL_Driver/Src/stm32f1xx_hal_rcc.o
 .ARM.attributes
                0x000000000000022d       0x2d ./Drivers/STM32F1xx_HAL_Driver/Src/stm32f1xx_hal_rcc_ex.o
 .ARM.attributes
                0x000000000000025a       0x2d ./Drivers/STM32F1xx_HAL_Driver/Src/stm32f1xx_hal_spi.o
 .ARM.attributes
                0x0000000000000287       0x2d ./Drivers/STM32F1xx_HAL_Driver/Src/stm32f1xx_ll_usb.o
 .ARM.attributes
                0x00000000000002b4       0x2d ./Middlewares/ST/STM32_USB_Device_Library/Class/CustomHID/Src/usbd_customhid.o
 .ARM.attributes
                0x00000000000002e1       0x2d ./Middlewares/ST/STM32_USB_Device_Library/Core/Src/usbd_core.o
 .ARM.attributes
                0x000000000000030e       0x2d ./Middlewares/ST/STM32_USB_Device_Library/Core/Src/usbd_ctlreq.o
 .ARM.attributes
                0x000000000000033b       0x2d ./Middlewares/ST/STM32_USB_Device_Library/Core/Src/usbd_ioreq.o
 .ARM.attributes
                0x0000000000000368       0x2d ./USB_DEVICE/App/usb_device.o
 .ARM.attributes
                0x0000000000000395       0x2d ./USB_DEVICE/App/usbd_custom_hid_if.o
 .ARM.attributes
                0x00000000000003c2       0x2d ./USB_DEVICE/App/usbd_desc.o
 .ARM.attributes
                0x00000000000003ef       0x2d ./USB_DEVICE/Target/usbd_conf.o
 .ARM.attributes
                0x000000000000041c       0x2d d:/stm32cubeide_1.10.1/stm32cubeide/plugins/com.st.stm32cube.ide.mcu.externaltools.gnu-tools-for-stm32.10.3-2021.10.win32_1.0.0.202111181127/tools/bin/../lib/gcc/arm-none-eabi/10.3.1/../../../../arm-none-eabi/lib/thumb/v7-m/nofp\libc_nano.a(lib_a-init.o)
 .ARM.attributes
                0x0000000000000449       0x2d d:/stm32cubeide_1.10.1/stm32cubeide/plugins/com.st.stm32cube.ide.mcu.externaltools.gnu-tools-for-stm32.10.3-2021.10.win32_1.0.0.202111181127/tools/bin/../lib/gcc/arm-none-eabi/10.3.1/../../../../arm-none-eabi/lib/thumb/v7-m/nofp\libc_nano.a(lib_a-memcpy-stub.o)
 .ARM.attributes
                0x0000000000000476       0x2d d:/stm32cubeide_1.10.1/stm32cubeide/plugins/com.st.stm32cube.ide.mcu.externaltools.gnu-tools-for-stm32.10.3-2021.10.win32_1.0.0.202111181127/tools/bin/../lib/gcc/arm-none-eabi/10.3.1/../../../../arm-none-eabi/lib/thumb/v7-m/nofp\libc_nano.a(lib_a-memset.o)
 .ARM.attributes
                0x00000000000004a3       0x1d d:/stm32cubeide_1.10.1/stm32cubeide/plugins/com.st.stm32cube.ide.mcu.externaltools.gnu-tools-for-stm32.10.3-2021.10.win32_1.0.0.202111181127/tools/bin/../lib/gcc/arm-none-eabi/10.3.1/thumb/v7-m/nofp/crtn.o
OUTPUT(software_c6.elf elf32-littlearm)
LOAD linker stubs
LOAD d:/stm32cubeide_1.10.1/stm32cubeide/plugins/com.st.stm32cube.ide.mcu.externaltools.gnu-tools-for-stm32.10.3-2021.10.win32_1.0.0.202111181127/tools/bin/../lib/gcc/arm-none-eabi/10.3.1/../../../../arm-none-eabi/lib/thumb/v7-m/nofp\libc.a
LOAD d:/stm32cubeide_1.10.1/stm32cubeide/plugins/com.st.stm32cube.ide.mcu.externaltools.gnu-tools-for-stm32.10.3-2021.10.win32_1.0.0.202111181127/tools/bin/../lib/gcc/arm-none-eabi/10.3.1/../../../../arm-none-eabi/lib/thumb/v7-m/nofp\libm.a
LOAD d:/stm32cubeide_1.10.1/stm32cubeide/plugins/com.st.stm32cube.ide.mcu.externaltools.gnu-tools-for-stm32.10.3-2021.10.win32_1.0.0.202111181127/tools/bin/../lib/gcc/arm-none-eabi/10.3.1/thumb/v7-m/nofp\libgcc.a

.debug_info     0x0000000000000000     0xe2ec
 .debug_info    0x0000000000000000      0xe90 ./Core/Src/main.o
 .debug_info    0x0000000000000e90      0x885 ./Core/Src/stm32f1xx_hal_msp.o
 .debug_info    0x0000000000001715      0x661 ./Core/Src/stm32f1xx_it.o
 .debug_info    0x0000000000001d76      0x23d ./Core/Src/system_stm32f1xx.o
 .debug_info    0x0000000000001fb3       0x22 ./Core/Startup/startup_stm32f103c6tx.o
 .debug_info    0x0000000000001fd5      0x716 ./Drivers/STM32F1xx_HAL_Driver/Src/stm32f1xx_hal.o
 .debug_info    0x00000000000026eb      0xb02 ./Drivers/STM32F1xx_HAL_Driver/Src/stm32f1xx_hal_cortex.o
 .debug_info    0x00000000000031ed      0x615 ./Drivers/STM32F1xx_HAL_Driver/Src/stm32f1xx_hal_gpio.o
 .debug_info    0x0000000000003802     0x16ab ./Drivers/STM32F1xx_HAL_Driver/Src/stm32f1xx_hal_pcd.o
 .debug_info    0x0000000000004ead      0x728 ./Drivers/STM32F1xx_HAL_Driver/Src/stm32f1xx_hal_pcd_ex.o
 .debug_info    0x00000000000055d5      0x860 ./Drivers/STM32F1xx_HAL_Driver/Src/stm32f1xx_hal_rcc.o
 .debug_info    0x0000000000005e35      0x3e0 ./Drivers/STM32F1xx_HAL_Driver/Src/stm32f1xx_hal_rcc_ex.o
 .debug_info    0x0000000000006215     0x1658 ./Drivers/STM32F1xx_HAL_Driver/Src/stm32f1xx_hal_spi.o
 .debug_info    0x000000000000786d     0x190d ./Drivers/STM32F1xx_HAL_Driver/Src/stm32f1xx_ll_usb.o
 .debug_info    0x000000000000917a      0xb29 ./Middlewares/ST/STM32_USB_Device_Library/Class/CustomHID/Src/usbd_customhid.o
 .debug_info    0x0000000000009ca3      0xb02 ./Middlewares/ST/STM32_USB_Device_Library/Core/Src/usbd_core.o
 .debug_info    0x000000000000a7a5      0x9b6 ./Middlewares/ST/STM32_USB_Device_Library/Core/Src/usbd_ctlreq.o
 .debug_info    0x000000000000b15b      0x715 ./Middlewares/ST/STM32_USB_Device_Library/Core/Src/usbd_ioreq.o
 .debug_info    0x000000000000b870      0x654 ./USB_DEVICE/App/usb_device.o
 .debug_info    0x000000000000bec4      0x68d ./USB_DEVICE/App/usbd_custom_hid_if.o
 .debug_info    0x000000000000c551      0x484 ./USB_DEVICE/App/usbd_desc.o
 .debug_info    0x000000000000c9d5     0x1917 ./USB_DEVICE/Target/usbd_conf.o

.debug_abbrev   0x0000000000000000     0x2b9b
 .debug_abbrev  0x0000000000000000      0x323 ./Core/Src/main.o
 .debug_abbrev  0x0000000000000323      0x194 ./Core/Src/stm32f1xx_hal_msp.o
 .debug_abbrev  0x00000000000004b7      0x188 ./Core/Src/stm32f1xx_it.o
 .debug_abbrev  0x000000000000063f      0x13b ./Core/Src/system_stm32f1xx.o
 .debug_abbrev  0x000000000000077a       0x12 ./Core/Startup/startup_stm32f103c6tx.o
 .debug_abbrev  0x000000000000078c      0x1fb ./Drivers/STM32F1xx_HAL_Driver/Src/stm32f1xx_hal.o
 .debug_abbrev  0x0000000000000987      0x2ed ./Drivers/STM32F1xx_HAL_Driver/Src/stm32f1xx_hal_cortex.o
 .debug_abbrev  0x0000000000000c74      0x1bb ./Drivers/STM32F1xx_HAL_Driver/Src/stm32f1xx_hal_gpio.o
 .debug_abbrev  0x0000000000000e2f      0x2b9 ./Drivers/STM32F1xx_HAL_Driver/Src/stm32f1xx_hal_pcd.o
 .debug_abbrev  0x00000000000010e8      0x17f ./Drivers/STM32F1xx_HAL_Driver/Src/stm32f1xx_hal_pcd_ex.o
 .debug_abbrev  0x0000000000001267      0x2a8 ./Drivers/STM32F1xx_HAL_Driver/Src/stm32f1xx_hal_rcc.o
 .debug_abbrev  0x000000000000150f      0x182 ./Drivers/STM32F1xx_HAL_Driver/Src/stm32f1xx_hal_rcc_ex.o
 .debug_abbrev  0x0000000000001691      0x26e ./Drivers/STM32F1xx_HAL_Driver/Src/stm32f1xx_hal_spi.o
 .debug_abbrev  0x00000000000018ff      0x1cd ./Drivers/STM32F1xx_HAL_Driver/Src/stm32f1xx_ll_usb.o
 .debug_abbrev  0x0000000000001acc      0x261 ./Middlewares/ST/STM32_USB_Device_Library/Class/CustomHID/Src/usbd_customhid.o
 .debug_abbrev  0x0000000000001d2d      0x236 ./Middlewares/ST/STM32_USB_Device_Library/Core/Src/usbd_core.o
 .debug_abbrev  0x0000000000001f63      0x257 ./Middlewares/ST/STM32_USB_Device_Library/Core/Src/usbd_ctlreq.o
 .debug_abbrev  0x00000000000021ba      0x183 ./Middlewares/ST/STM32_USB_Device_Library/Core/Src/usbd_ioreq.o
 .debug_abbrev  0x000000000000233d      0x183 ./USB_DEVICE/App/usb_device.o
 .debug_abbrev  0x00000000000024c0      0x1dc ./USB_DEVICE/App/usbd_custom_hid_if.o
 .debug_abbrev  0x000000000000269c      0x1fa ./USB_DEVICE/App/usbd_desc.o
 .debug_abbrev  0x0000000000002896      0x305 ./USB_DEVICE/Target/usbd_conf.o

.debug_aranges  0x0000000000000000      0xc48
 .debug_aranges
                0x0000000000000000       0x60 ./Core/Src/main.o
 .debug_aranges
                0x0000000000000060       0x30 ./Core/Src/stm32f1xx_hal_msp.o
 .debug_aranges
                0x0000000000000090       0x68 ./Core/Src/stm32f1xx_it.o
 .debug_aranges
                0x00000000000000f8       0x28 ./Core/Src/system_stm32f1xx.o
 .debug_aranges
                0x0000000000000120       0x28 ./Core/Startup/startup_stm32f103c6tx.o
 .debug_aranges
                0x0000000000000148       0xe0 ./Drivers/STM32F1xx_HAL_Driver/Src/stm32f1xx_hal.o
 .debug_aranges
                0x0000000000000228      0x100 ./Drivers/STM32F1xx_HAL_Driver/Src/stm32f1xx_hal_cortex.o
 .debug_aranges
                0x0000000000000328       0x58 ./Drivers/STM32F1xx_HAL_Driver/Src/stm32f1xx_hal_gpio.o
 .debug_aranges
                0x0000000000000380      0x138 ./Drivers/STM32F1xx_HAL_Driver/Src/stm32f1xx_hal_pcd.o
 .debug_aranges
                0x00000000000004b8       0x38 ./Drivers/STM32F1xx_HAL_Driver/Src/stm32f1xx_hal_pcd_ex.o
 .debug_aranges
                0x00000000000004f0       0x90 ./Drivers/STM32F1xx_HAL_Driver/Src/stm32f1xx_hal_rcc.o
 .debug_aranges
                0x0000000000000580       0x30 ./Drivers/STM32F1xx_HAL_Driver/Src/stm32f1xx_hal_rcc_ex.o
 .debug_aranges
                0x00000000000005b0      0x1d0 ./Drivers/STM32F1xx_HAL_Driver/Src/stm32f1xx_hal_spi.o
 .debug_aranges
                0x0000000000000780       0xf0 ./Drivers/STM32F1xx_HAL_Driver/Src/stm32f1xx_ll_usb.o
 .debug_aranges
                0x0000000000000870       0x78 ./Middlewares/ST/STM32_USB_Device_Library/Class/CustomHID/Src/usbd_customhid.o
 .debug_aranges
                0x00000000000008e8       0xb8 ./Middlewares/ST/STM32_USB_Device_Library/Core/Src/usbd_core.o
 .debug_aranges
                0x00000000000009a0       0x88 ./Middlewares/ST/STM32_USB_Device_Library/Core/Src/usbd_ctlreq.o
 .debug_aranges
                0x0000000000000a28       0x50 ./Middlewares/ST/STM32_USB_Device_Library/Core/Src/usbd_ioreq.o
 .debug_aranges
                0x0000000000000a78       0x20 ./USB_DEVICE/App/usb_device.o
 .debug_aranges
                0x0000000000000a98       0x38 ./USB_DEVICE/App/usbd_custom_hid_if.o
 .debug_aranges
                0x0000000000000ad0       0x60 ./USB_DEVICE/App/usbd_desc.o
 .debug_aranges
                0x0000000000000b30      0x118 ./USB_DEVICE/Target/usbd_conf.o

.debug_ranges   0x0000000000000000      0xaf0
 .debug_ranges  0x0000000000000000       0x50 ./Core/Src/main.o
 .debug_ranges  0x0000000000000050       0x20 ./Core/Src/stm32f1xx_hal_msp.o
 .debug_ranges  0x0000000000000070       0x58 ./Core/Src/stm32f1xx_it.o
 .debug_ranges  0x00000000000000c8       0x18 ./Core/Src/system_stm32f1xx.o
 .debug_ranges  0x00000000000000e0       0x20 ./Core/Startup/startup_stm32f103c6tx.o
 .debug_ranges  0x0000000000000100       0xd0 ./Drivers/STM32F1xx_HAL_Driver/Src/stm32f1xx_hal.o
 .debug_ranges  0x00000000000001d0       0xf0 ./Drivers/STM32F1xx_HAL_Driver/Src/stm32f1xx_hal_cortex.o
 .debug_ranges  0x00000000000002c0       0x48 ./Drivers/STM32F1xx_HAL_Driver/Src/stm32f1xx_hal_gpio.o
 .debug_ranges  0x0000000000000308      0x128 ./Drivers/STM32F1xx_HAL_Driver/Src/stm32f1xx_hal_pcd.o
 .debug_ranges  0x0000000000000430       0x28 ./Drivers/STM32F1xx_HAL_Driver/Src/stm32f1xx_hal_pcd_ex.o
 .debug_ranges  0x0000000000000458       0x80 ./Drivers/STM32F1xx_HAL_Driver/Src/stm32f1xx_hal_rcc.o
 .debug_ranges  0x00000000000004d8       0x20 ./Drivers/STM32F1xx_HAL_Driver/Src/stm32f1xx_hal_rcc_ex.o
 .debug_ranges  0x00000000000004f8      0x1c0 ./Drivers/STM32F1xx_HAL_Driver/Src/stm32f1xx_hal_spi.o
 .debug_ranges  0x00000000000006b8       0xe0 ./Drivers/STM32F1xx_HAL_Driver/Src/stm32f1xx_ll_usb.o
 .debug_ranges  0x0000000000000798       0x68 ./Middlewares/ST/STM32_USB_Device_Library/Class/CustomHID/Src/usbd_customhid.o
 .debug_ranges  0x0000000000000800       0xa8 ./Middlewares/ST/STM32_USB_Device_Library/Core/Src/usbd_core.o
 .debug_ranges  0x00000000000008a8       0x78 ./Middlewares/ST/STM32_USB_Device_Library/Core/Src/usbd_ctlreq.o
 .debug_ranges  0x0000000000000920       0x40 ./Middlewares/ST/STM32_USB_Device_Library/Core/Src/usbd_ioreq.o
 .debug_ranges  0x0000000000000960       0x10 ./USB_DEVICE/App/usb_device.o
 .debug_ranges  0x0000000000000970       0x28 ./USB_DEVICE/App/usbd_custom_hid_if.o
 .debug_ranges  0x0000000000000998       0x50 ./USB_DEVICE/App/usbd_desc.o
 .debug_ranges  0x00000000000009e8      0x108 ./USB_DEVICE/Target/usbd_conf.o

.debug_macro    0x0000000000000000    0x1966b
 .debug_macro   0x0000000000000000      0x412 ./Core/Src/main.o
 .debug_macro   0x0000000000000412      0xa6c ./Core/Src/main.o
 .debug_macro   0x0000000000000e7e      0x21b ./Core/Src/main.o
 .debug_macro   0x0000000000001099       0x2e ./Core/Src/main.o
 .debug_macro   0x00000000000010c7       0x22 ./Core/Src/main.o
 .debug_macro   0x00000000000010e9       0x22 ./Core/Src/main.o
 .debug_macro   0x000000000000110b       0x8e ./Core/Src/main.o
 .debug_macro   0x0000000000001199       0x51 ./Core/Src/main.o
 .debug_macro   0x00000000000011ea      0x103 ./Core/Src/main.o
 .debug_macro   0x00000000000012ed       0x6a ./Core/Src/main.o
 .debug_macro   0x0000000000001357      0x1df ./Core/Src/main.o
 .debug_macro   0x0000000000001536       0x1c ./Core/Src/main.o
 .debug_macro   0x0000000000001552       0x22 ./Core/Src/main.o
 .debug_macro   0x0000000000001574       0xbd ./Core/Src/main.o
 .debug_macro   0x0000000000001631      0xd23 ./Core/Src/main.o
 .debug_macro   0x0000000000002354     0xde75 ./Core/Src/main.o
 .debug_macro   0x00000000000101c9       0x6d ./Core/Src/main.o
 .debug_macro   0x0000000000010236     0x3468 ./Core/Src/main.o
 .debug_macro   0x000000000001369e      0x174 ./Core/Src/main.o
 .debug_macro   0x0000000000013812       0x5c ./Core/Src/main.o
 .debug_macro   0x000000000001386e      0x5be ./Core/Src/main.o
 .debug_macro   0x0000000000013e2c      0x1b7 ./Core/Src/main.o
 .debug_macro   0x0000000000013fe3      0x1cb ./Core/Src/main.o
 .debug_macro   0x00000000000141ae      0x114 ./Core/Src/main.o
 .debug_macro   0x00000000000142c2      0x1b2 ./Core/Src/main.o
 .debug_macro   0x0000000000014474       0x27 ./Core/Src/main.o
 .debug_macro   0x000000000001449b      0x12f ./Core/Src/main.o
 .debug_macro   0x00000000000145ca      0x1bc ./Core/Src/main.o
 .debug_macro   0x0000000000014786       0x34 ./Core/Src/main.o
 .debug_macro   0x00000000000147ba       0x3c ./Core/Src/main.o
 .debug_macro   0x00000000000147f6       0x57 ./Core/Src/main.o
 .debug_macro   0x000000000001484d       0x88 ./Core/Src/main.o
 .debug_macro   0x00000000000148d5      0x183 ./Core/Src/main.o
 .debug_macro   0x0000000000014a58      0x141 ./Core/Src/main.o
 .debug_macro   0x0000000000014b99      0x217 ./Core/Src/main.o
 .debug_macro   0x0000000000014db0       0x65 ./Core/Src/main.o
 .debug_macro   0x0000000000014e15      0x249 ./Core/Src/main.o
 .debug_macro   0x000000000001505e       0x69 ./Core/Src/main.o
 .debug_macro   0x00000000000150c7       0x52 ./Core/Src/main.o
 .debug_macro   0x0000000000015119       0x18 ./Core/Src/main.o
 .debug_macro   0x0000000000015131       0x3c ./Core/Src/main.o
 .debug_macro   0x000000000001516d       0x34 ./Core/Src/main.o
 .debug_macro   0x00000000000151a1       0x16 ./Core/Src/main.o
 .debug_macro   0x00000000000151b7       0x35 ./Core/Src/main.o
 .debug_macro   0x00000000000151ec      0x341 ./Core/Src/main.o
 .debug_macro   0x000000000001552d       0x10 ./Core/Src/main.o
 .debug_macro   0x000000000001553d       0x16 ./Core/Src/main.o
 .debug_macro   0x0000000000015553       0x43 ./Core/Src/main.o
 .debug_macro   0x0000000000015596       0x34 ./Core/Src/main.o
 .debug_macro   0x00000000000155ca       0x10 ./Core/Src/main.o
 .debug_macro   0x00000000000155da       0x58 ./Core/Src/main.o
 .debug_macro   0x0000000000015632       0x71 ./Core/Src/main.o
 .debug_macro   0x00000000000156a3       0x1c ./Core/Src/main.o
 .debug_macro   0x00000000000156bf      0x12a ./Core/Src/main.o
 .debug_macro   0x00000000000157e9       0x10 ./Core/Src/main.o
 .debug_macro   0x00000000000157f9       0x1c ./Core/Src/main.o
 .debug_macro   0x0000000000015815       0x52 ./Core/Src/main.o
 .debug_macro   0x0000000000015867       0x22 ./Core/Src/main.o
 .debug_macro   0x0000000000015889       0x10 ./Core/Src/main.o
 .debug_macro   0x0000000000015899       0x52 ./Core/Src/main.o
 .debug_macro   0x00000000000158eb       0xd5 ./Core/Src/main.o
 .debug_macro   0x00000000000159c0       0x1c ./Core/Src/main.o
 .debug_macro   0x00000000000159dc       0x3d ./Core/Src/main.o
 .debug_macro   0x0000000000015a19       0x16 ./Core/Src/main.o
 .debug_macro   0x0000000000015a2f      0x145 ./Core/Src/main.o
 .debug_macro   0x0000000000015b74       0x16 ./Core/Src/main.o
 .debug_macro   0x0000000000015b8a       0x16 ./Core/Src/main.o
 .debug_macro   0x0000000000015ba0       0x29 ./Core/Src/main.o
 .debug_macro   0x0000000000015bc9       0x16 ./Core/Src/main.o
 .debug_macro   0x0000000000015bdf       0x20 ./Core/Src/main.o
 .debug_macro   0x0000000000015bff       0x6c ./Core/Src/main.o
 .debug_macro   0x0000000000015c6b      0x1c8 ./Core/Src/main.o
 .debug_macro   0x0000000000015e33       0x16 ./Core/Src/main.o
 .debug_macro   0x0000000000015e49       0x65 ./Core/Src/main.o
 .debug_macro   0x0000000000015eae      0x1bb ./Core/Src/stm32f1xx_hal_msp.o
 .debug_macro   0x0000000000016069      0x1c5 ./Core/Src/stm32f1xx_it.o
 .debug_macro   0x000000000001622e      0x1b1 ./Core/Src/system_stm32f1xx.o
 .debug_macro   0x00000000000163df      0x1d5 ./Drivers/STM32F1xx_HAL_Driver/Src/stm32f1xx_hal.o
 .debug_macro   0x00000000000165b4      0x1b1 ./Drivers/STM32F1xx_HAL_Driver/Src/stm32f1xx_hal_cortex.o
 .debug_macro   0x0000000000016765      0x21c ./Drivers/STM32F1xx_HAL_Driver/Src/stm32f1xx_hal_gpio.o
 .debug_macro   0x0000000000016981      0x1bd ./Drivers/STM32F1xx_HAL_Driver/Src/stm32f1xx_hal_pcd.o
 .debug_macro   0x0000000000016b3e      0x1b1 ./Drivers/STM32F1xx_HAL_Driver/Src/stm32f1xx_hal_pcd_ex.o
 .debug_macro   0x0000000000016cef      0x1c3 ./Drivers/STM32F1xx_HAL_Driver/Src/stm32f1xx_hal_rcc.o
 .debug_macro   0x0000000000016eb2      0x1b1 ./Drivers/STM32F1xx_HAL_Driver/Src/stm32f1xx_hal_rcc_ex.o
 .debug_macro   0x0000000000017063      0x1b9 ./Drivers/STM32F1xx_HAL_Driver/Src/stm32f1xx_hal_spi.o
 .debug_macro   0x000000000001721c      0x1b1 ./Drivers/STM32F1xx_HAL_Driver/Src/stm32f1xx_ll_usb.o
 .debug_macro   0x00000000000173cd      0x3d1 ./Middlewares/ST/STM32_USB_Device_Library/Class/CustomHID/Src/usbd_customhid.o
 .debug_macro   0x000000000001779e       0x97 ./Middlewares/ST/STM32_USB_Device_Library/Class/CustomHID/Src/usbd_customhid.o
 .debug_macro   0x0000000000017835       0xfd ./Middlewares/ST/STM32_USB_Device_Library/Class/CustomHID/Src/usbd_customhid.o
 .debug_macro   0x0000000000017932       0x56 ./Middlewares/ST/STM32_USB_Device_Library/Class/CustomHID/Src/usbd_customhid.o
 .debug_macro   0x0000000000017988      0x3b8 ./Middlewares/ST/STM32_USB_Device_Library/Core/Src/usbd_core.o
 .debug_macro   0x0000000000017d40      0x1ce ./Middlewares/ST/STM32_USB_Device_Library/Core/Src/usbd_core.o
 .debug_macro   0x0000000000017f0e      0x3c2 ./Middlewares/ST/STM32_USB_Device_Library/Core/Src/usbd_ctlreq.o
 .debug_macro   0x00000000000182d0      0x3be ./Middlewares/ST/STM32_USB_Device_Library/Core/Src/usbd_ioreq.o
 .debug_macro   0x000000000001868e      0x3f8 ./USB_DEVICE/App/usb_device.o
 .debug_macro   0x0000000000018a86       0x22 ./USB_DEVICE/App/usb_device.o
 .debug_macro   0x0000000000018aa8      0x3d7 ./USB_DEVICE/App/usbd_custom_hid_if.o
 .debug_macro   0x0000000000018e7f      0x3f5 ./USB_DEVICE/App/usbd_desc.o
 .debug_macro   0x0000000000019274       0x1c ./USB_DEVICE/App/usbd_desc.o
 .debug_macro   0x0000000000019290      0x3db ./USB_DEVICE/Target/usbd_conf.o

.debug_line     0x0000000000000000     0xfbc8
 .debug_line    0x0000000000000000      0xcb6 ./Core/Src/main.o
 .debug_line    0x0000000000000cb6      0x6ce ./Core/Src/stm32f1xx_hal_msp.o
 .debug_line    0x0000000000001384      0x755 ./Core/Src/stm32f1xx_it.o
 .debug_line    0x0000000000001ad9      0x6f9 ./Core/Src/system_stm32f1xx.o
 .debug_line    0x00000000000021d2       0x87 ./Core/Startup/startup_stm32f103c6tx.o
 .debug_line    0x0000000000002259      0x926 ./Drivers/STM32F1xx_HAL_Driver/Src/stm32f1xx_hal.o
 .debug_line    0x0000000000002b7f      0xb0e ./Drivers/STM32F1xx_HAL_Driver/Src/stm32f1xx_hal_cortex.o
 .debug_line    0x000000000000368d      0x9a8 ./Drivers/STM32F1xx_HAL_Driver/Src/stm32f1xx_hal_gpio.o
 .debug_line    0x0000000000004035     0x1314 ./Drivers/STM32F1xx_HAL_Driver/Src/stm32f1xx_hal_pcd.o
 .debug_line    0x0000000000005349      0x6f4 ./Drivers/STM32F1xx_HAL_Driver/Src/stm32f1xx_hal_pcd_ex.o
 .debug_line    0x0000000000005a3d      0xd34 ./Drivers/STM32F1xx_HAL_Driver/Src/stm32f1xx_hal_rcc.o
 .debug_line    0x0000000000006771      0x872 ./Drivers/STM32F1xx_HAL_Driver/Src/stm32f1xx_hal_rcc_ex.o
 .debug_line    0x0000000000006fe3     0x1bab ./Drivers/STM32F1xx_HAL_Driver/Src/stm32f1xx_hal_spi.o
 .debug_line    0x0000000000008b8e     0x1059 ./Drivers/STM32F1xx_HAL_Driver/Src/stm32f1xx_ll_usb.o
 .debug_line    0x0000000000009be7      0xc59 ./Middlewares/ST/STM32_USB_Device_Library/Class/CustomHID/Src/usbd_customhid.o
 .debug_line    0x000000000000a840      0xd82 ./Middlewares/ST/STM32_USB_Device_Library/Core/Src/usbd_core.o
 .debug_line    0x000000000000b5c2      0xfa4 ./Middlewares/ST/STM32_USB_Device_Library/Core/Src/usbd_ctlreq.o
 .debug_line    0x000000000000c566      0xa18 ./Middlewares/ST/STM32_USB_Device_Library/Core/Src/usbd_ioreq.o
 .debug_line    0x000000000000cf7e      0x9eb ./USB_DEVICE/App/usb_device.o
 .debug_line    0x000000000000d969      0x9fb ./USB_DEVICE/App/usbd_custom_hid_if.o
 .debug_line    0x000000000000e364      0xaa1 ./USB_DEVICE/App/usbd_desc.o
 .debug_line    0x000000000000ee05      0xdc3 ./USB_DEVICE/Target/usbd_conf.o

.debug_str      0x0000000000000000    0x844ba
 .debug_str     0x0000000000000000    0x814b8 ./Core/Src/main.o
                                      0x81931 (size before relaxing)
 .debug_str     0x00000000000814b8       0xc5 ./Core/Src/stm32f1xx_hal_msp.o
                                      0x7c8ad (size before relaxing)
 .debug_str     0x000000000008157d      0x3cd ./Core/Src/stm32f1xx_it.o
                                      0x7c826 (size before relaxing)
 .debug_str     0x000000000008194a       0x7e ./Core/Src/system_stm32f1xx.o
                                      0x7c47d (size before relaxing)
 .debug_str     0x00000000000819c8       0x36 ./Core/Startup/startup_stm32f103c6tx.o
                                         0x6a (size before relaxing)
 .debug_str     0x00000000000819fe      0x5be ./Drivers/STM32F1xx_HAL_Driver/Src/stm32f1xx_hal.o
                                      0x7cb76 (size before relaxing)
 .debug_str     0x0000000000081fbc      0x293 ./Drivers/STM32F1xx_HAL_Driver/Src/stm32f1xx_hal_cortex.o
                                      0x7cac2 (size before relaxing)
 .debug_str     0x000000000008224f      0x322 ./Drivers/STM32F1xx_HAL_Driver/Src/stm32f1xx_hal_gpio.o
                                      0x7c803 (size before relaxing)
 .debug_str     0x0000000000082571      0x573 ./Drivers/STM32F1xx_HAL_Driver/Src/stm32f1xx_hal_pcd.o
                                      0x7cd55 (size before relaxing)
 .debug_str     0x0000000000082ae4      0x170 ./Drivers/STM32F1xx_HAL_Driver/Src/stm32f1xx_hal_pcd_ex.o
                                      0x7c8f1 (size before relaxing)
 .debug_str     0x0000000000082c54      0x229 ./Drivers/STM32F1xx_HAL_Driver/Src/stm32f1xx_hal_rcc.o
                                      0x7c8ac (size before relaxing)
 .debug_str     0x0000000000082e7d       0x9f ./Drivers/STM32F1xx_HAL_Driver/Src/stm32f1xx_hal_rcc_ex.o
                                      0x7c5fc (size before relaxing)
 .debug_str     0x0000000000082f1c      0x56b ./Drivers/STM32F1xx_HAL_Driver/Src/stm32f1xx_hal_spi.o
                                      0x7cda9 (size before relaxing)
 .debug_str     0x0000000000083487      0x129 ./Drivers/STM32F1xx_HAL_Driver/Src/stm32f1xx_ll_usb.o
                                      0x7c924 (size before relaxing)
 .debug_str     0x00000000000835b0      0x6e4 ./Middlewares/ST/STM32_USB_Device_Library/Class/CustomHID/Src/usbd_customhid.o
                                      0x8164d (size before relaxing)
 .debug_str     0x0000000000083c94      0x281 ./Middlewares/ST/STM32_USB_Device_Library/Core/Src/usbd_core.o
                                      0x8131f (size before relaxing)
 .debug_str     0x0000000000083f15      0x11b ./Middlewares/ST/STM32_USB_Device_Library/Core/Src/usbd_ctlreq.o
                                      0x81239 (size before relaxing)
 .debug_str     0x0000000000084030       0x67 ./Middlewares/ST/STM32_USB_Device_Library/Core/Src/usbd_ioreq.o
                                      0x81166 (size before relaxing)
 .debug_str     0x0000000000084097       0xc6 ./USB_DEVICE/App/usb_device.o
                                      0x8140e (size before relaxing)
 .debug_str     0x000000000008415d       0x89 ./USB_DEVICE/App/usbd_custom_hid_if.o
                                      0x8139a (size before relaxing)
 .debug_str     0x00000000000841e6      0x25c ./USB_DEVICE/App/usbd_desc.o
                                      0x810a6 (size before relaxing)
 .debug_str     0x0000000000084442       0x78 ./USB_DEVICE/Target/usbd_conf.o
                                      0x81e5c (size before relaxing)

.comment        0x0000000000000000       0x50
 .comment       0x0000000000000000       0x50 ./Core/Src/main.o
                                         0x51 (size before relaxing)
 .comment       0x0000000000000050       0x51 ./Core/Src/stm32f1xx_hal_msp.o
 .comment       0x0000000000000050       0x51 ./Core/Src/stm32f1xx_it.o
 .comment       0x0000000000000050       0x51 ./Core/Src/system_stm32f1xx.o
 .comment       0x0000000000000050       0x51 ./Drivers/STM32F1xx_HAL_Driver/Src/stm32f1xx_hal.o
 .comment       0x0000000000000050       0x51 ./Drivers/STM32F1xx_HAL_Driver/Src/stm32f1xx_hal_cortex.o
 .comment       0x0000000000000050       0x51 ./Drivers/STM32F1xx_HAL_Driver/Src/stm32f1xx_hal_gpio.o
 .comment       0x0000000000000050       0x51 ./Drivers/STM32F1xx_HAL_Driver/Src/stm32f1xx_hal_pcd.o
 .comment       0x0000000000000050       0x51 ./Drivers/STM32F1xx_HAL_Driver/Src/stm32f1xx_hal_pcd_ex.o
 .comment       0x0000000000000050       0x51 ./Drivers/STM32F1xx_HAL_Driver/Src/stm32f1xx_hal_rcc.o
 .comment       0x0000000000000050       0x51 ./Drivers/STM32F1xx_HAL_Driver/Src/stm32f1xx_hal_rcc_ex.o
 .comment       0x0000000000000050       0x51 ./Drivers/STM32F1xx_HAL_Driver/Src/stm32f1xx_hal_spi.o
 .comment       0x0000000000000050       0x51 ./Drivers/STM32F1xx_HAL_Driver/Src/stm32f1xx_ll_usb.o
 .comment       0x0000000000000050       0x51 ./Middlewares/ST/STM32_USB_Device_Library/Class/CustomHID/Src/usbd_customhid.o
 .comment       0x0000000000000050       0x51 ./Middlewares/ST/STM32_USB_Device_Library/Core/Src/usbd_core.o
 .comment       0x0000000000000050       0x51 ./Middlewares/ST/STM32_USB_Device_Library/Core/Src/usbd_ctlreq.o
 .comment       0x0000000000000050       0x51 ./Middlewares/ST/STM32_USB_Device_Library/Core/Src/usbd_ioreq.o
 .comment       0x0000000000000050       0x51 ./USB_DEVICE/App/usb_device.o
 .comment       0x0000000000000050       0x51 ./USB_DEVICE/App/usbd_custom_hid_if.o
 .comment       0x0000000000000050       0x51 ./USB_DEVICE/App/usbd_desc.o
 .comment       0x0000000000000050       0x51 ./USB_DEVICE/Target/usbd_conf.o

.debug_frame    0x0000000000000000     0x3050
 .debug_frame   0x0000000000000000      0x138 ./Core/Src/main.o
 .debug_frame   0x0000000000000138       0x80 ./Core/Src/stm32f1xx_hal_msp.o
 .debug_frame   0x00000000000001b8      0x120 ./Core/Src/stm32f1xx_it.o
 .debug_frame   0x00000000000002d8       0x58 ./Core/Src/system_stm32f1xx.o
 .debug_frame   0x0000000000000330      0x334 ./Drivers/STM32F1xx_HAL_Driver/Src/stm32f1xx_hal.o
 .debug_frame   0x0000000000000664      0x428 ./Drivers/STM32F1xx_HAL_Driver/Src/stm32f1xx_hal_cortex.o
 .debug_frame   0x0000000000000a8c      0x14c ./Drivers/STM32F1xx_HAL_Driver/Src/stm32f1xx_hal_gpio.o
 .debug_frame   0x0000000000000bd8      0x578 ./Drivers/STM32F1xx_HAL_Driver/Src/stm32f1xx_hal_pcd.o
 .debug_frame   0x0000000000001150       0xb0 ./Drivers/STM32F1xx_HAL_Driver/Src/stm32f1xx_hal_pcd_ex.o
 .debug_frame   0x0000000000001200      0x21c ./Drivers/STM32F1xx_HAL_Driver/Src/stm32f1xx_hal_rcc.o
 .debug_frame   0x000000000000141c       0x84 ./Drivers/STM32F1xx_HAL_Driver/Src/stm32f1xx_hal_rcc_ex.o
 .debug_frame   0x00000000000014a0      0x824 ./Drivers/STM32F1xx_HAL_Driver/Src/stm32f1xx_hal_spi.o
 .debug_frame   0x0000000000001cc4      0x450 ./Drivers/STM32F1xx_HAL_Driver/Src/stm32f1xx_ll_usb.o
 .debug_frame   0x0000000000002114      0x1d8 ./Middlewares/ST/STM32_USB_Device_Library/Class/CustomHID/Src/usbd_customhid.o
 .debug_frame   0x00000000000022ec      0x300 ./Middlewares/ST/STM32_USB_Device_Library/Core/Src/usbd_core.o
 .debug_frame   0x00000000000025ec      0x218 ./Middlewares/ST/STM32_USB_Device_Library/Core/Src/usbd_ctlreq.o
 .debug_frame   0x0000000000002804      0x10c ./Middlewares/ST/STM32_USB_Device_Library/Core/Src/usbd_ioreq.o
 .debug_frame   0x0000000000002910       0x2c ./USB_DEVICE/App/usb_device.o
 .debug_frame   0x000000000000293c       0x9c ./USB_DEVICE/App/usbd_custom_hid_if.o
 .debug_frame   0x00000000000029d8      0x160 ./USB_DEVICE/App/usbd_desc.o
 .debug_frame   0x0000000000002b38      0x4a4 ./USB_DEVICE/Target/usbd_conf.o
 .debug_frame   0x0000000000002fdc       0x2c d:/stm32cubeide_1.10.1/stm32cubeide/plugins/com.st.stm32cube.ide.mcu.externaltools.gnu-tools-for-stm32.10.3-2021.10.win32_1.0.0.202111181127/tools/bin/../lib/gcc/arm-none-eabi/10.3.1/../../../../arm-none-eabi/lib/thumb/v7-m/nofp\libc_nano.a(lib_a-init.o)
 .debug_frame   0x0000000000003008       0x28 d:/stm32cubeide_1.10.1/stm32cubeide/plugins/com.st.stm32cube.ide.mcu.externaltools.gnu-tools-for-stm32.10.3-2021.10.win32_1.0.0.202111181127/tools/bin/../lib/gcc/arm-none-eabi/10.3.1/../../../../arm-none-eabi/lib/thumb/v7-m/nofp\libc_nano.a(lib_a-memcpy-stub.o)
 .debug_frame   0x0000000000003030       0x20 d:/stm32cubeide_1.10.1/stm32cubeide/plugins/com.st.stm32cube.ide.mcu.externaltools.gnu-tools-for-stm32.10.3-2021.10.win32_1.0.0.202111181127/tools/bin/../lib/gcc/arm-none-eabi/10.3.1/../../../../arm-none-eabi/lib/thumb/v7-m/nofp\libc_nano.a(lib_a-memset.o)
